<html>
<body>
<pre>
<h1>µVision Build Log</h1>
<h2>Tool Versions:</h2>
IDE-Version: ¦ÌVision V5.39.0.0
Copyright (C) 2023 ARM Ltd and ARM Germany GmbH. All rights reserved.
License Information: 1 hx040803@outlook.com, 1, LIC=SDA0P-MQ42U-PCDJ8-32IZ9-RU7X9-7L4G3
 
Tool Versions:
Toolchain:       MDK-ARM Plus  Version: 5.39.0.0
Toolchain Path:  D:\keil5\ARM\ARM_Compiler_5.06u7\Bin
C Compiler:      Armcc.exe V5.06 update 7 (build 960)
Assembler:       Armasm.exe V5.06 update 7 (build 960)
Linker/Locator:  ArmLink.exe V5.06 update 7 (build 960)
Library Manager: ArmAr.exe V5.06 update 7 (build 960)
Hex Converter:   FromElf.exe V5.06 update 7 (build 960)
CPU DLL:         SARMCM3.DLL V5.39.0.0
Dialog DLL:      DCM.DLL V1.17.5.0
Target DLL:      STLink\ST-LINKIII-KEIL_SWO.dll V3.2.0.0
Dialog DLL:      TCM.DLL V1.56.4.0
 
<h2>Project:</h2>
D:\my_code\codehxxx_CAR 11\USER\CarV1.uvprojx
Project File Date:  06/24/2025

<h2>Output:</h2>
*** Using Compiler 'V5.06 update 7 (build 960)', folder: 'D:\keil5\ARM\ARM_Compiler_5.06u7\Bin'
Rebuild target 'Car_Demo'
compiling communication.c...
compiling barrier_gate.c...
compiling smart_street_light.c...
compiling smart_tft_display.c...
compiling all_module.c...
compiling rfid.c...
compiling special_landform.c...
compiling motor_drive.c...
compiling main.c...
compiling led_display.c...
compiling android.c...
compiling follow_car.c...
compiling smart_traffic_light.c...
compiling etc.c...
compiling mixture.c...
compiling Auto.c...
compiling infrared.c...
compiling ultrasonic.c...
compiling cba.c...
compiling usart.c...
compiling bh1750.c...
compiling power_check.c...
compiling uart_a72.c...
compiling uart_drv.c...
compiling sys.c...
compiling three_dim_carport.c...
compiling swopt_drv.c...
compiling tba.c...
compiling three_dim_display.c...
compiling smoke_tower.c...
compiling wireless_charge.c...
compiling xiaochuang.c...
compiling voice_report.c...
compiling rc522.c...
compiling bkrc_voice.c...
compiling delay.c...
compiling misc.c...
compiling Timer.c...
compiling stm32f4xx_adc.c...
compiling stm32f4xx_cec.c...
compiling stm32f4xx_crc.c...
compiling stm32f4xx_can.c...
compiling stm32f4xx_cryp.c...
compiling stm32f4xx_cryp_des.c...
compiling stm32f4xx_cryp_tdes.c...
compiling stm32f4xx_dbgmcu.c...
compiling stm32f4xx_dac.c...
compiling drive.c...
compiling stm32f4xx_cryp_aes.c...
compiling stm32f4xx_dcmi.c...
compiling stm32f4xx_dfsdm.c...
compiling stm32f4xx_dma.c...
compiling stm32f4xx_dsi.c...
compiling stm32f4xx_dma2d.c...
compiling stm32f4xx_exti.c...
compiling stm32f4xx_flash.c...
compiling stm32f4xx_flash_ramfunc.c...
compiling stm32f4xx_fmpi2c.c...
compiling stm32f4xx_gpio.c...
compiling stm32f4xx_hash.c...
compiling stm32f4xx_fsmc.c...
compiling stm32f4xx_hash_md5.c...
compiling stm32f4xx_iwdg.c...
compiling stm32f4xx_hash_sha1.c...
compiling stm32f4xx_lptim.c...
compiling stm32f4xx_i2c.c...
compiling stm32f4xx_ltdc.c...
compiling stm32f4xx_pwr.c...
compiling stm32f4xx_qspi.c...
assembling startup_stm32f40_41xxx.s...
compiling stm32f4xx_rcc.c...
compiling stm32f4xx_rng.c...
compiling stm32f4xx_sai.c...
compiling stm32f4xx_rtc.c...
compiling stm32f4xx_syscfg.c...
compiling stm32f4xx_spdifrx.c...
compiling stm32f4xx_sdio.c...
compiling stm32f4xx_spi.c...
compiling stm32f4xx_wwdg.c...
compiling fifo_drv.c...
compiling stm32f4xx_usart.c...
compiling stm32f4xx_tim.c...
compiling my_lib.c...
compiling system_stm32f4xx.c...
compiling data_base.c...
compiling data_filtering.c...
compiling can_drv.c...
compiling CanP_HostCom.c...
compiling roadway_check.c...
compiling Can_check.c...
compiling Hard_Can.c...
compiling can_user.c...
linking...
Program Size: Code=36712 RO-data=852 RW-data=6752 ZI-data=2408  
FromELF: creating hex file...
"..\OUTPUT\CarV1.7" - 0 Error(s), 0 Warning(s).

<h2>Software Packages used:</h2>

Package Vendor: Keil
                https://www.keil.com/pack/Keil.STM32F4xx_DFP.3.0.0.pack
                Keil::STM32F4xx_DFP@3.0.0
                STMicroelectronics STM32F4 Series Device Support

<h2>Collection of Component include folders:</h2>

<h2>Collection of Component Files used:</h2>
Build Time Elapsed:  00:00:09
</pre>
</body>
</html>
