<!doctype html public "-//w3c//dtd html 4.0 transitional//en">
<html><head>
<title>Static Call Graph - [..\OUTPUT\CarV1.7]</title></head>
<body><HR>
<H1>Static Call Graph for image ..\OUTPUT\CarV1.7</H1><HR>
<BR><P>#&#060CALLGRAPH&#062# ARM Linker, 5060960: Last Updated: Thu Jan 08 19:02:23 2026
<BR><P>
<H3>Maximum Stack Usage =        320 bytes + Unknown(Cycles, Untraceable Function Pointers)</H3><H3>
Call chain for Maximum Stack Depth:</H3>
main &rArr; xAuto_Run_Function &rArr; YT1_Handle_Card1_Data &rArr; parseCard1 &rArr; __0sscanf &rArr; __vfscanf_char &rArr; __vfscanf &rArr; _scanf_string
<P>
<H3>
Mutually Recursive functions
</H3> <LI><a href="#[4e]">NMI_Handler</a>&nbsp;&nbsp;&nbsp;&rArr;&nbsp;&nbsp;&nbsp;<a href="#[4e]">NMI_Handler</a><BR>
 <LI><a href="#[4f]">HardFault_Handler</a>&nbsp;&nbsp;&nbsp;&rArr;&nbsp;&nbsp;&nbsp;<a href="#[4f]">HardFault_Handler</a><BR>
 <LI><a href="#[50]">MemManage_Handler</a>&nbsp;&nbsp;&nbsp;&rArr;&nbsp;&nbsp;&nbsp;<a href="#[50]">MemManage_Handler</a><BR>
 <LI><a href="#[51]">BusFault_Handler</a>&nbsp;&nbsp;&nbsp;&rArr;&nbsp;&nbsp;&nbsp;<a href="#[51]">BusFault_Handler</a><BR>
 <LI><a href="#[52]">UsageFault_Handler</a>&nbsp;&nbsp;&nbsp;&rArr;&nbsp;&nbsp;&nbsp;<a href="#[52]">UsageFault_Handler</a><BR>
 <LI><a href="#[53]">SVC_Handler</a>&nbsp;&nbsp;&nbsp;&rArr;&nbsp;&nbsp;&nbsp;<a href="#[53]">SVC_Handler</a><BR>
 <LI><a href="#[54]">DebugMon_Handler</a>&nbsp;&nbsp;&nbsp;&rArr;&nbsp;&nbsp;&nbsp;<a href="#[54]">DebugMon_Handler</a><BR>
 <LI><a href="#[55]">PendSV_Handler</a>&nbsp;&nbsp;&nbsp;&rArr;&nbsp;&nbsp;&nbsp;<a href="#[55]">PendSV_Handler</a><BR>
 <LI><a href="#[56]">SysTick_Handler</a>&nbsp;&nbsp;&nbsp;&rArr;&nbsp;&nbsp;&nbsp;<a href="#[56]">SysTick_Handler</a><BR>
 <LI><a href="#[69]">ADC_IRQHandler</a>&nbsp;&nbsp;&nbsp;&rArr;&nbsp;&nbsp;&nbsp;<a href="#[69]">ADC_IRQHandler</a><BR>
</UL>
<P>
<H3>
Function Pointers
</H3><UL>
 <LI><a href="#[69]">ADC_IRQHandler</a> from startup_stm32f40_41xxx.o(.text) referenced from startup_stm32f40_41xxx.o(RESET)
 <LI><a href="#[51]">BusFault_Handler</a> from startup_stm32f40_41xxx.o(.text) referenced from startup_stm32f40_41xxx.o(RESET)
 <LI><a href="#[6b]">CAN1_RX0_IRQHandler</a> from startup_stm32f40_41xxx.o(.text) referenced from startup_stm32f40_41xxx.o(RESET)
 <LI><a href="#[6c]">CAN1_RX1_IRQHandler</a> from startup_stm32f40_41xxx.o(.text) referenced from startup_stm32f40_41xxx.o(RESET)
 <LI><a href="#[6d]">CAN1_SCE_IRQHandler</a> from startup_stm32f40_41xxx.o(.text) referenced from startup_stm32f40_41xxx.o(RESET)
 <LI><a href="#[6a]">CAN1_TX_IRQHandler</a> from startup_stm32f40_41xxx.o(.text) referenced from startup_stm32f40_41xxx.o(RESET)
 <LI><a href="#[97]">CAN2_RX0_IRQHandler</a> from startup_stm32f40_41xxx.o(.text) referenced from startup_stm32f40_41xxx.o(RESET)
 <LI><a href="#[98]">CAN2_RX1_IRQHandler</a> from startup_stm32f40_41xxx.o(.text) referenced from startup_stm32f40_41xxx.o(RESET)
 <LI><a href="#[99]">CAN2_SCE_IRQHandler</a> from startup_stm32f40_41xxx.o(.text) referenced from startup_stm32f40_41xxx.o(RESET)
 <LI><a href="#[96]">CAN2_TX_IRQHandler</a> from startup_stm32f40_41xxx.o(.text) referenced from startup_stm32f40_41xxx.o(RESET)
 <LI><a href="#[a6]">CRYP_IRQHandler</a> from startup_stm32f40_41xxx.o(.text) referenced from startup_stm32f40_41xxx.o(RESET)
 <LI><a href="#[a5]">DCMI_IRQHandler</a> from startup_stm32f40_41xxx.o(.text) referenced from startup_stm32f40_41xxx.o(RESET)
 <LI><a href="#[62]">DMA1_Stream0_IRQHandler</a> from startup_stm32f40_41xxx.o(.text) referenced from startup_stm32f40_41xxx.o(RESET)
 <LI><a href="#[63]">DMA1_Stream1_IRQHandler</a> from startup_stm32f40_41xxx.o(.text) referenced from startup_stm32f40_41xxx.o(RESET)
 <LI><a href="#[64]">DMA1_Stream2_IRQHandler</a> from startup_stm32f40_41xxx.o(.text) referenced from startup_stm32f40_41xxx.o(RESET)
 <LI><a href="#[65]">DMA1_Stream3_IRQHandler</a> from startup_stm32f40_41xxx.o(.text) referenced from startup_stm32f40_41xxx.o(RESET)
 <LI><a href="#[66]">DMA1_Stream4_IRQHandler</a> from startup_stm32f40_41xxx.o(.text) referenced from startup_stm32f40_41xxx.o(RESET)
 <LI><a href="#[67]">DMA1_Stream5_IRQHandler</a> from startup_stm32f40_41xxx.o(.text) referenced from startup_stm32f40_41xxx.o(RESET)
 <LI><a href="#[68]">DMA1_Stream6_IRQHandler</a> from startup_stm32f40_41xxx.o(.text) referenced from startup_stm32f40_41xxx.o(RESET)
 <LI><a href="#[86]">DMA1_Stream7_IRQHandler</a> from startup_stm32f40_41xxx.o(.text) referenced from startup_stm32f40_41xxx.o(RESET)
 <LI><a href="#[8f]">DMA2_Stream0_IRQHandler</a> from startup_stm32f40_41xxx.o(.text) referenced from startup_stm32f40_41xxx.o(RESET)
 <LI><a href="#[90]">DMA2_Stream1_IRQHandler</a> from startup_stm32f40_41xxx.o(.text) referenced from startup_stm32f40_41xxx.o(RESET)
 <LI><a href="#[91]">DMA2_Stream2_IRQHandler</a> from startup_stm32f40_41xxx.o(.text) referenced from startup_stm32f40_41xxx.o(RESET)
 <LI><a href="#[92]">DMA2_Stream3_IRQHandler</a> from startup_stm32f40_41xxx.o(.text) referenced from startup_stm32f40_41xxx.o(RESET)
 <LI><a href="#[93]">DMA2_Stream4_IRQHandler</a> from startup_stm32f40_41xxx.o(.text) referenced from startup_stm32f40_41xxx.o(RESET)
 <LI><a href="#[9b]">DMA2_Stream5_IRQHandler</a> from startup_stm32f40_41xxx.o(.text) referenced from startup_stm32f40_41xxx.o(RESET)
 <LI><a href="#[9c]">DMA2_Stream6_IRQHandler</a> from startup_stm32f40_41xxx.o(.text) referenced from startup_stm32f40_41xxx.o(RESET)
 <LI><a href="#[9d]">DMA2_Stream7_IRQHandler</a> from startup_stm32f40_41xxx.o(.text) referenced from startup_stm32f40_41xxx.o(RESET)
 <LI><a href="#[54]">DebugMon_Handler</a> from startup_stm32f40_41xxx.o(.text) referenced from startup_stm32f40_41xxx.o(RESET)
 <LI><a href="#[94]">ETH_IRQHandler</a> from startup_stm32f40_41xxx.o(.text) referenced from startup_stm32f40_41xxx.o(RESET)
 <LI><a href="#[95]">ETH_WKUP_IRQHandler</a> from startup_stm32f40_41xxx.o(.text) referenced from startup_stm32f40_41xxx.o(RESET)
 <LI><a href="#[5d]">EXTI0_IRQHandler</a> from startup_stm32f40_41xxx.o(.text) referenced from startup_stm32f40_41xxx.o(RESET)
 <LI><a href="#[7f]">EXTI15_10_IRQHandler</a> from startup_stm32f40_41xxx.o(.text) referenced from startup_stm32f40_41xxx.o(RESET)
 <LI><a href="#[5e]">EXTI1_IRQHandler</a> from startup_stm32f40_41xxx.o(.text) referenced from startup_stm32f40_41xxx.o(RESET)
 <LI><a href="#[5f]">EXTI2_IRQHandler</a> from startup_stm32f40_41xxx.o(.text) referenced from startup_stm32f40_41xxx.o(RESET)
 <LI><a href="#[60]">EXTI3_IRQHandler</a> from startup_stm32f40_41xxx.o(.text) referenced from startup_stm32f40_41xxx.o(RESET)
 <LI><a href="#[61]">EXTI4_IRQHandler</a> from ultrasonic.o(i.EXTI4_IRQHandler) referenced from startup_stm32f40_41xxx.o(RESET)
 <LI><a href="#[6e]">EXTI9_5_IRQHandler</a> from startup_stm32f40_41xxx.o(.text) referenced from startup_stm32f40_41xxx.o(RESET)
 <LI><a href="#[5b]">FLASH_IRQHandler</a> from startup_stm32f40_41xxx.o(.text) referenced from startup_stm32f40_41xxx.o(RESET)
 <LI><a href="#[a8]">FPU_IRQHandler</a> from startup_stm32f40_41xxx.o(.text) referenced from startup_stm32f40_41xxx.o(RESET)
 <LI><a href="#[87]">FSMC_IRQHandler</a> from startup_stm32f40_41xxx.o(.text) referenced from startup_stm32f40_41xxx.o(RESET)
 <LI><a href="#[a7]">HASH_RNG_IRQHandler</a> from startup_stm32f40_41xxx.o(.text) referenced from startup_stm32f40_41xxx.o(RESET)
 <LI><a href="#[4f]">HardFault_Handler</a> from startup_stm32f40_41xxx.o(.text) referenced from startup_stm32f40_41xxx.o(RESET)
 <LI><a href="#[77]">I2C1_ER_IRQHandler</a> from startup_stm32f40_41xxx.o(.text) referenced from startup_stm32f40_41xxx.o(RESET)
 <LI><a href="#[76]">I2C1_EV_IRQHandler</a> from startup_stm32f40_41xxx.o(.text) referenced from startup_stm32f40_41xxx.o(RESET)
 <LI><a href="#[79]">I2C2_ER_IRQHandler</a> from startup_stm32f40_41xxx.o(.text) referenced from startup_stm32f40_41xxx.o(RESET)
 <LI><a href="#[78]">I2C2_EV_IRQHandler</a> from startup_stm32f40_41xxx.o(.text) referenced from startup_stm32f40_41xxx.o(RESET)
 <LI><a href="#[a0]">I2C3_ER_IRQHandler</a> from startup_stm32f40_41xxx.o(.text) referenced from startup_stm32f40_41xxx.o(RESET)
 <LI><a href="#[9f]">I2C3_EV_IRQHandler</a> from startup_stm32f40_41xxx.o(.text) referenced from startup_stm32f40_41xxx.o(RESET)
 <LI><a href="#[50]">MemManage_Handler</a> from startup_stm32f40_41xxx.o(.text) referenced from startup_stm32f40_41xxx.o(RESET)
 <LI><a href="#[4e]">NMI_Handler</a> from startup_stm32f40_41xxx.o(.text) referenced from startup_stm32f40_41xxx.o(RESET)
 <LI><a href="#[9a]">OTG_FS_IRQHandler</a> from startup_stm32f40_41xxx.o(.text) referenced from startup_stm32f40_41xxx.o(RESET)
 <LI><a href="#[81]">OTG_FS_WKUP_IRQHandler</a> from startup_stm32f40_41xxx.o(.text) referenced from startup_stm32f40_41xxx.o(RESET)
 <LI><a href="#[a2]">OTG_HS_EP1_IN_IRQHandler</a> from startup_stm32f40_41xxx.o(.text) referenced from startup_stm32f40_41xxx.o(RESET)
 <LI><a href="#[a1]">OTG_HS_EP1_OUT_IRQHandler</a> from startup_stm32f40_41xxx.o(.text) referenced from startup_stm32f40_41xxx.o(RESET)
 <LI><a href="#[a4]">OTG_HS_IRQHandler</a> from startup_stm32f40_41xxx.o(.text) referenced from startup_stm32f40_41xxx.o(RESET)
 <LI><a href="#[a3]">OTG_HS_WKUP_IRQHandler</a> from startup_stm32f40_41xxx.o(.text) referenced from startup_stm32f40_41xxx.o(RESET)
 <LI><a href="#[58]">PVD_IRQHandler</a> from startup_stm32f40_41xxx.o(.text) referenced from startup_stm32f40_41xxx.o(RESET)
 <LI><a href="#[55]">PendSV_Handler</a> from startup_stm32f40_41xxx.o(.text) referenced from startup_stm32f40_41xxx.o(RESET)
 <LI><a href="#[5c]">RCC_IRQHandler</a> from startup_stm32f40_41xxx.o(.text) referenced from startup_stm32f40_41xxx.o(RESET)
 <LI><a href="#[80]">RTC_Alarm_IRQHandler</a> from startup_stm32f40_41xxx.o(.text) referenced from startup_stm32f40_41xxx.o(RESET)
 <LI><a href="#[5a]">RTC_WKUP_IRQHandler</a> from startup_stm32f40_41xxx.o(.text) referenced from startup_stm32f40_41xxx.o(RESET)
 <LI><a href="#[4d]">Reset_Handler</a> from startup_stm32f40_41xxx.o(.text) referenced from startup_stm32f40_41xxx.o(RESET)
 <LI><a href="#[88]">SDIO_IRQHandler</a> from startup_stm32f40_41xxx.o(.text) referenced from startup_stm32f40_41xxx.o(RESET)
 <LI><a href="#[7a]">SPI1_IRQHandler</a> from startup_stm32f40_41xxx.o(.text) referenced from startup_stm32f40_41xxx.o(RESET)
 <LI><a href="#[7b]">SPI2_IRQHandler</a> from startup_stm32f40_41xxx.o(.text) referenced from startup_stm32f40_41xxx.o(RESET)
 <LI><a href="#[8a]">SPI3_IRQHandler</a> from startup_stm32f40_41xxx.o(.text) referenced from startup_stm32f40_41xxx.o(RESET)
 <LI><a href="#[53]">SVC_Handler</a> from startup_stm32f40_41xxx.o(.text) referenced from startup_stm32f40_41xxx.o(RESET)
 <LI><a href="#[56]">SysTick_Handler</a> from startup_stm32f40_41xxx.o(.text) referenced from startup_stm32f40_41xxx.o(RESET)
 <LI><a href="#[aa]">SystemInit</a> from system_stm32f4xx.o(i.SystemInit) referenced from startup_stm32f40_41xxx.o(.text)
 <LI><a href="#[59]">TAMP_STAMP_IRQHandler</a> from startup_stm32f40_41xxx.o(.text) referenced from startup_stm32f40_41xxx.o(RESET)
 <LI><a href="#[6f]">TIM1_BRK_TIM9_IRQHandler</a> from roadway_check.o(i.TIM1_BRK_TIM9_IRQHandler) referenced from startup_stm32f40_41xxx.o(RESET)
 <LI><a href="#[72]">TIM1_CC_IRQHandler</a> from startup_stm32f40_41xxx.o(.text) referenced from startup_stm32f40_41xxx.o(RESET)
 <LI><a href="#[71]">TIM1_TRG_COM_TIM11_IRQHandler</a> from startup_stm32f40_41xxx.o(.text) referenced from startup_stm32f40_41xxx.o(RESET)
 <LI><a href="#[70]">TIM1_UP_TIM10_IRQHandler</a> from timer.o(i.TIM1_UP_TIM10_IRQHandler) referenced from startup_stm32f40_41xxx.o(RESET)
 <LI><a href="#[73]">TIM2_IRQHandler</a> from mixture.o(i.TIM2_IRQHandler) referenced from startup_stm32f40_41xxx.o(RESET)
 <LI><a href="#[74]">TIM3_IRQHandler</a> from mixture.o(i.TIM3_IRQHandler) referenced from startup_stm32f40_41xxx.o(RESET)
 <LI><a href="#[75]">TIM4_IRQHandler</a> from startup_stm32f40_41xxx.o(.text) referenced from startup_stm32f40_41xxx.o(RESET)
 <LI><a href="#[89]">TIM5_IRQHandler</a> from startup_stm32f40_41xxx.o(.text) referenced from startup_stm32f40_41xxx.o(RESET)
 <LI><a href="#[8d]">TIM6_DAC_IRQHandler</a> from ultrasonic.o(i.TIM6_DAC_IRQHandler) referenced from startup_stm32f40_41xxx.o(RESET)
 <LI><a href="#[8e]">TIM7_IRQHandler</a> from can_check.o(i.TIM7_IRQHandler) referenced from startup_stm32f40_41xxx.o(RESET)
 <LI><a href="#[82]">TIM8_BRK_TIM12_IRQHandler</a> from startup_stm32f40_41xxx.o(.text) referenced from startup_stm32f40_41xxx.o(RESET)
 <LI><a href="#[85]">TIM8_CC_IRQHandler</a> from startup_stm32f40_41xxx.o(.text) referenced from startup_stm32f40_41xxx.o(RESET)
 <LI><a href="#[84]">TIM8_TRG_COM_TIM14_IRQHandler</a> from startup_stm32f40_41xxx.o(.text) referenced from startup_stm32f40_41xxx.o(RESET)
 <LI><a href="#[83]">TIM8_UP_TIM13_IRQHandler</a> from startup_stm32f40_41xxx.o(.text) referenced from startup_stm32f40_41xxx.o(RESET)
 <LI><a href="#[8b]">UART4_IRQHandler</a> from uart_a72.o(i.UART4_IRQHandler) referenced from startup_stm32f40_41xxx.o(RESET)
 <LI><a href="#[8c]">UART5_IRQHandler</a> from startup_stm32f40_41xxx.o(.text) referenced from startup_stm32f40_41xxx.o(RESET)
 <LI><a href="#[7c]">USART1_IRQHandler</a> from usart.o(i.USART1_IRQHandler) referenced from startup_stm32f40_41xxx.o(RESET)
 <LI><a href="#[7d]">USART2_IRQHandler</a> from uart_a72.o(i.USART2_IRQHandler) referenced from startup_stm32f40_41xxx.o(RESET)
 <LI><a href="#[7e]">USART3_IRQHandler</a> from startup_stm32f40_41xxx.o(.text) referenced from startup_stm32f40_41xxx.o(RESET)
 <LI><a href="#[9e]">USART6_IRQHandler</a> from bkrc_voice.o(i.USART6_IRQHandler) referenced from startup_stm32f40_41xxx.o(RESET)
 <LI><a href="#[52]">UsageFault_Handler</a> from startup_stm32f40_41xxx.o(.text) referenced from startup_stm32f40_41xxx.o(RESET)
 <LI><a href="#[57]">WWDG_IRQHandler</a> from startup_stm32f40_41xxx.o(.text) referenced from startup_stm32f40_41xxx.o(RESET)
 <LI><a href="#[e]">XSend_Licence_To_fromcar</a> from follow_car.o(i.XSend_Licence_To_fromcar) referenced 2 times from follow_car.o(.data)
 <LI><a href="#[f]">XSend_Licence_To_fromcar1</a> from follow_car.o(i.XSend_Licence_To_fromcar1) referenced 2 times from follow_car.o(.data)
 <LI><a href="#[10]">XSend_Text_To_fromcar</a> from follow_car.o(i.XSend_Text_To_fromcar) referenced 2 times from follow_car.o(.data)
 <LI><a href="#[d]">XSend_dis_To_fromcar</a> from follow_car.o(i.XSend_dis_To_fromcar) referenced 2 times from follow_car.o(.data)
 <LI><a href="#[c]">XSend_temperature_To_fromcar</a> from follow_car.o(i.XSend_temperature_To_fromcar) referenced 2 times from follow_car.o(.data)
 <LI><a href="#[ab]">__main</a> from entry.o(.ARM.Collect$$$$00000000) referenced from startup_stm32f40_41xxx.o(.text)
 <LI><a href="#[ad]">_sbackspace</a> from _sgetc.o(.text) referenced from __0sscanf.o(.text)
 <LI><a href="#[ae]">_scanf_char_input</a> from scanf_char.o(.text) referenced from scanf_char.o(.text)
 <LI><a href="#[ac]">_sgetc</a> from _sgetc.o(.text) referenced from __0sscanf.o(.text)
 <LI><a href="#[b0]">_sputc</a> from printfa.o(i._sputc) referenced from printfa.o(i.__0sprintf)
 <LI><a href="#[af]">isspace</a> from isspace_o.o(.text) referenced from scanf_char.o(.text)
 <LI><a href="#[a9]">main</a> from main.o(i.main) referenced from entry9a.o(.ARM.Collect$$$$0000000B)
 <LI><a href="#[1d]">xBarrier_Ack_State</a> from barrier_gate.o(i.xBarrier_Ack_State) referenced 2 times from barrier_gate.o(.data)
 <LI><a href="#[20]">xBarrier_Licence_Tx</a> from barrier_gate.o(i.xBarrier_Licence_Tx) referenced 2 times from barrier_gate.o(.data)
 <LI><a href="#[1e]">xBarrier_Open_Close</a> from barrier_gate.o(i.xBarrier_Open_Close) referenced 2 times from barrier_gate.o(.data)
 <LI><a href="#[1f]">xBarrier_Up_Dowm</a> from barrier_gate.o(i.xBarrier_Up_Dowm) referenced 2 times from barrier_gate.o(.data)
 <LI><a href="#[8]">xBubble_Sort</a> from mixture.o(i.xBubble_Sort) referenced 2 times from mixture.o(.data)
 <LI><a href="#[15]">xCAR_Back</a> from motor_drive.o(i.xCAR_Back) referenced 2 times from motor_drive.o(.data)
 <LI><a href="#[14]">xCAR_Go</a> from motor_drive.o(i.xCAR_Go) referenced 2 times from motor_drive.o(.data)
 <LI><a href="#[5]">xCAR_KeyRun_Function</a> from mixture.o(i.xCAR_KeyRun_Function) referenced 2 times from mixture.o(.data)
 <LI><a href="#[19]">xCAR_L45</a> from motor_drive.o(i.xCAR_L45) referenced 2 times from motor_drive.o(.data)
 <LI><a href="#[17]">xCAR_L90</a> from motor_drive.o(i.xCAR_L90) referenced 2 times from motor_drive.o(.data)
 <LI><a href="#[1a]">xCAR_R45</a> from motor_drive.o(i.xCAR_R45) referenced 2 times from motor_drive.o(.data)
 <LI><a href="#[18]">xCAR_R90</a> from motor_drive.o(i.xCAR_R90) referenced 2 times from motor_drive.o(.data)
 <LI><a href="#[12]">xCAR_Track</a> from motor_drive.o(i.xCAR_Track) referenced 2 times from motor_drive.o(.data)
 <LI><a href="#[1b]">xCAR_Track_Correct_White</a> from motor_drive.o(i.xCAR_Track_Correct_White) referenced 2 times from motor_drive.o(.data)
 <LI><a href="#[16]">xCAR_Track_Go</a> from motor_drive.o(i.xCAR_Track_Go) referenced 2 times from motor_drive.o(.data)
 <LI><a href="#[13]">xCAR_Track_Time</a> from motor_drive.o(i.xCAR_Track_Time) referenced 2 times from motor_drive.o(.data)
 <LI><a href="#[1c]">xCAR_Track_White</a> from motor_drive.o(i.xCAR_Track_White) referenced 2 times from motor_drive.o(.data)
 <LI><a href="#[39]">xCarPort_Ack_Infrared_State</a> from three_dim_carport.o(i.xCarPort_Ack_Infrared_State) referenced 2 times from three_dim_carport.o(.data)
 <LI><a href="#[38]">xCarPort_Ack_State</a> from three_dim_carport.o(i.xCarPort_Ack_State) referenced 2 times from three_dim_carport.o(.data)
 <LI><a href="#[3c]">xCarPort_CarBack_Into</a> from three_dim_carport.o(i.xCarPort_CarBack_Into) referenced 2 times from three_dim_carport.o(.data)
 <LI><a href="#[3b]">xCarPort_Control_Arrive_Delay</a> from three_dim_carport.o(i.xCarPort_Control_Arrive_Delay) referenced 2 times from three_dim_carport.o(.data)
 <LI><a href="#[3a]">xCarPort_Control_Arrive_Level</a> from three_dim_carport.o(i.xCarPort_Control_Arrive_Level) referenced 2 times from three_dim_carport.o(.data)
 <LI><a href="#[21]">xETC_Init_Angle_Adjust</a> from etc.o(i.xETC_Init_Angle_Adjust) referenced 2 times from etc.o(.data)
 <LI><a href="#[22]">xETC_Pass</a> from etc.o(i.xETC_Pass) referenced 2 times from etc.o(.data)
 <LI><a href="#[23]">xETC_Pass_RFID</a> from etc.o(i.xETC_Pass_RFID) referenced 2 times from etc.o(.data)
 <LI><a href="#[1]">xGet_CheckSum</a> from mixture.o(i.xGet_CheckSum) referenced 2 times from mixture.o(.data)
 <LI><a href="#[2]">xKey_Read</a> from mixture.o(i.xKey_Read) referenced 2 times from mixture.o(.data)
 <LI><a href="#[24]">xLED_Display_Data</a> from led_display.o(i.xLED_Display_Data) referenced 2 times from led_display.o(.data)
 <LI><a href="#[26]">xLED_Display_Distance</a> from led_display.o(i.xLED_Display_Distance) referenced 2 times from led_display.o(.data)
 <LI><a href="#[25]">xLED_Display_Time</a> from led_display.o(i.xLED_Display_Time) referenced 2 times from led_display.o(.data)
 <LI><a href="#[11]">xMainCar_Send_Android</a> from android.o(i.xMainCar_Send_Android) referenced 2 times from android.o(.data)
 <LI><a href="#[7]">xMixture_Debug_Data</a> from mixture.o(i.xMixture_Debug_Data) referenced 2 times from mixture.o(.data)
 <LI><a href="#[6]">xMixture_Zigbe_RecceiveError_Handler</a> from mixture.o(i.xMixture_Zigbe_RecceiveError_Handler) referenced 2 times from mixture.o(.data)
 <LI><a href="#[2b]">xRFID_Read</a> from rfid.o(i.xRFID_Read) referenced 2 times from rfid.o(.data)
 <LI><a href="#[27]">xRFID_Track_Read</a> from rfid.o(i.xRFID_Track_Read) referenced 2 times from rfid.o(.data)
 <LI><a href="#[28]">xRFID_Track_Read_L</a> from rfid.o(i.xRFID_Track_Read_L) referenced 2 times from rfid.o(.data)
 <LI><a href="#[29]">xRFID_Track_Write</a> from rfid.o(i.xRFID_Track_Write) referenced 2 times from rfid.o(.data)
 <LI><a href="#[2a]">xRFID_Write</a> from rfid.o(i.xRFID_Write) referenced 2 times from rfid.o(.data)
 <LI><a href="#[a]">xSend_Command_TO_FollowCar</a> from follow_car.o(i.xSend_Command_TO_FollowCar) referenced 2 times from follow_car.o(.data)
 <LI><a href="#[4a]">xSend_Command_To_XiaoChuang</a> from xiaochuang.o(i.xSend_Command_To_XiaoChuang) referenced 2 times from xiaochuang.o(.data)
 <LI><a href="#[49]">xSend_To_XiaoChuang_Rouse</a> from xiaochuang.o(i.xSend_To_XiaoChuang_Rouse) referenced 2 times from xiaochuang.o(.data)
 <LI><a href="#[2e]">xSmart_Light_Add_Level</a> from smart_street_light.o(i.xSmart_Light_Add_Level) referenced 2 times from smart_street_light.o(.data)
 <LI><a href="#[2d]">xSmart_Light_Appoint_Level</a> from smart_street_light.o(i.xSmart_Light_Appoint_Level) referenced 2 times from smart_street_light.o(.data)
 <LI><a href="#[2c]">xSmart_Light_Get_Init_Level</a> from smart_street_light.o(i.xSmart_Light_Get_Init_Level) referenced 2 times from smart_street_light.o(.data)
 <LI><a href="#[34]">xSmart_TFT_Distance_Diaplay</a> from smart_tft_display.o(i.xSmart_TFT_Distance_Diaplay) referenced 2 times from smart_tft_display.o(.data)
 <LI><a href="#[33]">xSmart_TFT_Hex_Diaplay</a> from smart_tft_display.o(i.xSmart_TFT_Hex_Diaplay) referenced 2 times from smart_tft_display.o(.data)
 <LI><a href="#[2f]">xSmart_TFT_Image_Display</a> from smart_tft_display.o(i.xSmart_TFT_Image_Display) referenced 2 times from smart_tft_display.o(.data)
 <LI><a href="#[30]">xSmart_TFT_Image_Up_Dowm_Auto</a> from smart_tft_display.o(i.xSmart_TFT_Image_Up_Dowm_Auto) referenced 2 times from smart_tft_display.o(.data)
 <LI><a href="#[31]">xSmart_TFT_Licence_Display</a> from smart_tft_display.o(i.xSmart_TFT_Licence_Display) referenced 2 times from smart_tft_display.o(.data)
 <LI><a href="#[32]">xSmart_TFT_Time_Diaplay</a> from smart_tft_display.o(i.xSmart_TFT_Time_Diaplay) referenced 2 times from smart_tft_display.o(.data)
 <LI><a href="#[35]">xSmart_TFT_Traffic_Flag_Diaplay</a> from smart_tft_display.o(i.xSmart_TFT_Traffic_Flag_Diaplay) referenced 2 times from smart_tft_display.o(.data)
 <LI><a href="#[36]">xSmart_Traffic_Ask_State</a> from smart_traffic_light.o(i.xSmart_Traffic_Ask_State) referenced 2 times from smart_traffic_light.o(.data)
 <LI><a href="#[37]">xSmart_Traffic_Colour_Recognition</a> from smart_traffic_light.o(i.xSmart_Traffic_Colour_Recognition) referenced 2 times from smart_traffic_light.o(.data)
 <LI><a href="#[b]">xStart_Command_To_FollowCar</a> from follow_car.o(i.xStart_Command_To_FollowCar) referenced 2 times from follow_car.o(.data)
 <LI><a href="#[3]">xTIM2_Init</a> from mixture.o(i.xTIM2_Init) referenced 2 times from mixture.o(.data)
 <LI><a href="#[4]">xTIM3_Init</a> from mixture.o(i.xTIM3_Init) referenced 2 times from mixture.o(.data)
 <LI><a href="#[9]">xTba_Both_Led</a> from mixture.o(i.xTba_Both_Led) referenced 2 times from mixture.o(.data)
 <LI><a href="#[3d]">xVoice_Report_Appoint_Command</a> from voice_report.o(i.xVoice_Report_Appoint_Command) referenced 2 times from voice_report.o(.data)
 <LI><a href="#[46]">xVoice_Report_Complex_Control</a> from voice_report.o(i.xVoice_Report_Complex_Control) referenced 2 times from voice_report.o(.data)
 <LI><a href="#[41]">xVoice_Report_InquireRTC_Current_Date</a> from voice_report.o(i.xVoice_Report_InquireRTC_Current_Date) referenced 2 times from voice_report.o(.data)
 <LI><a href="#[42]">xVoice_Report_InquireRTC_Current_Time</a> from voice_report.o(i.xVoice_Report_InquireRTC_Current_Time) referenced 2 times from voice_report.o(.data)
 <LI><a href="#[44]">xVoice_Report_Inquire_Weather_Temperatur</a> from voice_report.o(i.xVoice_Report_Inquire_Weather_Temperatur) referenced 2 times from voice_report.o(.data)
 <LI><a href="#[3e]">xVoice_Report_Random_Command</a> from voice_report.o(i.xVoice_Report_Random_Command) referenced 2 times from voice_report.o(.data)
 <LI><a href="#[3f]">xVoice_Report_SetRTC_Start_Date</a> from voice_report.o(i.xVoice_Report_SetRTC_Start_Date) referenced 2 times from voice_report.o(.data)
 <LI><a href="#[40]">xVoice_Report_SetRTC_Start_Time</a> from voice_report.o(i.xVoice_Report_SetRTC_Start_Time) referenced 2 times from voice_report.o(.data)
 <LI><a href="#[45]">xVoice_Report_Set_Complex_Command</a> from voice_report.o(i.xVoice_Report_Set_Complex_Command) referenced 2 times from voice_report.o(.data)
 <LI><a href="#[43]">xVoice_Report_Set_Weather_Temperatur</a> from voice_report.o(i.xVoice_Report_Set_Weather_Temperatur) referenced 2 times from voice_report.o(.data)
 <LI><a href="#[47]">xVoice_Report_Speak_Weather</a> from voice_report.o(i.xVoice_Report_Speak_Weather) referenced 2 times from voice_report.o(.data)
 <LI><a href="#[48]">xVoice_Report_Speak_temperature</a> from voice_report.o(i.xVoice_Report_Speak_temperature) referenced 2 times from voice_report.o(.data)
 <LI><a href="#[4b]">xXiaoChuang_Analyze_Rx_Command</a> from xiaochuang.o(i.xXiaoChuang_Analyze_Rx_Command) referenced 2 times from xiaochuang.o(.data)
 <LI><a href="#[4c]">xZiDongPingFen_Upload_VoiceCode</a> from xiaochuang.o(i.xZiDongPingFen_Upload_VoiceCode) referenced 2 times from xiaochuang.o(.data)
</UL>
<P>
<H3>
Global Symbols
</H3>
<P><STRONG><a name="[ab]"></a>__main</STRONG> (Thumb, 0 bytes, Stack size unknown bytes, entry.o(.ARM.Collect$$$$00000000))
<BR>[Address Reference Count : 1]<UL><LI> startup_stm32f40_41xxx.o(.text)
</UL>
<P><STRONG><a name="[196]"></a>_main_stk</STRONG> (Thumb, 0 bytes, Stack size unknown bytes, entry2.o(.ARM.Collect$$$$00000001))

<P><STRONG><a name="[b1]"></a>_main_scatterload</STRONG> (Thumb, 0 bytes, Stack size unknown bytes, entry5.o(.ARM.Collect$$$$00000004))
<BR><BR>[Calls]<UL><LI><a href="#[b2]">&gt;&gt;</a>&nbsp;&nbsp;&nbsp;__scatterload
</UL>

<P><STRONG><a name="[cd]"></a>__main_after_scatterload</STRONG> (Thumb, 0 bytes, Stack size unknown bytes, entry5.o(.ARM.Collect$$$$00000004))
<BR><BR>[Called By]<UL><LI><a href="#[b2]">&gt;&gt;</a>&nbsp;&nbsp;&nbsp;__scatterload
</UL>

<P><STRONG><a name="[197]"></a>_main_clock</STRONG> (Thumb, 0 bytes, Stack size unknown bytes, entry7b.o(.ARM.Collect$$$$00000008))

<P><STRONG><a name="[198]"></a>_main_cpp_init</STRONG> (Thumb, 0 bytes, Stack size unknown bytes, entry8b.o(.ARM.Collect$$$$0000000A))

<P><STRONG><a name="[199]"></a>_main_init</STRONG> (Thumb, 0 bytes, Stack size unknown bytes, entry9a.o(.ARM.Collect$$$$0000000B))

<P><STRONG><a name="[19a]"></a>__rt_lib_shutdown_fini</STRONG> (Thumb, 0 bytes, Stack size unknown bytes, entry12b.o(.ARM.Collect$$$$0000000E))

<P><STRONG><a name="[19b]"></a>__rt_final_cpp</STRONG> (Thumb, 0 bytes, Stack size unknown bytes, entry10a.o(.ARM.Collect$$$$0000000F))

<P><STRONG><a name="[19c]"></a>__rt_final_exit</STRONG> (Thumb, 0 bytes, Stack size unknown bytes, entry11a.o(.ARM.Collect$$$$00000011))

<P><STRONG><a name="[4d]"></a>Reset_Handler</STRONG> (Thumb, 8 bytes, Stack size 0 bytes, startup_stm32f40_41xxx.o(.text))
<BR>[Address Reference Count : 1]<UL><LI> startup_stm32f40_41xxx.o(RESET)
</UL>
<P><STRONG><a name="[4e]"></a>NMI_Handler</STRONG> (Thumb, 2 bytes, Stack size 0 bytes, startup_stm32f40_41xxx.o(.text))
<BR><BR>[Calls]<UL><LI><a href="#[4e]">&gt;&gt;</a>&nbsp;&nbsp;&nbsp;NMI_Handler
</UL>
<BR>[Called By]<UL><LI><a href="#[4e]">&gt;&gt;</a>&nbsp;&nbsp;&nbsp;NMI_Handler
</UL>
<BR>[Address Reference Count : 1]<UL><LI> startup_stm32f40_41xxx.o(RESET)
</UL>
<P><STRONG><a name="[4f]"></a>HardFault_Handler</STRONG> (Thumb, 2 bytes, Stack size 0 bytes, startup_stm32f40_41xxx.o(.text))
<BR><BR>[Calls]<UL><LI><a href="#[4f]">&gt;&gt;</a>&nbsp;&nbsp;&nbsp;HardFault_Handler
</UL>
<BR>[Called By]<UL><LI><a href="#[4f]">&gt;&gt;</a>&nbsp;&nbsp;&nbsp;HardFault_Handler
</UL>
<BR>[Address Reference Count : 1]<UL><LI> startup_stm32f40_41xxx.o(RESET)
</UL>
<P><STRONG><a name="[50]"></a>MemManage_Handler</STRONG> (Thumb, 2 bytes, Stack size 0 bytes, startup_stm32f40_41xxx.o(.text))
<BR><BR>[Calls]<UL><LI><a href="#[50]">&gt;&gt;</a>&nbsp;&nbsp;&nbsp;MemManage_Handler
</UL>
<BR>[Called By]<UL><LI><a href="#[50]">&gt;&gt;</a>&nbsp;&nbsp;&nbsp;MemManage_Handler
</UL>
<BR>[Address Reference Count : 1]<UL><LI> startup_stm32f40_41xxx.o(RESET)
</UL>
<P><STRONG><a name="[51]"></a>BusFault_Handler</STRONG> (Thumb, 2 bytes, Stack size 0 bytes, startup_stm32f40_41xxx.o(.text))
<BR><BR>[Calls]<UL><LI><a href="#[51]">&gt;&gt;</a>&nbsp;&nbsp;&nbsp;BusFault_Handler
</UL>
<BR>[Called By]<UL><LI><a href="#[51]">&gt;&gt;</a>&nbsp;&nbsp;&nbsp;BusFault_Handler
</UL>
<BR>[Address Reference Count : 1]<UL><LI> startup_stm32f40_41xxx.o(RESET)
</UL>
<P><STRONG><a name="[52]"></a>UsageFault_Handler</STRONG> (Thumb, 2 bytes, Stack size 0 bytes, startup_stm32f40_41xxx.o(.text))
<BR><BR>[Calls]<UL><LI><a href="#[52]">&gt;&gt;</a>&nbsp;&nbsp;&nbsp;UsageFault_Handler
</UL>
<BR>[Called By]<UL><LI><a href="#[52]">&gt;&gt;</a>&nbsp;&nbsp;&nbsp;UsageFault_Handler
</UL>
<BR>[Address Reference Count : 1]<UL><LI> startup_stm32f40_41xxx.o(RESET)
</UL>
<P><STRONG><a name="[53]"></a>SVC_Handler</STRONG> (Thumb, 2 bytes, Stack size 0 bytes, startup_stm32f40_41xxx.o(.text))
<BR><BR>[Calls]<UL><LI><a href="#[53]">&gt;&gt;</a>&nbsp;&nbsp;&nbsp;SVC_Handler
</UL>
<BR>[Called By]<UL><LI><a href="#[53]">&gt;&gt;</a>&nbsp;&nbsp;&nbsp;SVC_Handler
</UL>
<BR>[Address Reference Count : 1]<UL><LI> startup_stm32f40_41xxx.o(RESET)
</UL>
<P><STRONG><a name="[54]"></a>DebugMon_Handler</STRONG> (Thumb, 2 bytes, Stack size 0 bytes, startup_stm32f40_41xxx.o(.text))
<BR><BR>[Calls]<UL><LI><a href="#[54]">&gt;&gt;</a>&nbsp;&nbsp;&nbsp;DebugMon_Handler
</UL>
<BR>[Called By]<UL><LI><a href="#[54]">&gt;&gt;</a>&nbsp;&nbsp;&nbsp;DebugMon_Handler
</UL>
<BR>[Address Reference Count : 1]<UL><LI> startup_stm32f40_41xxx.o(RESET)
</UL>
<P><STRONG><a name="[55]"></a>PendSV_Handler</STRONG> (Thumb, 2 bytes, Stack size 0 bytes, startup_stm32f40_41xxx.o(.text))
<BR><BR>[Calls]<UL><LI><a href="#[55]">&gt;&gt;</a>&nbsp;&nbsp;&nbsp;PendSV_Handler
</UL>
<BR>[Called By]<UL><LI><a href="#[55]">&gt;&gt;</a>&nbsp;&nbsp;&nbsp;PendSV_Handler
</UL>
<BR>[Address Reference Count : 1]<UL><LI> startup_stm32f40_41xxx.o(RESET)
</UL>
<P><STRONG><a name="[56]"></a>SysTick_Handler</STRONG> (Thumb, 2 bytes, Stack size 0 bytes, startup_stm32f40_41xxx.o(.text))
<BR><BR>[Calls]<UL><LI><a href="#[56]">&gt;&gt;</a>&nbsp;&nbsp;&nbsp;SysTick_Handler
</UL>
<BR>[Called By]<UL><LI><a href="#[56]">&gt;&gt;</a>&nbsp;&nbsp;&nbsp;SysTick_Handler
</UL>
<BR>[Address Reference Count : 1]<UL><LI> startup_stm32f40_41xxx.o(RESET)
</UL>
<P><STRONG><a name="[69]"></a>ADC_IRQHandler</STRONG> (Thumb, 0 bytes, Stack size 0 bytes, startup_stm32f40_41xxx.o(.text))
<BR><BR>[Calls]<UL><LI><a href="#[69]">&gt;&gt;</a>&nbsp;&nbsp;&nbsp;ADC_IRQHandler
</UL>
<BR>[Called By]<UL><LI><a href="#[69]">&gt;&gt;</a>&nbsp;&nbsp;&nbsp;ADC_IRQHandler
</UL>
<BR>[Address Reference Count : 1]<UL><LI> startup_stm32f40_41xxx.o(RESET)
</UL>
<P><STRONG><a name="[6b]"></a>CAN1_RX0_IRQHandler</STRONG> (Thumb, 0 bytes, Stack size 0 bytes, startup_stm32f40_41xxx.o(.text))
<BR>[Address Reference Count : 1]<UL><LI> startup_stm32f40_41xxx.o(RESET)
</UL>
<P><STRONG><a name="[6c]"></a>CAN1_RX1_IRQHandler</STRONG> (Thumb, 0 bytes, Stack size 0 bytes, startup_stm32f40_41xxx.o(.text))
<BR>[Address Reference Count : 1]<UL><LI> startup_stm32f40_41xxx.o(RESET)
</UL>
<P><STRONG><a name="[6d]"></a>CAN1_SCE_IRQHandler</STRONG> (Thumb, 0 bytes, Stack size 0 bytes, startup_stm32f40_41xxx.o(.text))
<BR>[Address Reference Count : 1]<UL><LI> startup_stm32f40_41xxx.o(RESET)
</UL>
<P><STRONG><a name="[6a]"></a>CAN1_TX_IRQHandler</STRONG> (Thumb, 0 bytes, Stack size 0 bytes, startup_stm32f40_41xxx.o(.text))
<BR>[Address Reference Count : 1]<UL><LI> startup_stm32f40_41xxx.o(RESET)
</UL>
<P><STRONG><a name="[97]"></a>CAN2_RX0_IRQHandler</STRONG> (Thumb, 0 bytes, Stack size 0 bytes, startup_stm32f40_41xxx.o(.text))
<BR>[Address Reference Count : 1]<UL><LI> startup_stm32f40_41xxx.o(RESET)
</UL>
<P><STRONG><a name="[98]"></a>CAN2_RX1_IRQHandler</STRONG> (Thumb, 0 bytes, Stack size 0 bytes, startup_stm32f40_41xxx.o(.text))
<BR>[Address Reference Count : 1]<UL><LI> startup_stm32f40_41xxx.o(RESET)
</UL>
<P><STRONG><a name="[99]"></a>CAN2_SCE_IRQHandler</STRONG> (Thumb, 0 bytes, Stack size 0 bytes, startup_stm32f40_41xxx.o(.text))
<BR>[Address Reference Count : 1]<UL><LI> startup_stm32f40_41xxx.o(RESET)
</UL>
<P><STRONG><a name="[96]"></a>CAN2_TX_IRQHandler</STRONG> (Thumb, 0 bytes, Stack size 0 bytes, startup_stm32f40_41xxx.o(.text))
<BR>[Address Reference Count : 1]<UL><LI> startup_stm32f40_41xxx.o(RESET)
</UL>
<P><STRONG><a name="[a6]"></a>CRYP_IRQHandler</STRONG> (Thumb, 0 bytes, Stack size 0 bytes, startup_stm32f40_41xxx.o(.text))
<BR>[Address Reference Count : 1]<UL><LI> startup_stm32f40_41xxx.o(RESET)
</UL>
<P><STRONG><a name="[a5]"></a>DCMI_IRQHandler</STRONG> (Thumb, 0 bytes, Stack size 0 bytes, startup_stm32f40_41xxx.o(.text))
<BR>[Address Reference Count : 1]<UL><LI> startup_stm32f40_41xxx.o(RESET)
</UL>
<P><STRONG><a name="[62]"></a>DMA1_Stream0_IRQHandler</STRONG> (Thumb, 0 bytes, Stack size 0 bytes, startup_stm32f40_41xxx.o(.text))
<BR>[Address Reference Count : 1]<UL><LI> startup_stm32f40_41xxx.o(RESET)
</UL>
<P><STRONG><a name="[63]"></a>DMA1_Stream1_IRQHandler</STRONG> (Thumb, 0 bytes, Stack size 0 bytes, startup_stm32f40_41xxx.o(.text))
<BR>[Address Reference Count : 1]<UL><LI> startup_stm32f40_41xxx.o(RESET)
</UL>
<P><STRONG><a name="[64]"></a>DMA1_Stream2_IRQHandler</STRONG> (Thumb, 0 bytes, Stack size 0 bytes, startup_stm32f40_41xxx.o(.text))
<BR>[Address Reference Count : 1]<UL><LI> startup_stm32f40_41xxx.o(RESET)
</UL>
<P><STRONG><a name="[65]"></a>DMA1_Stream3_IRQHandler</STRONG> (Thumb, 0 bytes, Stack size 0 bytes, startup_stm32f40_41xxx.o(.text))
<BR>[Address Reference Count : 1]<UL><LI> startup_stm32f40_41xxx.o(RESET)
</UL>
<P><STRONG><a name="[66]"></a>DMA1_Stream4_IRQHandler</STRONG> (Thumb, 0 bytes, Stack size 0 bytes, startup_stm32f40_41xxx.o(.text))
<BR>[Address Reference Count : 1]<UL><LI> startup_stm32f40_41xxx.o(RESET)
</UL>
<P><STRONG><a name="[67]"></a>DMA1_Stream5_IRQHandler</STRONG> (Thumb, 0 bytes, Stack size 0 bytes, startup_stm32f40_41xxx.o(.text))
<BR>[Address Reference Count : 1]<UL><LI> startup_stm32f40_41xxx.o(RESET)
</UL>
<P><STRONG><a name="[68]"></a>DMA1_Stream6_IRQHandler</STRONG> (Thumb, 0 bytes, Stack size 0 bytes, startup_stm32f40_41xxx.o(.text))
<BR>[Address Reference Count : 1]<UL><LI> startup_stm32f40_41xxx.o(RESET)
</UL>
<P><STRONG><a name="[86]"></a>DMA1_Stream7_IRQHandler</STRONG> (Thumb, 0 bytes, Stack size 0 bytes, startup_stm32f40_41xxx.o(.text))
<BR>[Address Reference Count : 1]<UL><LI> startup_stm32f40_41xxx.o(RESET)
</UL>
<P><STRONG><a name="[8f]"></a>DMA2_Stream0_IRQHandler</STRONG> (Thumb, 0 bytes, Stack size 0 bytes, startup_stm32f40_41xxx.o(.text))
<BR>[Address Reference Count : 1]<UL><LI> startup_stm32f40_41xxx.o(RESET)
</UL>
<P><STRONG><a name="[90]"></a>DMA2_Stream1_IRQHandler</STRONG> (Thumb, 0 bytes, Stack size 0 bytes, startup_stm32f40_41xxx.o(.text))
<BR>[Address Reference Count : 1]<UL><LI> startup_stm32f40_41xxx.o(RESET)
</UL>
<P><STRONG><a name="[91]"></a>DMA2_Stream2_IRQHandler</STRONG> (Thumb, 0 bytes, Stack size 0 bytes, startup_stm32f40_41xxx.o(.text))
<BR>[Address Reference Count : 1]<UL><LI> startup_stm32f40_41xxx.o(RESET)
</UL>
<P><STRONG><a name="[92]"></a>DMA2_Stream3_IRQHandler</STRONG> (Thumb, 0 bytes, Stack size 0 bytes, startup_stm32f40_41xxx.o(.text))
<BR>[Address Reference Count : 1]<UL><LI> startup_stm32f40_41xxx.o(RESET)
</UL>
<P><STRONG><a name="[93]"></a>DMA2_Stream4_IRQHandler</STRONG> (Thumb, 0 bytes, Stack size 0 bytes, startup_stm32f40_41xxx.o(.text))
<BR>[Address Reference Count : 1]<UL><LI> startup_stm32f40_41xxx.o(RESET)
</UL>
<P><STRONG><a name="[9b]"></a>DMA2_Stream5_IRQHandler</STRONG> (Thumb, 0 bytes, Stack size 0 bytes, startup_stm32f40_41xxx.o(.text))
<BR>[Address Reference Count : 1]<UL><LI> startup_stm32f40_41xxx.o(RESET)
</UL>
<P><STRONG><a name="[9c]"></a>DMA2_Stream6_IRQHandler</STRONG> (Thumb, 0 bytes, Stack size 0 bytes, startup_stm32f40_41xxx.o(.text))
<BR>[Address Reference Count : 1]<UL><LI> startup_stm32f40_41xxx.o(RESET)
</UL>
<P><STRONG><a name="[9d]"></a>DMA2_Stream7_IRQHandler</STRONG> (Thumb, 0 bytes, Stack size 0 bytes, startup_stm32f40_41xxx.o(.text))
<BR>[Address Reference Count : 1]<UL><LI> startup_stm32f40_41xxx.o(RESET)
</UL>
<P><STRONG><a name="[94]"></a>ETH_IRQHandler</STRONG> (Thumb, 0 bytes, Stack size 0 bytes, startup_stm32f40_41xxx.o(.text))
<BR>[Address Reference Count : 1]<UL><LI> startup_stm32f40_41xxx.o(RESET)
</UL>
<P><STRONG><a name="[95]"></a>ETH_WKUP_IRQHandler</STRONG> (Thumb, 0 bytes, Stack size 0 bytes, startup_stm32f40_41xxx.o(.text))
<BR>[Address Reference Count : 1]<UL><LI> startup_stm32f40_41xxx.o(RESET)
</UL>
<P><STRONG><a name="[5d]"></a>EXTI0_IRQHandler</STRONG> (Thumb, 0 bytes, Stack size 0 bytes, startup_stm32f40_41xxx.o(.text))
<BR>[Address Reference Count : 1]<UL><LI> startup_stm32f40_41xxx.o(RESET)
</UL>
<P><STRONG><a name="[7f]"></a>EXTI15_10_IRQHandler</STRONG> (Thumb, 0 bytes, Stack size 0 bytes, startup_stm32f40_41xxx.o(.text))
<BR>[Address Reference Count : 1]<UL><LI> startup_stm32f40_41xxx.o(RESET)
</UL>
<P><STRONG><a name="[5e]"></a>EXTI1_IRQHandler</STRONG> (Thumb, 0 bytes, Stack size 0 bytes, startup_stm32f40_41xxx.o(.text))
<BR>[Address Reference Count : 1]<UL><LI> startup_stm32f40_41xxx.o(RESET)
</UL>
<P><STRONG><a name="[5f]"></a>EXTI2_IRQHandler</STRONG> (Thumb, 0 bytes, Stack size 0 bytes, startup_stm32f40_41xxx.o(.text))
<BR>[Address Reference Count : 1]<UL><LI> startup_stm32f40_41xxx.o(RESET)
</UL>
<P><STRONG><a name="[60]"></a>EXTI3_IRQHandler</STRONG> (Thumb, 0 bytes, Stack size 0 bytes, startup_stm32f40_41xxx.o(.text))
<BR>[Address Reference Count : 1]<UL><LI> startup_stm32f40_41xxx.o(RESET)
</UL>
<P><STRONG><a name="[6e]"></a>EXTI9_5_IRQHandler</STRONG> (Thumb, 0 bytes, Stack size 0 bytes, startup_stm32f40_41xxx.o(.text))
<BR>[Address Reference Count : 1]<UL><LI> startup_stm32f40_41xxx.o(RESET)
</UL>
<P><STRONG><a name="[5b]"></a>FLASH_IRQHandler</STRONG> (Thumb, 0 bytes, Stack size 0 bytes, startup_stm32f40_41xxx.o(.text))
<BR>[Address Reference Count : 1]<UL><LI> startup_stm32f40_41xxx.o(RESET)
</UL>
<P><STRONG><a name="[a8]"></a>FPU_IRQHandler</STRONG> (Thumb, 0 bytes, Stack size 0 bytes, startup_stm32f40_41xxx.o(.text))
<BR>[Address Reference Count : 1]<UL><LI> startup_stm32f40_41xxx.o(RESET)
</UL>
<P><STRONG><a name="[87]"></a>FSMC_IRQHandler</STRONG> (Thumb, 0 bytes, Stack size 0 bytes, startup_stm32f40_41xxx.o(.text))
<BR>[Address Reference Count : 1]<UL><LI> startup_stm32f40_41xxx.o(RESET)
</UL>
<P><STRONG><a name="[a7]"></a>HASH_RNG_IRQHandler</STRONG> (Thumb, 0 bytes, Stack size 0 bytes, startup_stm32f40_41xxx.o(.text))
<BR>[Address Reference Count : 1]<UL><LI> startup_stm32f40_41xxx.o(RESET)
</UL>
<P><STRONG><a name="[77]"></a>I2C1_ER_IRQHandler</STRONG> (Thumb, 0 bytes, Stack size 0 bytes, startup_stm32f40_41xxx.o(.text))
<BR>[Address Reference Count : 1]<UL><LI> startup_stm32f40_41xxx.o(RESET)
</UL>
<P><STRONG><a name="[76]"></a>I2C1_EV_IRQHandler</STRONG> (Thumb, 0 bytes, Stack size 0 bytes, startup_stm32f40_41xxx.o(.text))
<BR>[Address Reference Count : 1]<UL><LI> startup_stm32f40_41xxx.o(RESET)
</UL>
<P><STRONG><a name="[79]"></a>I2C2_ER_IRQHandler</STRONG> (Thumb, 0 bytes, Stack size 0 bytes, startup_stm32f40_41xxx.o(.text))
<BR>[Address Reference Count : 1]<UL><LI> startup_stm32f40_41xxx.o(RESET)
</UL>
<P><STRONG><a name="[78]"></a>I2C2_EV_IRQHandler</STRONG> (Thumb, 0 bytes, Stack size 0 bytes, startup_stm32f40_41xxx.o(.text))
<BR>[Address Reference Count : 1]<UL><LI> startup_stm32f40_41xxx.o(RESET)
</UL>
<P><STRONG><a name="[a0]"></a>I2C3_ER_IRQHandler</STRONG> (Thumb, 0 bytes, Stack size 0 bytes, startup_stm32f40_41xxx.o(.text))
<BR>[Address Reference Count : 1]<UL><LI> startup_stm32f40_41xxx.o(RESET)
</UL>
<P><STRONG><a name="[9f]"></a>I2C3_EV_IRQHandler</STRONG> (Thumb, 0 bytes, Stack size 0 bytes, startup_stm32f40_41xxx.o(.text))
<BR>[Address Reference Count : 1]<UL><LI> startup_stm32f40_41xxx.o(RESET)
</UL>
<P><STRONG><a name="[9a]"></a>OTG_FS_IRQHandler</STRONG> (Thumb, 0 bytes, Stack size 0 bytes, startup_stm32f40_41xxx.o(.text))
<BR>[Address Reference Count : 1]<UL><LI> startup_stm32f40_41xxx.o(RESET)
</UL>
<P><STRONG><a name="[81]"></a>OTG_FS_WKUP_IRQHandler</STRONG> (Thumb, 0 bytes, Stack size 0 bytes, startup_stm32f40_41xxx.o(.text))
<BR>[Address Reference Count : 1]<UL><LI> startup_stm32f40_41xxx.o(RESET)
</UL>
<P><STRONG><a name="[a2]"></a>OTG_HS_EP1_IN_IRQHandler</STRONG> (Thumb, 0 bytes, Stack size 0 bytes, startup_stm32f40_41xxx.o(.text))
<BR>[Address Reference Count : 1]<UL><LI> startup_stm32f40_41xxx.o(RESET)
</UL>
<P><STRONG><a name="[a1]"></a>OTG_HS_EP1_OUT_IRQHandler</STRONG> (Thumb, 0 bytes, Stack size 0 bytes, startup_stm32f40_41xxx.o(.text))
<BR>[Address Reference Count : 1]<UL><LI> startup_stm32f40_41xxx.o(RESET)
</UL>
<P><STRONG><a name="[a4]"></a>OTG_HS_IRQHandler</STRONG> (Thumb, 0 bytes, Stack size 0 bytes, startup_stm32f40_41xxx.o(.text))
<BR>[Address Reference Count : 1]<UL><LI> startup_stm32f40_41xxx.o(RESET)
</UL>
<P><STRONG><a name="[a3]"></a>OTG_HS_WKUP_IRQHandler</STRONG> (Thumb, 0 bytes, Stack size 0 bytes, startup_stm32f40_41xxx.o(.text))
<BR>[Address Reference Count : 1]<UL><LI> startup_stm32f40_41xxx.o(RESET)
</UL>
<P><STRONG><a name="[58]"></a>PVD_IRQHandler</STRONG> (Thumb, 0 bytes, Stack size 0 bytes, startup_stm32f40_41xxx.o(.text))
<BR>[Address Reference Count : 1]<UL><LI> startup_stm32f40_41xxx.o(RESET)
</UL>
<P><STRONG><a name="[5c]"></a>RCC_IRQHandler</STRONG> (Thumb, 0 bytes, Stack size 0 bytes, startup_stm32f40_41xxx.o(.text))
<BR>[Address Reference Count : 1]<UL><LI> startup_stm32f40_41xxx.o(RESET)
</UL>
<P><STRONG><a name="[80]"></a>RTC_Alarm_IRQHandler</STRONG> (Thumb, 0 bytes, Stack size 0 bytes, startup_stm32f40_41xxx.o(.text))
<BR>[Address Reference Count : 1]<UL><LI> startup_stm32f40_41xxx.o(RESET)
</UL>
<P><STRONG><a name="[5a]"></a>RTC_WKUP_IRQHandler</STRONG> (Thumb, 0 bytes, Stack size 0 bytes, startup_stm32f40_41xxx.o(.text))
<BR>[Address Reference Count : 1]<UL><LI> startup_stm32f40_41xxx.o(RESET)
</UL>
<P><STRONG><a name="[88]"></a>SDIO_IRQHandler</STRONG> (Thumb, 0 bytes, Stack size 0 bytes, startup_stm32f40_41xxx.o(.text))
<BR>[Address Reference Count : 1]<UL><LI> startup_stm32f40_41xxx.o(RESET)
</UL>
<P><STRONG><a name="[7a]"></a>SPI1_IRQHandler</STRONG> (Thumb, 0 bytes, Stack size 0 bytes, startup_stm32f40_41xxx.o(.text))
<BR>[Address Reference Count : 1]<UL><LI> startup_stm32f40_41xxx.o(RESET)
</UL>
<P><STRONG><a name="[7b]"></a>SPI2_IRQHandler</STRONG> (Thumb, 0 bytes, Stack size 0 bytes, startup_stm32f40_41xxx.o(.text))
<BR>[Address Reference Count : 1]<UL><LI> startup_stm32f40_41xxx.o(RESET)
</UL>
<P><STRONG><a name="[8a]"></a>SPI3_IRQHandler</STRONG> (Thumb, 0 bytes, Stack size 0 bytes, startup_stm32f40_41xxx.o(.text))
<BR>[Address Reference Count : 1]<UL><LI> startup_stm32f40_41xxx.o(RESET)
</UL>
<P><STRONG><a name="[59]"></a>TAMP_STAMP_IRQHandler</STRONG> (Thumb, 0 bytes, Stack size 0 bytes, startup_stm32f40_41xxx.o(.text))
<BR>[Address Reference Count : 1]<UL><LI> startup_stm32f40_41xxx.o(RESET)
</UL>
<P><STRONG><a name="[72]"></a>TIM1_CC_IRQHandler</STRONG> (Thumb, 0 bytes, Stack size 0 bytes, startup_stm32f40_41xxx.o(.text))
<BR>[Address Reference Count : 1]<UL><LI> startup_stm32f40_41xxx.o(RESET)
</UL>
<P><STRONG><a name="[71]"></a>TIM1_TRG_COM_TIM11_IRQHandler</STRONG> (Thumb, 0 bytes, Stack size 0 bytes, startup_stm32f40_41xxx.o(.text))
<BR>[Address Reference Count : 1]<UL><LI> startup_stm32f40_41xxx.o(RESET)
</UL>
<P><STRONG><a name="[75]"></a>TIM4_IRQHandler</STRONG> (Thumb, 0 bytes, Stack size 0 bytes, startup_stm32f40_41xxx.o(.text))
<BR>[Address Reference Count : 1]<UL><LI> startup_stm32f40_41xxx.o(RESET)
</UL>
<P><STRONG><a name="[89]"></a>TIM5_IRQHandler</STRONG> (Thumb, 0 bytes, Stack size 0 bytes, startup_stm32f40_41xxx.o(.text))
<BR>[Address Reference Count : 1]<UL><LI> startup_stm32f40_41xxx.o(RESET)
</UL>
<P><STRONG><a name="[82]"></a>TIM8_BRK_TIM12_IRQHandler</STRONG> (Thumb, 0 bytes, Stack size 0 bytes, startup_stm32f40_41xxx.o(.text))
<BR>[Address Reference Count : 1]<UL><LI> startup_stm32f40_41xxx.o(RESET)
</UL>
<P><STRONG><a name="[85]"></a>TIM8_CC_IRQHandler</STRONG> (Thumb, 0 bytes, Stack size 0 bytes, startup_stm32f40_41xxx.o(.text))
<BR>[Address Reference Count : 1]<UL><LI> startup_stm32f40_41xxx.o(RESET)
</UL>
<P><STRONG><a name="[84]"></a>TIM8_TRG_COM_TIM14_IRQHandler</STRONG> (Thumb, 0 bytes, Stack size 0 bytes, startup_stm32f40_41xxx.o(.text))
<BR>[Address Reference Count : 1]<UL><LI> startup_stm32f40_41xxx.o(RESET)
</UL>
<P><STRONG><a name="[83]"></a>TIM8_UP_TIM13_IRQHandler</STRONG> (Thumb, 0 bytes, Stack size 0 bytes, startup_stm32f40_41xxx.o(.text))
<BR>[Address Reference Count : 1]<UL><LI> startup_stm32f40_41xxx.o(RESET)
</UL>
<P><STRONG><a name="[8c]"></a>UART5_IRQHandler</STRONG> (Thumb, 0 bytes, Stack size 0 bytes, startup_stm32f40_41xxx.o(.text))
<BR>[Address Reference Count : 1]<UL><LI> startup_stm32f40_41xxx.o(RESET)
</UL>
<P><STRONG><a name="[7e]"></a>USART3_IRQHandler</STRONG> (Thumb, 0 bytes, Stack size 0 bytes, startup_stm32f40_41xxx.o(.text))
<BR>[Address Reference Count : 1]<UL><LI> startup_stm32f40_41xxx.o(RESET)
</UL>
<P><STRONG><a name="[57]"></a>WWDG_IRQHandler</STRONG> (Thumb, 0 bytes, Stack size 0 bytes, startup_stm32f40_41xxx.o(.text))
<BR>[Address Reference Count : 1]<UL><LI> startup_stm32f40_41xxx.o(RESET)
</UL>
<P><STRONG><a name="[b3]"></a>__rt_ctype_table</STRONG> (Thumb, 4 bytes, Stack size 0 bytes, ctype_o.o(.text))
<BR><BR>[Called By]<UL><LI><a href="#[189]">&gt;&gt;</a>&nbsp;&nbsp;&nbsp;parseCard1
<LI><a href="#[af]">&gt;&gt;</a>&nbsp;&nbsp;&nbsp;isspace
<LI><a href="#[bb]">&gt;&gt;</a>&nbsp;&nbsp;&nbsp;strtol
</UL>

<P><STRONG><a name="[af]"></a>isspace</STRONG> (Thumb, 18 bytes, Stack size 8 bytes, isspace_o.o(.text))
<BR><BR>[Stack]<UL><LI>Max Depth = 8<LI>Call Chain = isspace
</UL>
<BR>[Calls]<UL><LI><a href="#[b3]">&gt;&gt;</a>&nbsp;&nbsp;&nbsp;__rt_ctype_table
</UL>
<BR>[Address Reference Count : 1]<UL><LI> scanf_char.o(.text)
</UL>
<P><STRONG><a name="[f7]"></a>__aeabi_memcpy</STRONG> (Thumb, 36 bytes, Stack size 0 bytes, memcpya.o(.text))
<BR><BR>[Called By]<UL><LI><a href="#[10]">&gt;&gt;</a>&nbsp;&nbsp;&nbsp;XSend_Text_To_fromcar
<LI><a href="#[28]">&gt;&gt;</a>&nbsp;&nbsp;&nbsp;xRFID_Track_Read_L
<LI><a href="#[27]">&gt;&gt;</a>&nbsp;&nbsp;&nbsp;xRFID_Track_Read
<LI><a href="#[2b]">&gt;&gt;</a>&nbsp;&nbsp;&nbsp;xRFID_Read
<LI><a href="#[104]">&gt;&gt;</a>&nbsp;&nbsp;&nbsp;CanP_Cmd_Write
<LI><a href="#[f6]">&gt;&gt;</a>&nbsp;&nbsp;&nbsp;CanDrv_TxData
</UL>

<P><STRONG><a name="[19d]"></a>__aeabi_memcpy4</STRONG> (Thumb, 0 bytes, Stack size 0 bytes, memcpya.o(.text), UNUSED)

<P><STRONG><a name="[19e]"></a>__aeabi_memcpy8</STRONG> (Thumb, 0 bytes, Stack size 0 bytes, memcpya.o(.text), UNUSED)

<P><STRONG><a name="[b5]"></a>__aeabi_memset</STRONG> (Thumb, 14 bytes, Stack size 0 bytes, memseta.o(.text))
<BR><BR>[Called By]<UL><LI><a href="#[107]">&gt;&gt;</a>&nbsp;&nbsp;&nbsp;FifoDrv_Init
<LI><a href="#[b6]">&gt;&gt;</a>&nbsp;&nbsp;&nbsp;_memset$wrapper
<LI><a href="#[b4]">&gt;&gt;</a>&nbsp;&nbsp;&nbsp;__aeabi_memclr
</UL>

<P><STRONG><a name="[19f]"></a>__aeabi_memset4</STRONG> (Thumb, 0 bytes, Stack size 0 bytes, memseta.o(.text), UNUSED)

<P><STRONG><a name="[1a0]"></a>__aeabi_memset8</STRONG> (Thumb, 0 bytes, Stack size 0 bytes, memseta.o(.text), UNUSED)

<P><STRONG><a name="[b4]"></a>__aeabi_memclr</STRONG> (Thumb, 4 bytes, Stack size 0 bytes, memseta.o(.text))
<BR><BR>[Calls]<UL><LI><a href="#[b5]">&gt;&gt;</a>&nbsp;&nbsp;&nbsp;__aeabi_memset
</UL>
<BR>[Called By]<UL><LI><a href="#[118]">&gt;&gt;</a>&nbsp;&nbsp;&nbsp;Can_ZigBeeRx_Check
<LI><a href="#[110]">&gt;&gt;</a>&nbsp;&nbsp;&nbsp;Can_WifiRx_Check
</UL>

<P><STRONG><a name="[187]"></a>__aeabi_memclr4</STRONG> (Thumb, 0 bytes, Stack size 0 bytes, memseta.o(.text))
<BR><BR>[Called By]<UL><LI><a href="#[10]">&gt;&gt;</a>&nbsp;&nbsp;&nbsp;XSend_Text_To_fromcar
<LI><a href="#[2b]">&gt;&gt;</a>&nbsp;&nbsp;&nbsp;xRFID_Read
</UL>

<P><STRONG><a name="[1a1]"></a>__aeabi_memclr8</STRONG> (Thumb, 0 bytes, Stack size 0 bytes, memseta.o(.text), UNUSED)

<P><STRONG><a name="[b6]"></a>_memset$wrapper</STRONG> (Thumb, 18 bytes, Stack size 8 bytes, memseta.o(.text), UNUSED)
<BR><BR>[Calls]<UL><LI><a href="#[b5]">&gt;&gt;</a>&nbsp;&nbsp;&nbsp;__aeabi_memset
</UL>

<P><STRONG><a name="[114]"></a>strlen</STRONG> (Thumb, 14 bytes, Stack size 0 bytes, strlen.o(.text))
<BR><BR>[Called By]<UL><LI><a href="#[10]">&gt;&gt;</a>&nbsp;&nbsp;&nbsp;XSend_Text_To_fromcar
<LI><a href="#[110]">&gt;&gt;</a>&nbsp;&nbsp;&nbsp;Can_WifiRx_Check
<LI><a href="#[6]">&gt;&gt;</a>&nbsp;&nbsp;&nbsp;xMixture_Zigbe_RecceiveError_Handler
<LI><a href="#[7]">&gt;&gt;</a>&nbsp;&nbsp;&nbsp;xMixture_Debug_Data
<LI><a href="#[188]">&gt;&gt;</a>&nbsp;&nbsp;&nbsp;YT1_Handle_Card1_Data
<LI><a href="#[2b]">&gt;&gt;</a>&nbsp;&nbsp;&nbsp;xRFID_Read
<LI><a href="#[45]">&gt;&gt;</a>&nbsp;&nbsp;&nbsp;xVoice_Report_Set_Complex_Command
<LI><a href="#[3a]">&gt;&gt;</a>&nbsp;&nbsp;&nbsp;xCarPort_Control_Arrive_Level
<LI><a href="#[177]">&gt;&gt;</a>&nbsp;&nbsp;&nbsp;Track_Correct
</UL>

<P><STRONG><a name="[194]"></a>strcmp</STRONG> (Thumb, 28 bytes, Stack size 8 bytes, strcmp.o(.text))
<BR><BR>[Stack]<UL><LI>Max Depth = 8<LI>Call Chain = strcmp
</UL>
<BR>[Called By]<UL><LI><a href="#[192]">&gt;&gt;</a>&nbsp;&nbsp;&nbsp;xAuto_Run_Function
</UL>

<P><STRONG><a name="[b7]"></a>__0sscanf</STRONG> (Thumb, 48 bytes, Stack size 72 bytes, __0sscanf.o(.text))
<BR><BR>[Stack]<UL><LI>Max Depth = 216<LI>Call Chain = __0sscanf &rArr; __vfscanf_char &rArr; __vfscanf &rArr; _scanf_string
</UL>
<BR>[Calls]<UL><LI><a href="#[b8]">&gt;&gt;</a>&nbsp;&nbsp;&nbsp;__vfscanf_char
</UL>
<BR>[Called By]<UL><LI><a href="#[189]">&gt;&gt;</a>&nbsp;&nbsp;&nbsp;parseCard1
</UL>

<P><STRONG><a name="[ce]"></a>_scanf_string</STRONG> (Thumb, 224 bytes, Stack size 56 bytes, _scanf_str.o(.text))
<BR><BR>[Stack]<UL><LI>Max Depth = 56<LI>Call Chain = _scanf_string
</UL>
<BR>[Called By]<UL><LI><a href="#[ca]">&gt;&gt;</a>&nbsp;&nbsp;&nbsp;__vfscanf
</UL>

<P><STRONG><a name="[b9]"></a>atoi</STRONG> (Thumb, 26 bytes, Stack size 16 bytes, atoi.o(.text))
<BR><BR>[Stack]<UL><LI>Max Depth = 88<LI>Call Chain = atoi &rArr; strtol &rArr; _strtoul
</UL>
<BR>[Calls]<UL><LI><a href="#[bb]">&gt;&gt;</a>&nbsp;&nbsp;&nbsp;strtol
<LI><a href="#[ba]">&gt;&gt;</a>&nbsp;&nbsp;&nbsp;__aeabi_errno_addr
</UL>
<BR>[Called By]<UL><LI><a href="#[189]">&gt;&gt;</a>&nbsp;&nbsp;&nbsp;parseCard1
</UL>

<P><STRONG><a name="[bc]"></a>__aeabi_dadd</STRONG> (Thumb, 322 bytes, Stack size 48 bytes, dadd.o(.text), UNUSED)
<BR><BR>[Calls]<UL><LI><a href="#[be]">&gt;&gt;</a>&nbsp;&nbsp;&nbsp;__aeabi_lasr
<LI><a href="#[bd]">&gt;&gt;</a>&nbsp;&nbsp;&nbsp;__aeabi_llsl
<LI><a href="#[c0]">&gt;&gt;</a>&nbsp;&nbsp;&nbsp;_double_round
<LI><a href="#[bf]">&gt;&gt;</a>&nbsp;&nbsp;&nbsp;_double_epilogue
</UL>
<BR>[Called By]<UL><LI><a href="#[c1]">&gt;&gt;</a>&nbsp;&nbsp;&nbsp;__aeabi_dsub
<LI><a href="#[c2]">&gt;&gt;</a>&nbsp;&nbsp;&nbsp;__aeabi_drsub
<LI><a href="#[18c]">&gt;&gt;</a>&nbsp;&nbsp;&nbsp;_fp_digits
</UL>

<P><STRONG><a name="[c1]"></a>__aeabi_dsub</STRONG> (Thumb, 6 bytes, Stack size 0 bytes, dadd.o(.text), UNUSED)
<BR><BR>[Calls]<UL><LI><a href="#[bc]">&gt;&gt;</a>&nbsp;&nbsp;&nbsp;__aeabi_dadd
</UL>

<P><STRONG><a name="[c2]"></a>__aeabi_drsub</STRONG> (Thumb, 6 bytes, Stack size 0 bytes, dadd.o(.text), UNUSED)
<BR><BR>[Calls]<UL><LI><a href="#[bc]">&gt;&gt;</a>&nbsp;&nbsp;&nbsp;__aeabi_dadd
</UL>

<P><STRONG><a name="[c3]"></a>__aeabi_dmul</STRONG> (Thumb, 228 bytes, Stack size 48 bytes, dmul.o(.text), UNUSED)
<BR><BR>[Calls]<UL><LI><a href="#[bf]">&gt;&gt;</a>&nbsp;&nbsp;&nbsp;_double_epilogue
</UL>
<BR>[Called By]<UL><LI><a href="#[18c]">&gt;&gt;</a>&nbsp;&nbsp;&nbsp;_fp_digits
</UL>

<P><STRONG><a name="[c4]"></a>__aeabi_ddiv</STRONG> (Thumb, 222 bytes, Stack size 32 bytes, ddiv.o(.text))
<BR><BR>[Stack]<UL><LI>Max Depth = 40<LI>Call Chain = __aeabi_ddiv &rArr; _double_round
</UL>
<BR>[Calls]<UL><LI><a href="#[c0]">&gt;&gt;</a>&nbsp;&nbsp;&nbsp;_double_round
</UL>
<BR>[Called By]<UL><LI><a href="#[131]">&gt;&gt;</a>&nbsp;&nbsp;&nbsp;Get_Bh_Value
<LI><a href="#[127]">&gt;&gt;</a>&nbsp;&nbsp;&nbsp;Parameter_Init
<LI><a href="#[18c]">&gt;&gt;</a>&nbsp;&nbsp;&nbsp;_fp_digits
</UL>

<P><STRONG><a name="[c5]"></a>__aeabi_i2d</STRONG> (Thumb, 34 bytes, Stack size 16 bytes, dflti.o(.text))
<BR><BR>[Stack]<UL><LI>Max Depth = 56<LI>Call Chain = __aeabi_i2d &rArr; _double_epilogue &rArr; _double_round
</UL>
<BR>[Calls]<UL><LI><a href="#[bf]">&gt;&gt;</a>&nbsp;&nbsp;&nbsp;_double_epilogue
</UL>
<BR>[Called By]<UL><LI><a href="#[131]">&gt;&gt;</a>&nbsp;&nbsp;&nbsp;Get_Bh_Value
</UL>

<P><STRONG><a name="[150]"></a>__aeabi_f2d</STRONG> (Thumb, 38 bytes, Stack size 0 bytes, f2d.o(.text))
<BR><BR>[Called By]<UL><LI><a href="#[127]">&gt;&gt;</a>&nbsp;&nbsp;&nbsp;Parameter_Init
</UL>

<P><STRONG><a name="[c6]"></a>__aeabi_d2f</STRONG> (Thumb, 56 bytes, Stack size 8 bytes, d2f.o(.text))
<BR><BR>[Stack]<UL><LI>Max Depth = 8<LI>Call Chain = __aeabi_d2f
</UL>
<BR>[Calls]<UL><LI><a href="#[c7]">&gt;&gt;</a>&nbsp;&nbsp;&nbsp;_float_round
</UL>
<BR>[Called By]<UL><LI><a href="#[131]">&gt;&gt;</a>&nbsp;&nbsp;&nbsp;Get_Bh_Value
<LI><a href="#[127]">&gt;&gt;</a>&nbsp;&nbsp;&nbsp;Parameter_Init
</UL>

<P><STRONG><a name="[1a2]"></a>__aeabi_uidiv</STRONG> (Thumb, 0 bytes, Stack size 12 bytes, uidiv.o(.text), UNUSED)

<P><STRONG><a name="[190]"></a>__aeabi_uidivmod</STRONG> (Thumb, 44 bytes, Stack size 12 bytes, uidiv.o(.text), UNUSED)
<BR><BR>[Called By]<UL><LI><a href="#[18b]">&gt;&gt;</a>&nbsp;&nbsp;&nbsp;_printf_core
</UL>

<P><STRONG><a name="[c8]"></a>__aeabi_uldivmod</STRONG> (Thumb, 98 bytes, Stack size 40 bytes, uldiv.o(.text), UNUSED)
<BR><BR>[Calls]<UL><LI><a href="#[c9]">&gt;&gt;</a>&nbsp;&nbsp;&nbsp;__aeabi_llsr
<LI><a href="#[bd]">&gt;&gt;</a>&nbsp;&nbsp;&nbsp;__aeabi_llsl
</UL>
<BR>[Called By]<UL><LI><a href="#[18b]">&gt;&gt;</a>&nbsp;&nbsp;&nbsp;_printf_core
<LI><a href="#[18c]">&gt;&gt;</a>&nbsp;&nbsp;&nbsp;_fp_digits
</UL>

<P><STRONG><a name="[bd]"></a>__aeabi_llsl</STRONG> (Thumb, 30 bytes, Stack size 0 bytes, llshl.o(.text))
<BR><BR>[Called By]<UL><LI><a href="#[bc]">&gt;&gt;</a>&nbsp;&nbsp;&nbsp;__aeabi_dadd
<LI><a href="#[c8]">&gt;&gt;</a>&nbsp;&nbsp;&nbsp;__aeabi_uldivmod
<LI><a href="#[bf]">&gt;&gt;</a>&nbsp;&nbsp;&nbsp;_double_epilogue
<LI><a href="#[cc]">&gt;&gt;</a>&nbsp;&nbsp;&nbsp;__aeabi_d2ulz
</UL>

<P><STRONG><a name="[1a3]"></a>_ll_shift_l</STRONG> (Thumb, 0 bytes, Stack size 0 bytes, llshl.o(.text), UNUSED)

<P><STRONG><a name="[c9]"></a>__aeabi_llsr</STRONG> (Thumb, 32 bytes, Stack size 0 bytes, llushr.o(.text))
<BR><BR>[Called By]<UL><LI><a href="#[c8]">&gt;&gt;</a>&nbsp;&nbsp;&nbsp;__aeabi_uldivmod
<LI><a href="#[bf]">&gt;&gt;</a>&nbsp;&nbsp;&nbsp;_double_epilogue
<LI><a href="#[cc]">&gt;&gt;</a>&nbsp;&nbsp;&nbsp;__aeabi_d2ulz
</UL>

<P><STRONG><a name="[1a4]"></a>_ll_ushift_r</STRONG> (Thumb, 0 bytes, Stack size 0 bytes, llushr.o(.text), UNUSED)

<P><STRONG><a name="[be]"></a>__aeabi_lasr</STRONG> (Thumb, 36 bytes, Stack size 0 bytes, llsshr.o(.text), UNUSED)
<BR><BR>[Called By]<UL><LI><a href="#[bc]">&gt;&gt;</a>&nbsp;&nbsp;&nbsp;__aeabi_dadd
</UL>

<P><STRONG><a name="[1a5]"></a>_ll_sshift_r</STRONG> (Thumb, 0 bytes, Stack size 0 bytes, llsshr.o(.text), UNUSED)

<P><STRONG><a name="[cf]"></a>_chval</STRONG> (Thumb, 28 bytes, Stack size 0 bytes, _chval.o(.text))
<BR><BR>[Called By]<UL><LI><a href="#[cb]">&gt;&gt;</a>&nbsp;&nbsp;&nbsp;_strtoul
</UL>

<P><STRONG><a name="[b8]"></a>__vfscanf_char</STRONG> (Thumb, 20 bytes, Stack size 0 bytes, scanf_char.o(.text))
<BR><BR>[Stack]<UL><LI>Max Depth = 144<LI>Call Chain = __vfscanf_char &rArr; __vfscanf &rArr; _scanf_string
</UL>
<BR>[Calls]<UL><LI><a href="#[ca]">&gt;&gt;</a>&nbsp;&nbsp;&nbsp;__vfscanf
</UL>
<BR>[Called By]<UL><LI><a href="#[b7]">&gt;&gt;</a>&nbsp;&nbsp;&nbsp;__0sscanf
</UL>

<P><STRONG><a name="[ac]"></a>_sgetc</STRONG> (Thumb, 30 bytes, Stack size 0 bytes, _sgetc.o(.text))
<BR>[Address Reference Count : 1]<UL><LI> __0sscanf.o(.text)
</UL>
<P><STRONG><a name="[ad]"></a>_sbackspace</STRONG> (Thumb, 34 bytes, Stack size 0 bytes, _sgetc.o(.text))
<BR>[Address Reference Count : 1]<UL><LI> __0sscanf.o(.text)
</UL>
<P><STRONG><a name="[bb]"></a>strtol</STRONG> (Thumb, 112 bytes, Stack size 32 bytes, strtol.o(.text))
<BR><BR>[Stack]<UL><LI>Max Depth = 72<LI>Call Chain = strtol &rArr; _strtoul
</UL>
<BR>[Calls]<UL><LI><a href="#[b3]">&gt;&gt;</a>&nbsp;&nbsp;&nbsp;__rt_ctype_table
<LI><a href="#[cb]">&gt;&gt;</a>&nbsp;&nbsp;&nbsp;_strtoul
<LI><a href="#[ba]">&gt;&gt;</a>&nbsp;&nbsp;&nbsp;__aeabi_errno_addr
</UL>
<BR>[Called By]<UL><LI><a href="#[b9]">&gt;&gt;</a>&nbsp;&nbsp;&nbsp;atoi
</UL>

<P><STRONG><a name="[1a6]"></a>__I$use$fp</STRONG> (Thumb, 0 bytes, Stack size 0 bytes, iusefp.o(.text), UNUSED)

<P><STRONG><a name="[c7]"></a>_float_round</STRONG> (Thumb, 18 bytes, Stack size 0 bytes, fepilogue.o(.text))
<BR><BR>[Called By]<UL><LI><a href="#[c6]">&gt;&gt;</a>&nbsp;&nbsp;&nbsp;__aeabi_d2f
</UL>

<P><STRONG><a name="[1a7]"></a>_float_epilogue</STRONG> (Thumb, 92 bytes, Stack size 4 bytes, fepilogue.o(.text), UNUSED)

<P><STRONG><a name="[c0]"></a>_double_round</STRONG> (Thumb, 30 bytes, Stack size 8 bytes, depilogue.o(.text))
<BR><BR>[Stack]<UL><LI>Max Depth = 8<LI>Call Chain = _double_round
</UL>
<BR>[Called By]<UL><LI><a href="#[c4]">&gt;&gt;</a>&nbsp;&nbsp;&nbsp;__aeabi_ddiv
<LI><a href="#[bc]">&gt;&gt;</a>&nbsp;&nbsp;&nbsp;__aeabi_dadd
<LI><a href="#[bf]">&gt;&gt;</a>&nbsp;&nbsp;&nbsp;_double_epilogue
</UL>

<P><STRONG><a name="[bf]"></a>_double_epilogue</STRONG> (Thumb, 156 bytes, Stack size 32 bytes, depilogue.o(.text))
<BR><BR>[Stack]<UL><LI>Max Depth = 40<LI>Call Chain = _double_epilogue &rArr; _double_round
</UL>
<BR>[Calls]<UL><LI><a href="#[c9]">&gt;&gt;</a>&nbsp;&nbsp;&nbsp;__aeabi_llsr
<LI><a href="#[bd]">&gt;&gt;</a>&nbsp;&nbsp;&nbsp;__aeabi_llsl
<LI><a href="#[c0]">&gt;&gt;</a>&nbsp;&nbsp;&nbsp;_double_round
</UL>
<BR>[Called By]<UL><LI><a href="#[c5]">&gt;&gt;</a>&nbsp;&nbsp;&nbsp;__aeabi_i2d
<LI><a href="#[c3]">&gt;&gt;</a>&nbsp;&nbsp;&nbsp;__aeabi_dmul
<LI><a href="#[bc]">&gt;&gt;</a>&nbsp;&nbsp;&nbsp;__aeabi_dadd
</UL>

<P><STRONG><a name="[cc]"></a>__aeabi_d2ulz</STRONG> (Thumb, 48 bytes, Stack size 0 bytes, dfixul.o(.text), UNUSED)
<BR><BR>[Calls]<UL><LI><a href="#[c9]">&gt;&gt;</a>&nbsp;&nbsp;&nbsp;__aeabi_llsr
<LI><a href="#[bd]">&gt;&gt;</a>&nbsp;&nbsp;&nbsp;__aeabi_llsl
</UL>
<BR>[Called By]<UL><LI><a href="#[18c]">&gt;&gt;</a>&nbsp;&nbsp;&nbsp;_fp_digits
</UL>

<P><STRONG><a name="[18d]"></a>__aeabi_cdrcmple</STRONG> (Thumb, 48 bytes, Stack size 0 bytes, cdrcmple.o(.text), UNUSED)
<BR><BR>[Called By]<UL><LI><a href="#[18c]">&gt;&gt;</a>&nbsp;&nbsp;&nbsp;_fp_digits
</UL>

<P><STRONG><a name="[b2]"></a>__scatterload</STRONG> (Thumb, 28 bytes, Stack size 0 bytes, init.o(.text))
<BR><BR>[Calls]<UL><LI><a href="#[cd]">&gt;&gt;</a>&nbsp;&nbsp;&nbsp;__main_after_scatterload
</UL>
<BR>[Called By]<UL><LI><a href="#[b1]">&gt;&gt;</a>&nbsp;&nbsp;&nbsp;_main_scatterload
</UL>

<P><STRONG><a name="[1a8]"></a>__scatterload_rt2</STRONG> (Thumb, 0 bytes, Stack size 0 bytes, init.o(.text), UNUSED)

<P><STRONG><a name="[ca]"></a>__vfscanf</STRONG> (Thumb, 810 bytes, Stack size 88 bytes, _scanf.o(.text))
<BR><BR>[Stack]<UL><LI>Max Depth = 144<LI>Call Chain = __vfscanf &rArr; _scanf_string
</UL>
<BR>[Calls]<UL><LI><a href="#[ce]">&gt;&gt;</a>&nbsp;&nbsp;&nbsp;_scanf_string
</UL>
<BR>[Called By]<UL><LI><a href="#[b8]">&gt;&gt;</a>&nbsp;&nbsp;&nbsp;__vfscanf_char
</UL>

<P><STRONG><a name="[cb]"></a>_strtoul</STRONG> (Thumb, 158 bytes, Stack size 40 bytes, _strtoul.o(.text))
<BR><BR>[Stack]<UL><LI>Max Depth = 40<LI>Call Chain = _strtoul
</UL>
<BR>[Calls]<UL><LI><a href="#[cf]">&gt;&gt;</a>&nbsp;&nbsp;&nbsp;_chval
<LI><a href="#[ba]">&gt;&gt;</a>&nbsp;&nbsp;&nbsp;__aeabi_errno_addr
</UL>
<BR>[Called By]<UL><LI><a href="#[bb]">&gt;&gt;</a>&nbsp;&nbsp;&nbsp;strtol
</UL>

<P><STRONG><a name="[1a9]"></a>__decompress</STRONG> (Thumb, 0 bytes, Stack size unknown bytes, __dclz77c.o(.text), UNUSED)

<P><STRONG><a name="[1aa]"></a>__decompress2</STRONG> (Thumb, 94 bytes, Stack size unknown bytes, __dclz77c.o(.text), UNUSED)

<P><STRONG><a name="[12d]"></a>ADC_ClearFlag</STRONG> (Thumb, 6 bytes, Stack size 0 bytes, stm32f4xx_adc.o(i.ADC_ClearFlag))
<BR><BR>[Called By]<UL><LI><a href="#[12c]">&gt;&gt;</a>&nbsp;&nbsp;&nbsp;Get_ADC_Value
</UL>

<P><STRONG><a name="[d8]"></a>ADC_Cmd</STRONG> (Thumb, 22 bytes, Stack size 0 bytes, stm32f4xx_adc.o(i.ADC_Cmd))
<BR><BR>[Called By]<UL><LI><a href="#[d0]">&gt;&gt;</a>&nbsp;&nbsp;&nbsp;ADC_Configure
</UL>

<P><STRONG><a name="[d4]"></a>ADC_CommonInit</STRONG> (Thumb, 34 bytes, Stack size 0 bytes, stm32f4xx_adc.o(i.ADC_CommonInit))
<BR><BR>[Called By]<UL><LI><a href="#[d0]">&gt;&gt;</a>&nbsp;&nbsp;&nbsp;ADC_Configure
</UL>

<P><STRONG><a name="[d0]"></a>ADC_Configure</STRONG> (Thumb, 132 bytes, Stack size 56 bytes, power_check.o(i.ADC_Configure))
<BR><BR>[Stack]<UL><LI>Max Depth = 76<LI>Call Chain = ADC_Configure &rArr; GPIO_Init
</UL>
<BR>[Calls]<UL><LI><a href="#[d1]">&gt;&gt;</a>&nbsp;&nbsp;&nbsp;RCC_AHB1PeriphClockCmd
<LI><a href="#[d3]">&gt;&gt;</a>&nbsp;&nbsp;&nbsp;GPIO_Init
<LI><a href="#[d5]">&gt;&gt;</a>&nbsp;&nbsp;&nbsp;RCC_APB2PeriphResetCmd
<LI><a href="#[d7]">&gt;&gt;</a>&nbsp;&nbsp;&nbsp;ADC_RegularChannelConfig
<LI><a href="#[d6]">&gt;&gt;</a>&nbsp;&nbsp;&nbsp;ADC_Init
<LI><a href="#[d4]">&gt;&gt;</a>&nbsp;&nbsp;&nbsp;ADC_CommonInit
<LI><a href="#[d8]">&gt;&gt;</a>&nbsp;&nbsp;&nbsp;ADC_Cmd
<LI><a href="#[d2]">&gt;&gt;</a>&nbsp;&nbsp;&nbsp;RCC_APB2PeriphClockCmd
</UL>
<BR>[Called By]<UL><LI><a href="#[126]">&gt;&gt;</a>&nbsp;&nbsp;&nbsp;Electricity_Init
</UL>

<P><STRONG><a name="[130]"></a>ADC_GetConversionValue</STRONG> (Thumb, 8 bytes, Stack size 0 bytes, stm32f4xx_adc.o(i.ADC_GetConversionValue))
<BR><BR>[Called By]<UL><LI><a href="#[12c]">&gt;&gt;</a>&nbsp;&nbsp;&nbsp;Get_ADC_Value
</UL>

<P><STRONG><a name="[12f]"></a>ADC_GetFlagStatus</STRONG> (Thumb, 18 bytes, Stack size 0 bytes, stm32f4xx_adc.o(i.ADC_GetFlagStatus))
<BR><BR>[Called By]<UL><LI><a href="#[12c]">&gt;&gt;</a>&nbsp;&nbsp;&nbsp;Get_ADC_Value
</UL>

<P><STRONG><a name="[d6]"></a>ADC_Init</STRONG> (Thumb, 74 bytes, Stack size 12 bytes, stm32f4xx_adc.o(i.ADC_Init))
<BR><BR>[Stack]<UL><LI>Max Depth = 12<LI>Call Chain = ADC_Init
</UL>
<BR>[Called By]<UL><LI><a href="#[d0]">&gt;&gt;</a>&nbsp;&nbsp;&nbsp;ADC_Configure
</UL>

<P><STRONG><a name="[d7]"></a>ADC_RegularChannelConfig</STRONG> (Thumb, 184 bytes, Stack size 20 bytes, stm32f4xx_adc.o(i.ADC_RegularChannelConfig))
<BR><BR>[Stack]<UL><LI>Max Depth = 20<LI>Call Chain = ADC_RegularChannelConfig
</UL>
<BR>[Called By]<UL><LI><a href="#[d0]">&gt;&gt;</a>&nbsp;&nbsp;&nbsp;ADC_Configure
</UL>

<P><STRONG><a name="[12e]"></a>ADC_SoftwareStartConv</STRONG> (Thumb, 10 bytes, Stack size 0 bytes, stm32f4xx_adc.o(i.ADC_SoftwareStartConv))
<BR><BR>[Called By]<UL><LI><a href="#[12c]">&gt;&gt;</a>&nbsp;&nbsp;&nbsp;Get_ADC_Value
</UL>

<P><STRONG><a name="[112]"></a>Abnormal_data</STRONG> (Thumb, 166 bytes, Stack size 16 bytes, communication.o(i.Abnormal_data))
<BR><BR>[Stack]<UL><LI>Max Depth = 16<LI>Call Chain = Abnormal_data
</UL>
<BR>[Called By]<UL><LI><a href="#[110]">&gt;&gt;</a>&nbsp;&nbsp;&nbsp;Can_WifiRx_Check
</UL>

<P><STRONG><a name="[d9]"></a>BH1750_Configure</STRONG> (Thumb, 20 bytes, Stack size 8 bytes, bh1750.o(i.BH1750_Configure))
<BR><BR>[Stack]<UL><LI>Max Depth = 76<LI>Call Chain = BH1750_Configure &rArr; Single_Write_BH1750 &rArr; BH1750_SendByte &rArr; BH1750_RecvACK &rArr; SDA_IN &rArr; GPIO_Init
</UL>
<BR>[Calls]<UL><LI><a href="#[db]">&gt;&gt;</a>&nbsp;&nbsp;&nbsp;Single_Write_BH1750
<LI><a href="#[da]">&gt;&gt;</a>&nbsp;&nbsp;&nbsp;BH1750_PortInit
</UL>
<BR>[Called By]<UL><LI><a href="#[13f]">&gt;&gt;</a>&nbsp;&nbsp;&nbsp;Hardware_Init
</UL>

<P><STRONG><a name="[da]"></a>BH1750_PortInit</STRONG> (Thumb, 74 bytes, Stack size 16 bytes, bh1750.o(i.BH1750_PortInit))
<BR><BR>[Stack]<UL><LI>Max Depth = 36<LI>Call Chain = BH1750_PortInit &rArr; GPIO_Init
</UL>
<BR>[Calls]<UL><LI><a href="#[d1]">&gt;&gt;</a>&nbsp;&nbsp;&nbsp;RCC_AHB1PeriphClockCmd
<LI><a href="#[d3]">&gt;&gt;</a>&nbsp;&nbsp;&nbsp;GPIO_Init
</UL>
<BR>[Called By]<UL><LI><a href="#[d9]">&gt;&gt;</a>&nbsp;&nbsp;&nbsp;BH1750_Configure
</UL>

<P><STRONG><a name="[dc]"></a>BH1750_RecvACK</STRONG> (Thumb, 42 bytes, Stack size 8 bytes, bh1750.o(i.BH1750_RecvACK))
<BR><BR>[Stack]<UL><LI>Max Depth = 44<LI>Call Chain = BH1750_RecvACK &rArr; SDA_IN &rArr; GPIO_Init
</UL>
<BR>[Calls]<UL><LI><a href="#[dd]">&gt;&gt;</a>&nbsp;&nbsp;&nbsp;SDA_IN
<LI><a href="#[de]">&gt;&gt;</a>&nbsp;&nbsp;&nbsp;delay_us
</UL>
<BR>[Called By]<UL><LI><a href="#[e2]">&gt;&gt;</a>&nbsp;&nbsp;&nbsp;BH1750_SendByte
</UL>

<P><STRONG><a name="[df]"></a>BH1750_RecvByte</STRONG> (Thumb, 74 bytes, Stack size 16 bytes, bh1750.o(i.BH1750_RecvByte))
<BR><BR>[Stack]<UL><LI>Max Depth = 52<LI>Call Chain = BH1750_RecvByte &rArr; SDA_IN &rArr; GPIO_Init
</UL>
<BR>[Calls]<UL><LI><a href="#[dd]">&gt;&gt;</a>&nbsp;&nbsp;&nbsp;SDA_IN
<LI><a href="#[de]">&gt;&gt;</a>&nbsp;&nbsp;&nbsp;delay_us
</UL>
<BR>[Called By]<UL><LI><a href="#[132]">&gt;&gt;</a>&nbsp;&nbsp;&nbsp;Multiple_Read_BH1750
</UL>

<P><STRONG><a name="[e0]"></a>BH1750_SendACK</STRONG> (Thumb, 54 bytes, Stack size 8 bytes, bh1750.o(i.BH1750_SendACK))
<BR><BR>[Stack]<UL><LI>Max Depth = 44<LI>Call Chain = BH1750_SendACK &rArr; SDA_OUT &rArr; GPIO_Init
</UL>
<BR>[Calls]<UL><LI><a href="#[e1]">&gt;&gt;</a>&nbsp;&nbsp;&nbsp;SDA_OUT
<LI><a href="#[de]">&gt;&gt;</a>&nbsp;&nbsp;&nbsp;delay_us
</UL>
<BR>[Called By]<UL><LI><a href="#[132]">&gt;&gt;</a>&nbsp;&nbsp;&nbsp;Multiple_Read_BH1750
</UL>

<P><STRONG><a name="[e2]"></a>BH1750_SendByte</STRONG> (Thumb, 78 bytes, Stack size 16 bytes, bh1750.o(i.BH1750_SendByte))
<BR><BR>[Stack]<UL><LI>Max Depth = 60<LI>Call Chain = BH1750_SendByte &rArr; BH1750_RecvACK &rArr; SDA_IN &rArr; GPIO_Init
</UL>
<BR>[Calls]<UL><LI><a href="#[e1]">&gt;&gt;</a>&nbsp;&nbsp;&nbsp;SDA_OUT
<LI><a href="#[dc]">&gt;&gt;</a>&nbsp;&nbsp;&nbsp;BH1750_RecvACK
<LI><a href="#[de]">&gt;&gt;</a>&nbsp;&nbsp;&nbsp;delay_us
</UL>
<BR>[Called By]<UL><LI><a href="#[db]">&gt;&gt;</a>&nbsp;&nbsp;&nbsp;Single_Write_BH1750
<LI><a href="#[132]">&gt;&gt;</a>&nbsp;&nbsp;&nbsp;Multiple_Read_BH1750
</UL>

<P><STRONG><a name="[e3]"></a>BH1750_Start</STRONG> (Thumb, 46 bytes, Stack size 8 bytes, bh1750.o(i.BH1750_Start))
<BR><BR>[Stack]<UL><LI>Max Depth = 44<LI>Call Chain = BH1750_Start &rArr; SDA_OUT &rArr; GPIO_Init
</UL>
<BR>[Calls]<UL><LI><a href="#[e1]">&gt;&gt;</a>&nbsp;&nbsp;&nbsp;SDA_OUT
<LI><a href="#[de]">&gt;&gt;</a>&nbsp;&nbsp;&nbsp;delay_us
</UL>
<BR>[Called By]<UL><LI><a href="#[db]">&gt;&gt;</a>&nbsp;&nbsp;&nbsp;Single_Write_BH1750
<LI><a href="#[132]">&gt;&gt;</a>&nbsp;&nbsp;&nbsp;Multiple_Read_BH1750
</UL>

<P><STRONG><a name="[e4]"></a>BH1750_Stop</STRONG> (Thumb, 40 bytes, Stack size 8 bytes, bh1750.o(i.BH1750_Stop))
<BR><BR>[Stack]<UL><LI>Max Depth = 44<LI>Call Chain = BH1750_Stop &rArr; SDA_OUT &rArr; GPIO_Init
</UL>
<BR>[Calls]<UL><LI><a href="#[e1]">&gt;&gt;</a>&nbsp;&nbsp;&nbsp;SDA_OUT
<LI><a href="#[de]">&gt;&gt;</a>&nbsp;&nbsp;&nbsp;delay_us
</UL>
<BR>[Called By]<UL><LI><a href="#[db]">&gt;&gt;</a>&nbsp;&nbsp;&nbsp;Single_Write_BH1750
<LI><a href="#[132]">&gt;&gt;</a>&nbsp;&nbsp;&nbsp;Multiple_Read_BH1750
</UL>

<P><STRONG><a name="[e5]"></a>BKRC_Voice_Init</STRONG> (Thumb, 8 bytes, Stack size 8 bytes, bkrc_voice.o(i.BKRC_Voice_Init))
<BR><BR>[Stack]<UL><LI>Max Depth = 108<LI>Call Chain = BKRC_Voice_Init &rArr; USART6_Hardware_Init &rArr; USART_Init &rArr; RCC_GetClocksFreq
</UL>
<BR>[Calls]<UL><LI><a href="#[e6]">&gt;&gt;</a>&nbsp;&nbsp;&nbsp;USART6_Hardware_Init
</UL>
<BR>[Called By]<UL><LI><a href="#[13f]">&gt;&gt;</a>&nbsp;&nbsp;&nbsp;Hardware_Init
</UL>

<P><STRONG><a name="[e7]"></a>CAN_DeInit</STRONG> (Thumb, 50 bytes, Stack size 8 bytes, stm32f4xx_can.o(i.CAN_DeInit))
<BR><BR>[Stack]<UL><LI>Max Depth = 8<LI>Call Chain = CAN_DeInit
</UL>
<BR>[Calls]<UL><LI><a href="#[e8]">&gt;&gt;</a>&nbsp;&nbsp;&nbsp;RCC_APB1PeriphResetCmd
</UL>
<BR>[Called By]<UL><LI><a href="#[137]">&gt;&gt;</a>&nbsp;&nbsp;&nbsp;Hard_Can_Init
</UL>

<P><STRONG><a name="[ef]"></a>CAN_FilterInit</STRONG> (Thumb, 258 bytes, Stack size 8 bytes, stm32f4xx_can.o(i.CAN_FilterInit))
<BR><BR>[Stack]<UL><LI>Max Depth = 8<LI>Call Chain = CAN_FilterInit
</UL>
<BR>[Called By]<UL><LI><a href="#[137]">&gt;&gt;</a>&nbsp;&nbsp;&nbsp;Hard_Can_Init
<LI><a href="#[ee]">&gt;&gt;</a>&nbsp;&nbsp;&nbsp;CanDrv_FiterUpdata
</UL>

<P><STRONG><a name="[13b]"></a>CAN_ITConfig</STRONG> (Thumb, 18 bytes, Stack size 0 bytes, stm32f4xx_can.o(i.CAN_ITConfig))
<BR><BR>[Called By]<UL><LI><a href="#[137]">&gt;&gt;</a>&nbsp;&nbsp;&nbsp;Hard_Can_Init
</UL>

<P><STRONG><a name="[13a]"></a>CAN_Init</STRONG> (Thumb, 276 bytes, Stack size 12 bytes, stm32f4xx_can.o(i.CAN_Init))
<BR><BR>[Stack]<UL><LI>Max Depth = 12<LI>Call Chain = CAN_Init
</UL>
<BR>[Called By]<UL><LI><a href="#[137]">&gt;&gt;</a>&nbsp;&nbsp;&nbsp;Hard_Can_Init
</UL>

<P><STRONG><a name="[f3]"></a>CAN_MessagePending</STRONG> (Thumb, 30 bytes, Stack size 0 bytes, stm32f4xx_can.o(i.CAN_MessagePending))
<BR><BR>[Called By]<UL><LI><a href="#[f4]">&gt;&gt;</a>&nbsp;&nbsp;&nbsp;CanDrv_RxGetMeesage
<LI><a href="#[f2]">&gt;&gt;</a>&nbsp;&nbsp;&nbsp;CanDrv_RxCheck
</UL>

<P><STRONG><a name="[f5]"></a>CAN_Receive</STRONG> (Thumb, 240 bytes, Stack size 8 bytes, stm32f4xx_can.o(i.CAN_Receive))
<BR><BR>[Stack]<UL><LI>Max Depth = 8<LI>Call Chain = CAN_Receive
</UL>
<BR>[Called By]<UL><LI><a href="#[f4]">&gt;&gt;</a>&nbsp;&nbsp;&nbsp;CanDrv_RxGetMeesage
</UL>

<P><STRONG><a name="[f8]"></a>CAN_Transmit</STRONG> (Thumb, 294 bytes, Stack size 8 bytes, stm32f4xx_can.o(i.CAN_Transmit))
<BR><BR>[Stack]<UL><LI>Max Depth = 8<LI>Call Chain = CAN_Transmit
</UL>
<BR>[Called By]<UL><LI><a href="#[f6]">&gt;&gt;</a>&nbsp;&nbsp;&nbsp;CanDrv_TxData
</UL>

<P><STRONG><a name="[f9]"></a>CAN_TransmitStatus</STRONG> (Thumb, 138 bytes, Stack size 8 bytes, stm32f4xx_can.o(i.CAN_TransmitStatus))
<BR><BR>[Stack]<UL><LI>Max Depth = 8<LI>Call Chain = CAN_TransmitStatus
</UL>
<BR>[Called By]<UL><LI><a href="#[f6]">&gt;&gt;</a>&nbsp;&nbsp;&nbsp;CanDrv_TxData
</UL>

<P><STRONG><a name="[e9]"></a>CalulateCRC</STRONG> (Thumb, 110 bytes, Stack size 24 bytes, rc522.o(i.CalulateCRC))
<BR><BR>[Stack]<UL><LI>Max Depth = 96<LI>Call Chain = CalulateCRC &rArr; SetBitMask &rArr; WriteRawRC &rArr; WriteRawRC_HDL &rArr; Rece_data
</UL>
<BR>[Calls]<UL><LI><a href="#[eb]">&gt;&gt;</a>&nbsp;&nbsp;&nbsp;WriteRawRC
<LI><a href="#[ec]">&gt;&gt;</a>&nbsp;&nbsp;&nbsp;SetBitMask
<LI><a href="#[ed]">&gt;&gt;</a>&nbsp;&nbsp;&nbsp;ReadRawRC
<LI><a href="#[ea]">&gt;&gt;</a>&nbsp;&nbsp;&nbsp;ClearBitMask
</UL>
<BR>[Called By]<UL><LI><a href="#[158]">&gt;&gt;</a>&nbsp;&nbsp;&nbsp;PcdWrite
<LI><a href="#[157]">&gt;&gt;</a>&nbsp;&nbsp;&nbsp;PcdSelect
<LI><a href="#[154]">&gt;&gt;</a>&nbsp;&nbsp;&nbsp;PcdRead
</UL>

<P><STRONG><a name="[ee]"></a>CanDrv_FiterUpdata</STRONG> (Thumb, 616 bytes, Stack size 48 bytes, can_drv.o(i.CanDrv_FiterUpdata))
<BR><BR>[Stack]<UL><LI>Max Depth = 56<LI>Call Chain = CanDrv_FiterUpdata &rArr; CAN_FilterInit
</UL>
<BR>[Calls]<UL><LI><a href="#[ef]">&gt;&gt;</a>&nbsp;&nbsp;&nbsp;CAN_FilterInit
<LI><a href="#[f1]">&gt;&gt;</a>&nbsp;&nbsp;&nbsp;CanDrv_Fiter_Create32bit
<LI><a href="#[f0]">&gt;&gt;</a>&nbsp;&nbsp;&nbsp;CanDrv_Fiter_Create16bit
</UL>
<BR>[Called By]<UL><LI><a href="#[10e]">&gt;&gt;</a>&nbsp;&nbsp;&nbsp;CanP_Init
</UL>

<P><STRONG><a name="[f2]"></a>CanDrv_RxCheck</STRONG> (Thumb, 12 bytes, Stack size 8 bytes, can_drv.o(i.CanDrv_RxCheck))
<BR><BR>[Stack]<UL><LI>Max Depth = 8<LI>Call Chain = CanDrv_RxCheck
</UL>
<BR>[Calls]<UL><LI><a href="#[f3]">&gt;&gt;</a>&nbsp;&nbsp;&nbsp;CAN_MessagePending
</UL>
<BR>[Called By]<UL><LI><a href="#[fa]">&gt;&gt;</a>&nbsp;&nbsp;&nbsp;CanP_CanRx_Check
</UL>

<P><STRONG><a name="[f4]"></a>CanDrv_RxGetMeesage</STRONG> (Thumb, 34 bytes, Stack size 16 bytes, can_drv.o(i.CanDrv_RxGetMeesage))
<BR><BR>[Stack]<UL><LI>Max Depth = 24<LI>Call Chain = CanDrv_RxGetMeesage &rArr; CAN_Receive
</UL>
<BR>[Calls]<UL><LI><a href="#[f5]">&gt;&gt;</a>&nbsp;&nbsp;&nbsp;CAN_Receive
<LI><a href="#[f3]">&gt;&gt;</a>&nbsp;&nbsp;&nbsp;CAN_MessagePending
</UL>
<BR>[Called By]<UL><LI><a href="#[fb]">&gt;&gt;</a>&nbsp;&nbsp;&nbsp;CanP_CanRx_Irq
</UL>

<P><STRONG><a name="[f6]"></a>CanDrv_TxData</STRONG> (Thumb, 106 bytes, Stack size 32 bytes, can_drv.o(i.CanDrv_TxData))
<BR><BR>[Stack]<UL><LI>Max Depth = 40<LI>Call Chain = CanDrv_TxData &rArr; CAN_TransmitStatus
</UL>
<BR>[Calls]<UL><LI><a href="#[f9]">&gt;&gt;</a>&nbsp;&nbsp;&nbsp;CAN_TransmitStatus
<LI><a href="#[f8]">&gt;&gt;</a>&nbsp;&nbsp;&nbsp;CAN_Transmit
<LI><a href="#[f7]">&gt;&gt;</a>&nbsp;&nbsp;&nbsp;__aeabi_memcpy
</UL>
<BR>[Called By]<UL><LI><a href="#[122]">&gt;&gt;</a>&nbsp;&nbsp;&nbsp;Send_UpMotor
<LI><a href="#[102]">&gt;&gt;</a>&nbsp;&nbsp;&nbsp;CanP_Cmd_Send
<LI><a href="#[ff]">&gt;&gt;</a>&nbsp;&nbsp;&nbsp;CanP_CanTx_Check_fIrq
</UL>

<P><STRONG><a name="[100]"></a>CanDrv_TxEmptyCheck</STRONG> (Thumb, 18 bytes, Stack size 0 bytes, can_drv.o(i.CanDrv_TxEmptyCheck))
<BR><BR>[Called By]<UL><LI><a href="#[122]">&gt;&gt;</a>&nbsp;&nbsp;&nbsp;Send_UpMotor
<LI><a href="#[ff]">&gt;&gt;</a>&nbsp;&nbsp;&nbsp;CanP_CanTx_Check_fIrq
</UL>

<P><STRONG><a name="[fa]"></a>CanP_CanRx_Check</STRONG> (Thumb, 18 bytes, Stack size 8 bytes, canp_hostcom.o(i.CanP_CanRx_Check))
<BR><BR>[Stack]<UL><LI>Max Depth = 64<LI>Call Chain = CanP_CanRx_Check &rArr; CanP_CanRx_Irq &rArr; FifoDrv_BufWrite &rArr; FifoDrv_WriteOne &rArr; FifoDrv_CheckWriteEn
</UL>
<BR>[Calls]<UL><LI><a href="#[fb]">&gt;&gt;</a>&nbsp;&nbsp;&nbsp;CanP_CanRx_Irq
<LI><a href="#[f2]">&gt;&gt;</a>&nbsp;&nbsp;&nbsp;CanDrv_RxCheck
</UL>
<BR>[Called By]<UL><LI><a href="#[108]">&gt;&gt;</a>&nbsp;&nbsp;&nbsp;CanP_Host_Main
</UL>

<P><STRONG><a name="[fb]"></a>CanP_CanRx_Irq</STRONG> (Thumb, 146 bytes, Stack size 8 bytes, canp_hostcom.o(i.CanP_CanRx_Irq))
<BR><BR>[Stack]<UL><LI>Max Depth = 56<LI>Call Chain = CanP_CanRx_Irq &rArr; FifoDrv_BufWrite &rArr; FifoDrv_WriteOne &rArr; FifoDrv_CheckWriteEn
</UL>
<BR>[Calls]<UL><LI><a href="#[fc]">&gt;&gt;</a>&nbsp;&nbsp;&nbsp;FifoDrv_BufWrite
<LI><a href="#[f4]">&gt;&gt;</a>&nbsp;&nbsp;&nbsp;CanDrv_RxGetMeesage
</UL>
<BR>[Called By]<UL><LI><a href="#[fa]">&gt;&gt;</a>&nbsp;&nbsp;&nbsp;CanP_CanRx_Check
</UL>

<P><STRONG><a name="[fd]"></a>CanP_CanRx_TrackUp</STRONG> (Thumb, 14 bytes, Stack size 4 bytes, canp_hostcom.o(i.CanP_CanRx_TrackUp))
<BR><BR>[Stack]<UL><LI>Max Depth = 4<LI>Call Chain = CanP_CanRx_TrackUp
</UL>
<BR>[Calls]<UL><LI><a href="#[fe]">&gt;&gt;</a>&nbsp;&nbsp;&nbsp;Host_Receive_UpTrack
</UL>
<BR>[Called By]<UL><LI><a href="#[108]">&gt;&gt;</a>&nbsp;&nbsp;&nbsp;CanP_Host_Main
</UL>

<P><STRONG><a name="[ff]"></a>CanP_CanTx_Check_fIrq</STRONG> (Thumb, 204 bytes, Stack size 24 bytes, canp_hostcom.o(i.CanP_CanTx_Check_fIrq))
<BR><BR>[Stack]<UL><LI>Max Depth = 88<LI>Call Chain = CanP_CanTx_Check_fIrq &rArr; CanP_Cmd_Send &rArr; CanDrv_TxData &rArr; CAN_TransmitStatus
</UL>
<BR>[Calls]<UL><LI><a href="#[103]">&gt;&gt;</a>&nbsp;&nbsp;&nbsp;FifoDrv_BufRead
<LI><a href="#[102]">&gt;&gt;</a>&nbsp;&nbsp;&nbsp;CanP_Cmd_Send
<LI><a href="#[101]">&gt;&gt;</a>&nbsp;&nbsp;&nbsp;CanP_Cmd_Check
<LI><a href="#[100]">&gt;&gt;</a>&nbsp;&nbsp;&nbsp;CanDrv_TxEmptyCheck
<LI><a href="#[f6]">&gt;&gt;</a>&nbsp;&nbsp;&nbsp;CanDrv_TxData
</UL>
<BR>[Called By]<UL><LI><a href="#[11f]">&gt;&gt;</a>&nbsp;&nbsp;&nbsp;Canuser_main
</UL>

<P><STRONG><a name="[101]"></a>CanP_Cmd_Check</STRONG> (Thumb, 36 bytes, Stack size 0 bytes, canp_hostcom.o(i.CanP_Cmd_Check))
<BR><BR>[Called By]<UL><LI><a href="#[ff]">&gt;&gt;</a>&nbsp;&nbsp;&nbsp;CanP_CanTx_Check_fIrq
</UL>

<P><STRONG><a name="[10f]"></a>CanP_Cmd_Init</STRONG> (Thumb, 26 bytes, Stack size 0 bytes, canp_hostcom.o(i.CanP_Cmd_Init))
<BR><BR>[Called By]<UL><LI><a href="#[10e]">&gt;&gt;</a>&nbsp;&nbsp;&nbsp;CanP_Init
</UL>

<P><STRONG><a name="[102]"></a>CanP_Cmd_Send</STRONG> (Thumb, 66 bytes, Stack size 24 bytes, canp_hostcom.o(i.CanP_Cmd_Send))
<BR><BR>[Stack]<UL><LI>Max Depth = 64<LI>Call Chain = CanP_Cmd_Send &rArr; CanDrv_TxData &rArr; CAN_TransmitStatus
</UL>
<BR>[Calls]<UL><LI><a href="#[f6]">&gt;&gt;</a>&nbsp;&nbsp;&nbsp;CanDrv_TxData
</UL>
<BR>[Called By]<UL><LI><a href="#[ff]">&gt;&gt;</a>&nbsp;&nbsp;&nbsp;CanP_CanTx_Check_fIrq
</UL>

<P><STRONG><a name="[104]"></a>CanP_Cmd_Write</STRONG> (Thumb, 78 bytes, Stack size 24 bytes, canp_hostcom.o(i.CanP_Cmd_Write))
<BR><BR>[Stack]<UL><LI>Max Depth = 24<LI>Call Chain = CanP_Cmd_Write
</UL>
<BR>[Calls]<UL><LI><a href="#[f7]">&gt;&gt;</a>&nbsp;&nbsp;&nbsp;__aeabi_memcpy
</UL>
<BR>[Called By]<UL><LI><a href="#[122]">&gt;&gt;</a>&nbsp;&nbsp;&nbsp;Send_UpMotor
<LI><a href="#[15c]">&gt;&gt;</a>&nbsp;&nbsp;&nbsp;Send_Electric
</UL>

<P><STRONG><a name="[105]"></a>CanP_FifoInit</STRONG> (Thumb, 54 bytes, Stack size 8 bytes, canp_hostcom.o(i.CanP_FifoInit))
<BR><BR>[Stack]<UL><LI>Max Depth = 40<LI>Call Chain = CanP_FifoInit &rArr; CanP_FifoInitS &rArr; FifoDrv_Init
</UL>
<BR>[Calls]<UL><LI><a href="#[106]">&gt;&gt;</a>&nbsp;&nbsp;&nbsp;CanP_FifoInitS
</UL>
<BR>[Called By]<UL><LI><a href="#[10e]">&gt;&gt;</a>&nbsp;&nbsp;&nbsp;CanP_Init
</UL>

<P><STRONG><a name="[106]"></a>CanP_FifoInitS</STRONG> (Thumb, 22 bytes, Stack size 16 bytes, canp_hostcom.o(i.CanP_FifoInitS))
<BR><BR>[Stack]<UL><LI>Max Depth = 32<LI>Call Chain = CanP_FifoInitS &rArr; FifoDrv_Init
</UL>
<BR>[Calls]<UL><LI><a href="#[107]">&gt;&gt;</a>&nbsp;&nbsp;&nbsp;FifoDrv_Init
</UL>
<BR>[Called By]<UL><LI><a href="#[105]">&gt;&gt;</a>&nbsp;&nbsp;&nbsp;CanP_FifoInit
</UL>

<P><STRONG><a name="[108]"></a>CanP_Host_Main</STRONG> (Thumb, 228 bytes, Stack size 16 bytes, canp_hostcom.o(i.CanP_Host_Main))
<BR><BR>[Stack]<UL><LI>Max Depth = 80<LI>Call Chain = CanP_Host_Main &rArr; CanP_CanRx_Check &rArr; CanP_CanRx_Irq &rArr; FifoDrv_BufWrite &rArr; FifoDrv_WriteOne &rArr; FifoDrv_CheckWriteEn
</UL>
<BR>[Calls]<UL><LI><a href="#[109]">&gt;&gt;</a>&nbsp;&nbsp;&nbsp;FifoDrv_ReadOne
<LI><a href="#[10b]">&gt;&gt;</a>&nbsp;&nbsp;&nbsp;Can_ZigBeeRx_Save
<LI><a href="#[10a]">&gt;&gt;</a>&nbsp;&nbsp;&nbsp;Can_WifiRx_Save
<LI><a href="#[fd]">&gt;&gt;</a>&nbsp;&nbsp;&nbsp;CanP_CanRx_TrackUp
<LI><a href="#[fa]">&gt;&gt;</a>&nbsp;&nbsp;&nbsp;CanP_CanRx_Check
<LI><a href="#[10c]">&gt;&gt;</a>&nbsp;&nbsp;&nbsp;U8ToU16_Big
<LI><a href="#[10d]">&gt;&gt;</a>&nbsp;&nbsp;&nbsp;U8ToU16
</UL>
<BR>[Called By]<UL><LI><a href="#[11f]">&gt;&gt;</a>&nbsp;&nbsp;&nbsp;Canuser_main
</UL>

[...]
<BR><BR>[Stack]<UL><LI>Max Depth = 96<LI>Call Chain = xSmart_TFT_Image_Display &rArr; Send_ZigbeeData_To_Fifo &rArr; FifoDrv_BufWrite &rArr; FifoDrv_WriteOne &rArr; FifoDrv_CheckWriteEn
</UL>
<BR>[Calls]<UL><LI><a href="#[134]">&gt;&gt;</a>&nbsp;&nbsp;&nbsp;delay_ms
<LI><a href="#[116]">&gt;&gt;</a>&nbsp;&nbsp;&nbsp;Send_ZigbeeData_To_Fifo
</UL>
<BR>[Address Reference Count : 1]<UL><LI> smart_tft_display.o(.data)
</UL>
<P><STRONG><a name="[30]"></a>xSmart_TFT_Image_Up_Dowm_Auto</STRONG> (Thumb, 148 bytes, Stack size 32 bytes, smart_tft_display.o(i.xSmart_TFT_Image_Up_Dowm_Auto))
<BR><BR>[Stack]<UL><LI>Max Depth = 96<LI>Call Chain = xSmart_TFT_Image_Up_Dowm_Auto &rArr; Send_ZigbeeData_To_Fifo &rArr; FifoDrv_BufWrite &rArr; FifoDrv_WriteOne &rArr; FifoDrv_CheckWriteEn
</UL>
<BR>[Calls]<UL><LI><a href="#[116]">&gt;&gt;</a>&nbsp;&nbsp;&nbsp;Send_ZigbeeData_To_Fifo
</UL>
<BR>[Address Reference Count : 1]<UL><LI> smart_tft_display.o(.data)
</UL>
<P><STRONG><a name="[31]"></a>xSmart_TFT_Licence_Display</STRONG> (Thumb, 232 bytes, Stack size 32 bytes, smart_tft_display.o(i.xSmart_TFT_Licence_Display))
<BR><BR>[Stack]<UL><LI>Max Depth = 96<LI>Call Chain = xSmart_TFT_Licence_Display &rArr; Send_ZigbeeData_To_Fifo &rArr; FifoDrv_BufWrite &rArr; FifoDrv_WriteOne &rArr; FifoDrv_CheckWriteEn
</UL>
<BR>[Calls]<UL><LI><a href="#[134]">&gt;&gt;</a>&nbsp;&nbsp;&nbsp;delay_ms
<LI><a href="#[116]">&gt;&gt;</a>&nbsp;&nbsp;&nbsp;Send_ZigbeeData_To_Fifo
</UL>
<BR>[Address Reference Count : 1]<UL><LI> smart_tft_display.o(.data)
</UL>
<P><STRONG><a name="[32]"></a>xSmart_TFT_Time_Diaplay</STRONG> (Thumb, 166 bytes, Stack size 32 bytes, smart_tft_display.o(i.xSmart_TFT_Time_Diaplay))
<BR><BR>[Stack]<UL><LI>Max Depth = 96<LI>Call Chain = xSmart_TFT_Time_Diaplay &rArr; Send_ZigbeeData_To_Fifo &rArr; FifoDrv_BufWrite &rArr; FifoDrv_WriteOne &rArr; FifoDrv_CheckWriteEn
</UL>
<BR>[Calls]<UL><LI><a href="#[134]">&gt;&gt;</a>&nbsp;&nbsp;&nbsp;delay_ms
<LI><a href="#[116]">&gt;&gt;</a>&nbsp;&nbsp;&nbsp;Send_ZigbeeData_To_Fifo
</UL>
<BR>[Address Reference Count : 1]<UL><LI> smart_tft_display.o(.data)
</UL>
<P><STRONG><a name="[35]"></a>xSmart_TFT_Traffic_Flag_Diaplay</STRONG> (Thumb, 180 bytes, Stack size 32 bytes, smart_tft_display.o(i.xSmart_TFT_Traffic_Flag_Diaplay))
<BR><BR>[Stack]<UL><LI>Max Depth = 96<LI>Call Chain = xSmart_TFT_Traffic_Flag_Diaplay &rArr; Send_ZigbeeData_To_Fifo &rArr; FifoDrv_BufWrite &rArr; FifoDrv_WriteOne &rArr; FifoDrv_CheckWriteEn
</UL>
<BR>[Calls]<UL><LI><a href="#[134]">&gt;&gt;</a>&nbsp;&nbsp;&nbsp;delay_ms
<LI><a href="#[116]">&gt;&gt;</a>&nbsp;&nbsp;&nbsp;Send_ZigbeeData_To_Fifo
</UL>
<BR>[Address Reference Count : 1]<UL><LI> smart_tft_display.o(.data)
</UL>
<P><STRONG><a name="[36]"></a>xSmart_Traffic_Ask_State</STRONG> (Thumb, 210 bytes, Stack size 32 bytes, smart_traffic_light.o(i.xSmart_Traffic_Ask_State))
<BR><BR>[Stack]<UL><LI>Max Depth = 96<LI>Call Chain = xSmart_Traffic_Ask_State &rArr; Send_ZigbeeData_To_Fifo &rArr; FifoDrv_BufWrite &rArr; FifoDrv_WriteOne &rArr; FifoDrv_CheckWriteEn
</UL>
<BR>[Calls]<UL><LI><a href="#[134]">&gt;&gt;</a>&nbsp;&nbsp;&nbsp;delay_ms
<LI><a href="#[116]">&gt;&gt;</a>&nbsp;&nbsp;&nbsp;Send_ZigbeeData_To_Fifo
</UL>
<BR>[Address Reference Count : 1]<UL><LI> smart_traffic_light.o(.data)
</UL>
<P><STRONG><a name="[37]"></a>xSmart_Traffic_Colour_Recognition</STRONG> (Thumb, 148 bytes, Stack size 32 bytes, smart_traffic_light.o(i.xSmart_Traffic_Colour_Recognition))
<BR><BR>[Stack]<UL><LI>Max Depth = 96<LI>Call Chain = xSmart_Traffic_Colour_Recognition &rArr; Send_ZigbeeData_To_Fifo &rArr; FifoDrv_BufWrite &rArr; FifoDrv_WriteOne &rArr; FifoDrv_CheckWriteEn
</UL>
<BR>[Calls]<UL><LI><a href="#[134]">&gt;&gt;</a>&nbsp;&nbsp;&nbsp;delay_ms
<LI><a href="#[116]">&gt;&gt;</a>&nbsp;&nbsp;&nbsp;Send_ZigbeeData_To_Fifo
</UL>
<BR>[Address Reference Count : 1]<UL><LI> smart_traffic_light.o(.data)
</UL>
<P><STRONG><a name="[b]"></a>xStart_Command_To_FollowCar</STRONG> (Thumb, 104 bytes, Stack size 32 bytes, follow_car.o(i.xStart_Command_To_FollowCar))
<BR><BR>[Stack]<UL><LI>Max Depth = 32<LI>Call Chain = xStart_Command_To_FollowCar
</UL>
<BR>[Calls]<UL><LI><a href="#[134]">&gt;&gt;</a>&nbsp;&nbsp;&nbsp;delay_ms
</UL>
<BR>[Address Reference Count : 1]<UL><LI> follow_car.o(.data)
</UL>
<P><STRONG><a name="[3]"></a>xTIM2_Init</STRONG> (Thumb, 114 bytes, Stack size 24 bytes, mixture.o(i.xTIM2_Init))
<BR><BR>[Stack]<UL><LI>Max Depth = 40<LI>Call Chain = xTIM2_Init &rArr; NVIC_Init
</UL>
<BR>[Calls]<UL><LI><a href="#[11b]">&gt;&gt;</a>&nbsp;&nbsp;&nbsp;TIM_TimeBaseInit
<LI><a href="#[195]">&gt;&gt;</a>&nbsp;&nbsp;&nbsp;TIM_InternalClockConfig
<LI><a href="#[11d]">&gt;&gt;</a>&nbsp;&nbsp;&nbsp;TIM_ITConfig
<LI><a href="#[11e]">&gt;&gt;</a>&nbsp;&nbsp;&nbsp;TIM_Cmd
<LI><a href="#[11a]">&gt;&gt;</a>&nbsp;&nbsp;&nbsp;RCC_APB1PeriphClockCmd
<LI><a href="#[11c]">&gt;&gt;</a>&nbsp;&nbsp;&nbsp;NVIC_Init
<LI><a href="#[140]">&gt;&gt;</a>&nbsp;&nbsp;&nbsp;NVIC_PriorityGroupConfig
</UL>
<BR>[Address Reference Count : 1]<UL><LI> mixture.o(.data)
</UL>
<P><STRONG><a name="[4]"></a>xTIM3_Init</STRONG> (Thumb, 106 bytes, Stack size 24 bytes, mixture.o(i.xTIM3_Init))
<BR><BR>[Stack]<UL><LI>Max Depth = 40<LI>Call Chain = xTIM3_Init &rArr; NVIC_Init
</UL>
<BR>[Calls]<UL><LI><a href="#[11b]">&gt;&gt;</a>&nbsp;&nbsp;&nbsp;TIM_TimeBaseInit
<LI><a href="#[195]">&gt;&gt;</a>&nbsp;&nbsp;&nbsp;TIM_InternalClockConfig
<LI><a href="#[11d]">&gt;&gt;</a>&nbsp;&nbsp;&nbsp;TIM_ITConfig
<LI><a href="#[11e]">&gt;&gt;</a>&nbsp;&nbsp;&nbsp;TIM_Cmd
<LI><a href="#[11a]">&gt;&gt;</a>&nbsp;&nbsp;&nbsp;RCC_APB1PeriphClockCmd
<LI><a href="#[11c]">&gt;&gt;</a>&nbsp;&nbsp;&nbsp;NVIC_Init
<LI><a href="#[140]">&gt;&gt;</a>&nbsp;&nbsp;&nbsp;NVIC_PriorityGroupConfig
</UL>
<BR>[Address Reference Count : 1]<UL><LI> mixture.o(.data)
</UL>
<P><STRONG><a name="[9]"></a>xTba_Both_Led</STRONG> (Thumb, 28 bytes, Stack size 0 bytes, mixture.o(i.xTba_Both_Led))
<BR>[Address Reference Count : 1]<UL><LI> mixture.o(.data)
</UL>
<P><STRONG><a name="[3d]"></a>xVoice_Report_Appoint_Command</STRONG> (Thumb, 152 bytes, Stack size 32 bytes, voice_report.o(i.xVoice_Report_Appoint_Command))
<BR><BR>[Stack]<UL><LI>Max Depth = 96<LI>Call Chain = xVoice_Report_Appoint_Command &rArr; Send_ZigbeeData_To_Fifo &rArr; FifoDrv_BufWrite &rArr; FifoDrv_WriteOne &rArr; FifoDrv_CheckWriteEn
</UL>
<BR>[Calls]<UL><LI><a href="#[134]">&gt;&gt;</a>&nbsp;&nbsp;&nbsp;delay_ms
<LI><a href="#[116]">&gt;&gt;</a>&nbsp;&nbsp;&nbsp;Send_ZigbeeData_To_Fifo
</UL>
<BR>[Address Reference Count : 1]<UL><LI> voice_report.o(.data)
</UL>
<P><STRONG><a name="[46]"></a>xVoice_Report_Complex_Control</STRONG> (Thumb, 96 bytes, Stack size 16 bytes, voice_report.o(i.xVoice_Report_Complex_Control))
<BR><BR>[Stack]<UL><LI>Max Depth = 80<LI>Call Chain = xVoice_Report_Complex_Control &rArr; Send_ZigbeeData_To_Fifo &rArr; FifoDrv_BufWrite &rArr; FifoDrv_WriteOne &rArr; FifoDrv_CheckWriteEn
</UL>
<BR>[Calls]<UL><LI><a href="#[134]">&gt;&gt;</a>&nbsp;&nbsp;&nbsp;delay_ms
<LI><a href="#[116]">&gt;&gt;</a>&nbsp;&nbsp;&nbsp;Send_ZigbeeData_To_Fifo
</UL>
<BR>[Address Reference Count : 1]<UL><LI> voice_report.o(.data)
</UL>
<P><STRONG><a name="[41]"></a>xVoice_Report_InquireRTC_Current_Date</STRONG> (Thumb, 108 bytes, Stack size 32 bytes, voice_report.o(i.xVoice_Report_InquireRTC_Current_Date))
<BR><BR>[Stack]<UL><LI>Max Depth = 96<LI>Call Chain = xVoice_Report_InquireRTC_Current_Date &rArr; Send_ZigbeeData_To_Fifo &rArr; FifoDrv_BufWrite &rArr; FifoDrv_WriteOne &rArr; FifoDrv_CheckWriteEn
</UL>
<BR>[Calls]<UL><LI><a href="#[134]">&gt;&gt;</a>&nbsp;&nbsp;&nbsp;delay_ms
<LI><a href="#[116]">&gt;&gt;</a>&nbsp;&nbsp;&nbsp;Send_ZigbeeData_To_Fifo
</UL>
<BR>[Address Reference Count : 1]<UL><LI> voice_report.o(.data)
</UL>
<P><STRONG><a name="[42]"></a>xVoice_Report_InquireRTC_Current_Time</STRONG> (Thumb, 108 bytes, Stack size 32 bytes, voice_report.o(i.xVoice_Report_InquireRTC_Current_Time))
<BR><BR>[Stack]<UL><LI>Max Depth = 96<LI>Call Chain = xVoice_Report_InquireRTC_Current_Time &rArr; Send_ZigbeeData_To_Fifo &rArr; FifoDrv_BufWrite &rArr; FifoDrv_WriteOne &rArr; FifoDrv_CheckWriteEn
</UL>
<BR>[Calls]<UL><LI><a href="#[134]">&gt;&gt;</a>&nbsp;&nbsp;&nbsp;delay_ms
<LI><a href="#[116]">&gt;&gt;</a>&nbsp;&nbsp;&nbsp;Send_ZigbeeData_To_Fifo
</UL>
<BR>[Address Reference Count : 1]<UL><LI> voice_report.o(.data)
</UL>
<P><STRONG><a name="[44]"></a>xVoice_Report_Inquire_Weather_Temperatur</STRONG> (Thumb, 102 bytes, Stack size 32 bytes, voice_report.o(i.xVoice_Report_Inquire_Weather_Temperatur))
<BR><BR>[Stack]<UL><LI>Max Depth = 96<LI>Call Chain = xVoice_Report_Inquire_Weather_Temperatur &rArr; Send_ZigbeeData_To_Fifo &rArr; FifoDrv_BufWrite &rArr; FifoDrv_WriteOne &rArr; FifoDrv_CheckWriteEn
</UL>
<BR>[Calls]<UL><LI><a href="#[134]">&gt;&gt;</a>&nbsp;&nbsp;&nbsp;delay_ms
<LI><a href="#[116]">&gt;&gt;</a>&nbsp;&nbsp;&nbsp;Send_ZigbeeData_To_Fifo
</UL>
<BR>[Address Reference Count : 1]<UL><LI> voice_report.o(.data)
</UL>
<P><STRONG><a name="[3e]"></a>xVoice_Report_Random_Command</STRONG> (Thumb, 84 bytes, Stack size 24 bytes, voice_report.o(i.xVoice_Report_Random_Command))
<BR><BR>[Stack]<UL><LI>Max Depth = 88<LI>Call Chain = xVoice_Report_Random_Command &rArr; Send_ZigbeeData_To_Fifo &rArr; FifoDrv_BufWrite &rArr; FifoDrv_WriteOne &rArr; FifoDrv_CheckWriteEn
</UL>
<BR>[Calls]<UL><LI><a href="#[134]">&gt;&gt;</a>&nbsp;&nbsp;&nbsp;delay_ms
<LI><a href="#[116]">&gt;&gt;</a>&nbsp;&nbsp;&nbsp;Send_ZigbeeData_To_Fifo
</UL>
<BR>[Address Reference Count : 1]<UL><LI> voice_report.o(.data)
</UL>
<P><STRONG><a name="[3f]"></a>xVoice_Report_SetRTC_Start_Date</STRONG> (Thumb, 104 bytes, Stack size 32 bytes, voice_report.o(i.xVoice_Report_SetRTC_Start_Date))
<BR><BR>[Stack]<UL><LI>Max Depth = 96<LI>Call Chain = xVoice_Report_SetRTC_Start_Date &rArr; Send_ZigbeeData_To_Fifo &rArr; FifoDrv_BufWrite &rArr; FifoDrv_WriteOne &rArr; FifoDrv_CheckWriteEn
</UL>
<BR>[Calls]<UL><LI><a href="#[134]">&gt;&gt;</a>&nbsp;&nbsp;&nbsp;delay_ms
<LI><a href="#[116]">&gt;&gt;</a>&nbsp;&nbsp;&nbsp;Send_ZigbeeData_To_Fifo
</UL>
<BR>[Address Reference Count : 1]<UL><LI> voice_report.o(.data)
</UL>
<P><STRONG><a name="[40]"></a>xVoice_Report_SetRTC_Start_Time</STRONG> (Thumb, 104 bytes, Stack size 32 bytes, voice_report.o(i.xVoice_Report_SetRTC_Start_Time))
<BR><BR>[Stack]<UL><LI>Max Depth = 96<LI>Call Chain = xVoice_Report_SetRTC_Start_Time &rArr; Send_ZigbeeData_To_Fifo &rArr; FifoDrv_BufWrite &rArr; FifoDrv_WriteOne &rArr; FifoDrv_CheckWriteEn
</UL>
<BR>[Calls]<UL><LI><a href="#[134]">&gt;&gt;</a>&nbsp;&nbsp;&nbsp;delay_ms
<LI><a href="#[116]">&gt;&gt;</a>&nbsp;&nbsp;&nbsp;Send_ZigbeeData_To_Fifo
</UL>
<BR>[Address Reference Count : 1]<UL><LI> voice_report.o(.data)
</UL>
<P><STRONG><a name="[45]"></a>xVoice_Report_Set_Complex_Command</STRONG> (Thumb, 74 bytes, Stack size 24 bytes, voice_report.o(i.xVoice_Report_Set_Complex_Command))
<BR><BR>[Stack]<UL><LI>Max Depth = 88<LI>Call Chain = xVoice_Report_Set_Complex_Command &rArr; Send_ZigbeeData_To_Fifo &rArr; FifoDrv_BufWrite &rArr; FifoDrv_WriteOne &rArr; FifoDrv_CheckWriteEn
</UL>
<BR>[Calls]<UL><LI><a href="#[134]">&gt;&gt;</a>&nbsp;&nbsp;&nbsp;delay_ms
<LI><a href="#[116]">&gt;&gt;</a>&nbsp;&nbsp;&nbsp;Send_ZigbeeData_To_Fifo
<LI><a href="#[114]">&gt;&gt;</a>&nbsp;&nbsp;&nbsp;strlen
</UL>
<BR>[Address Reference Count : 1]<UL><LI> voice_report.o(.data)
</UL>
<P><STRONG><a name="[43]"></a>xVoice_Report_Set_Weather_Temperatur</STRONG> (Thumb, 162 bytes, Stack size 32 bytes, voice_report.o(i.xVoice_Report_Set_Weather_Temperatur))
<BR><BR>[Stack]<UL><LI>Max Depth = 96<LI>Call Chain = xVoice_Report_Set_Weather_Temperatur &rArr; Send_ZigbeeData_To_Fifo &rArr; FifoDrv_BufWrite &rArr; FifoDrv_WriteOne &rArr; FifoDrv_CheckWriteEn
</UL>
<BR>[Calls]<UL><LI><a href="#[134]">&gt;&gt;</a>&nbsp;&nbsp;&nbsp;delay_ms
<LI><a href="#[116]">&gt;&gt;</a>&nbsp;&nbsp;&nbsp;Send_ZigbeeData_To_Fifo
</UL>
<BR>[Address Reference Count : 1]<UL><LI> voice_report.o(.data)
</UL>
<P><STRONG><a name="[47]"></a>xVoice_Report_Speak_Weather</STRONG> (Thumb, 50 bytes, Stack size 8 bytes, voice_report.o(i.xVoice_Report_Speak_Weather))
<BR><BR>[Stack]<UL><LI>Max Depth = 8<LI>Call Chain = xVoice_Report_Speak_Weather
</UL>
<BR>[Calls]<UL><LI><a href="#[134]">&gt;&gt;</a>&nbsp;&nbsp;&nbsp;delay_ms
</UL>
<BR>[Address Reference Count : 1]<UL><LI> voice_report.o(.data)
</UL>
<P><STRONG><a name="[48]"></a>xVoice_Report_Speak_temperature</STRONG> (Thumb, 160 bytes, Stack size 8 bytes, voice_report.o(i.xVoice_Report_Speak_temperature))
<BR><BR>[Stack]<UL><LI>Max Depth = 8<LI>Call Chain = xVoice_Report_Speak_temperature
</UL>
<BR>[Calls]<UL><LI><a href="#[134]">&gt;&gt;</a>&nbsp;&nbsp;&nbsp;delay_ms
</UL>
<BR>[Address Reference Count : 1]<UL><LI> voice_report.o(.data)
</UL>
<P><STRONG><a name="[4b]"></a>xXiaoChuang_Analyze_Rx_Command</STRONG> (Thumb, 232 bytes, Stack size 8 bytes, xiaochuang.o(i.xXiaoChuang_Analyze_Rx_Command))
<BR><BR>[Stack]<UL><LI>Max Depth = 96<LI>Call Chain = xXiaoChuang_Analyze_Rx_Command &rArr; xZiDongPingFen_Upload_VoiceCode &rArr; Send_ZigbeeData_To_Fifo &rArr; FifoDrv_BufWrite &rArr; FifoDrv_WriteOne &rArr; FifoDrv_CheckWriteEn
</UL>
<BR>[Calls]<UL><LI><a href="#[4c]">&gt;&gt;</a>&nbsp;&nbsp;&nbsp;xZiDongPingFen_Upload_VoiceCode
</UL>
<BR>[Address Reference Count : 1]<UL><LI> xiaochuang.o(.data)
</UL>
<P><STRONG><a name="[4c]"></a>xZiDongPingFen_Upload_VoiceCode</STRONG> (Thumb, 90 bytes, Stack size 24 bytes, xiaochuang.o(i.xZiDongPingFen_Upload_VoiceCode))
<BR><BR>[Stack]<UL><LI>Max Depth = 88<LI>Call Chain = xZiDongPingFen_Upload_VoiceCode &rArr; Send_ZigbeeData_To_Fifo &rArr; FifoDrv_BufWrite &rArr; FifoDrv_WriteOne &rArr; FifoDrv_CheckWriteEn
</UL>
<BR>[Calls]<UL><LI><a href="#[134]">&gt;&gt;</a>&nbsp;&nbsp;&nbsp;delay_ms
<LI><a href="#[116]">&gt;&gt;</a>&nbsp;&nbsp;&nbsp;Send_ZigbeeData_To_Fifo
</UL>
<BR>[Called By]<UL><LI><a href="#[4b]">&gt;&gt;</a>&nbsp;&nbsp;&nbsp;xXiaoChuang_Analyze_Rx_Command
</UL>
<BR>[Address Reference Count : 1]<UL><LI> xiaochuang.o(.data)
</UL><P>
<H3>
Local Symbols
</H3>
<P><STRONG><a name="[13f]"></a>Hardware_Init</STRONG> (Thumb, 128 bytes, Stack size 16 bytes, main.o(i.Hardware_Init))
<BR><BR>[Stack]<UL><LI>Max Depth = 124<LI>Call Chain = Hardware_Init &rArr; Readcard_daivce_Init &rArr; RC522_Uart_init &rArr; USART_Init &rArr; RCC_GetClocksFreq
</UL>
<BR>[Calls]<UL><LI><a href="#[145]">&gt;&gt;</a>&nbsp;&nbsp;&nbsp;roadway_check_TimInit
<LI><a href="#[141]">&gt;&gt;</a>&nbsp;&nbsp;&nbsp;delay_init
<LI><a href="#[148]">&gt;&gt;</a>&nbsp;&nbsp;&nbsp;Ultrasonic_Ranging
<LI><a href="#[144]">&gt;&gt;</a>&nbsp;&nbsp;&nbsp;Ultrasonic_Init
<LI><a href="#[146]">&gt;&gt;</a>&nbsp;&nbsp;&nbsp;Timer_Init
<LI><a href="#[142]">&gt;&gt;</a>&nbsp;&nbsp;&nbsp;Tba_Init
<LI><a href="#[116]">&gt;&gt;</a>&nbsp;&nbsp;&nbsp;Send_ZigbeeData_To_Fifo
<LI><a href="#[14a]">&gt;&gt;</a>&nbsp;&nbsp;&nbsp;Send_WifiData_To_Fifo
<LI><a href="#[147]">&gt;&gt;</a>&nbsp;&nbsp;&nbsp;Readcard_daivce_Init
<LI><a href="#[140]">&gt;&gt;</a>&nbsp;&nbsp;&nbsp;NVIC_PriorityGroupConfig
<LI><a href="#[149]">&gt;&gt;</a>&nbsp;&nbsp;&nbsp;Infrared_Send
<LI><a href="#[143]">&gt;&gt;</a>&nbsp;&nbsp;&nbsp;Infrared_Init
<LI><a href="#[137]">&gt;&gt;</a>&nbsp;&nbsp;&nbsp;Hard_Can_Init
<LI><a href="#[126]">&gt;&gt;</a>&nbsp;&nbsp;&nbsp;Electricity_Init
<LI><a href="#[120]">&gt;&gt;</a>&nbsp;&nbsp;&nbsp;Cba_Init
<LI><a href="#[119]">&gt;&gt;</a>&nbsp;&nbsp;&nbsp;Can_check_Init
<LI><a href="#[e5]">&gt;&gt;</a>&nbsp;&nbsp;&nbsp;BKRC_Voice_Init
<LI><a href="#[d9]">&gt;&gt;</a>&nbsp;&nbsp;&nbsp;BH1750_Configure
</UL>
<BR>[Called By]<UL><LI><a href="#[a9]">&gt;&gt;</a>&nbsp;&nbsp;&nbsp;main
</UL>

<P><STRONG><a name="[e6]"></a>USART6_Hardware_Init</STRONG> (Thumb, 168 bytes, Stack size 32 bytes, bkrc_voice.o(i.USART6_Hardware_Init))
<BR><BR>[Stack]<UL><LI>Max Depth = 100<LI>Call Chain = USART6_Hardware_Init &rArr; USART_Init &rArr; RCC_GetClocksFreq
</UL>
<BR>[Calls]<UL><LI><a href="#[11c]">&gt;&gt;</a>&nbsp;&nbsp;&nbsp;NVIC_Init
<LI><a href="#[d1]">&gt;&gt;</a>&nbsp;&nbsp;&nbsp;RCC_AHB1PeriphClockCmd
<LI><a href="#[d3]">&gt;&gt;</a>&nbsp;&nbsp;&nbsp;GPIO_Init
<LI><a href="#[15f]">&gt;&gt;</a>&nbsp;&nbsp;&nbsp;USART_Init
<LI><a href="#[17d]">&gt;&gt;</a>&nbsp;&nbsp;&nbsp;USART_ITConfig
<LI><a href="#[160]">&gt;&gt;</a>&nbsp;&nbsp;&nbsp;USART_Cmd
<LI><a href="#[d2]">&gt;&gt;</a>&nbsp;&nbsp;&nbsp;RCC_APB2PeriphClockCmd
<LI><a href="#[138]">&gt;&gt;</a>&nbsp;&nbsp;&nbsp;GPIO_PinAFConfig
</UL>
<BR>[Called By]<UL><LI><a href="#[e5]">&gt;&gt;</a>&nbsp;&nbsp;&nbsp;BKRC_Voice_Init
</UL>

<P><STRONG><a name="[16e]"></a>SetSysClock</STRONG> (Thumb, 220 bytes, Stack size 12 bytes, system_stm32f4xx.o(i.SetSysClock))
<BR><BR>[Stack]<UL><LI>Max Depth = 12<LI>Call Chain = SetSysClock
</UL>
<BR>[Called By]<UL><LI><a href="#[aa]">&gt;&gt;</a>&nbsp;&nbsp;&nbsp;SystemInit
</UL>

<P><STRONG><a name="[f0]"></a>CanDrv_Fiter_Create16bit</STRONG> (Thumb, 52 bytes, Stack size 8 bytes, can_drv.o(i.CanDrv_Fiter_Create16bit))
<BR><BR>[Stack]<UL><LI>Max Depth = 8<LI>Call Chain = CanDrv_Fiter_Create16bit
</UL>
<BR>[Called By]<UL><LI><a href="#[ee]">&gt;&gt;</a>&nbsp;&nbsp;&nbsp;CanDrv_FiterUpdata
</UL>

<P><STRONG><a name="[f1]"></a>CanDrv_Fiter_Create32bit</STRONG> (Thumb, 50 bytes, Stack size 8 bytes, can_drv.o(i.CanDrv_Fiter_Create32bit))
<BR><BR>[Stack]<UL><LI>Max Depth = 8<LI>Call Chain = CanDrv_Fiter_Create32bit
</UL>
<BR>[Called By]<UL><LI><a href="#[ee]">&gt;&gt;</a>&nbsp;&nbsp;&nbsp;CanDrv_FiterUpdata
</UL>

<P><STRONG><a name="[18c]"></a>_fp_digits</STRONG> (Thumb, 366 bytes, Stack size 64 bytes, printfa.o(i._fp_digits), UNUSED)
<BR><BR>[Calls]<UL><LI><a href="#[c3]">&gt;&gt;</a>&nbsp;&nbsp;&nbsp;__aeabi_dmul
<LI><a href="#[c4]">&gt;&gt;</a>&nbsp;&nbsp;&nbsp;__aeabi_ddiv
<LI><a href="#[bc]">&gt;&gt;</a>&nbsp;&nbsp;&nbsp;__aeabi_dadd
<LI><a href="#[18d]">&gt;&gt;</a>&nbsp;&nbsp;&nbsp;__aeabi_cdrcmple
<LI><a href="#[c8]">&gt;&gt;</a>&nbsp;&nbsp;&nbsp;__aeabi_uldivmod
<LI><a href="#[cc]">&gt;&gt;</a>&nbsp;&nbsp;&nbsp;__aeabi_d2ulz
</UL>
<BR>[Called By]<UL><LI><a href="#[18b]">&gt;&gt;</a>&nbsp;&nbsp;&nbsp;_printf_core
</UL>

<P><STRONG><a name="[18b]"></a>_printf_core</STRONG> (Thumb, 1704 bytes, Stack size 136 bytes, printfa.o(i._printf_core), UNUSED)
<BR><BR>[Calls]<UL><LI><a href="#[c8]">&gt;&gt;</a>&nbsp;&nbsp;&nbsp;__aeabi_uldivmod
<LI><a href="#[190]">&gt;&gt;</a>&nbsp;&nbsp;&nbsp;__aeabi_uidivmod
<LI><a href="#[18e]">&gt;&gt;</a>&nbsp;&nbsp;&nbsp;_printf_pre_padding
<LI><a href="#[18f]">&gt;&gt;</a>&nbsp;&nbsp;&nbsp;_printf_post_padding
<LI><a href="#[18c]">&gt;&gt;</a>&nbsp;&nbsp;&nbsp;_fp_digits
</UL>
<BR>[Called By]<UL><LI><a href="#[18a]">&gt;&gt;</a>&nbsp;&nbsp;&nbsp;__0sprintf
</UL>

<P><STRONG><a name="[18f]"></a>_printf_post_padding</STRONG> (Thumb, 36 bytes, Stack size 24 bytes, printfa.o(i._printf_post_padding), UNUSED)
<BR><BR>[Called By]<UL><LI><a href="#[18b]">&gt;&gt;</a>&nbsp;&nbsp;&nbsp;_printf_core
</UL>

<P><STRONG><a name="[18e]"></a>_printf_pre_padding</STRONG> (Thumb, 46 bytes, Stack size 24 bytes, printfa.o(i._printf_pre_padding), UNUSED)
<BR><BR>[Called By]<UL><LI><a href="#[18b]">&gt;&gt;</a>&nbsp;&nbsp;&nbsp;_printf_core
</UL>

<P><STRONG><a name="[b0]"></a>_sputc</STRONG> (Thumb, 10 bytes, Stack size 0 bytes, printfa.o(i._sputc))
<BR><BR>[Called By]<UL><LI><a href="#[18a]">&gt;&gt;</a>&nbsp;&nbsp;&nbsp;__0sprintf
</UL>
<BR>[Address Reference Count : 1]<UL><LI> printfa.o(i.__0sprintf)
</UL>
<P><STRONG><a name="[ae]"></a>_scanf_char_input</STRONG> (Thumb, 12 bytes, Stack size 0 bytes, scanf_char.o(.text))
<BR>[Address Reference Count : 1]<UL><LI> scanf_char.o(.text)
</UL><P>
<H3>
Undefined Global Symbols
</H3><HR></body></html>
