<html>
<body>
<pre>
<h1>µVision Build Log</h1>
<h2>Tool Versions:</h2>
IDE-Version: ¦ÌVision V5.31.0.0
Copyright (C) 2020 ARM Ltd and ARM Germany GmbH. All rights reserved.
License Information: 1 1, 1, LIC=UJWP0-BWU7E-EV21R-KLM2M-WCZLD-9QJKS
 
Tool Versions:
Toolchain:       MDK-ARM Plus  Version: 5.31.0.0
Toolchain Path:  C:\Keil_v5\ARM\ARMCC\Bin
C Compiler:      Armcc.exe V5.06 update 6 (build 750)
Assembler:       Armasm.exe V5.06 update 6 (build 750)
Linker/Locator:  ArmLink.exe V5.06 update 6 (build 750)
Library Manager: ArmAr.exe V5.06 update 6 (build 750)
Hex Converter:   FromElf.exe V5.06 update 6 (build 750)
CPU DLL:         SARMCM3.DLL V5.31.0.0
Dialog DLL:      DCM.DLL V1.17.3.0
Target DLL:      STLink\ST-LINKIII-KEIL_SWO.dll V3.0.7.0
Dialog DLL:      TCM.DLL V1.46.0.0
 
<h2>Project:</h2>
Z:\home\ihen\Documents\ObsidianNotes\competition\codehxxx_CAR11\USER\CarV1.uvprojx
Project File Date:  03/03/2026

<h2>Output:</h2>
*** Using Compiler 'V5.06 update 6 (build 750)', folder: 'C:\Keil_v5\ARM\ARMCC\Bin'
Build target 'Car_Demo'
compiling all_module.c...
compiling main.c...
compiling follow_car.c...
compiling mixture.c...
compiling android.c...
compiling Auto.c...
Auto.c(3667): warning:  #177-D: variable "Buf"  was declared but never referenced
      uint8_t Buf[50]={0};
Auto.c: 1 warning, 0 errors
compiling communication.c...
compiling motor_drive.c...
compiling barrier_gate.c...
compiling led_display.c...
compiling etc.c...
compiling smart_street_light.c...
compiling smart_tft_display.c...
compiling rfid.c...
..\MODULE\landmark\rfid\rfid.c(512): warning:  #870-D: invalid multibyte character sequence
  	const char* card1Data = "ï¼?(d*$c^4(a+b)C)";
..\MODULE\landmark\rfid\rfid.c: 1 warning, 0 errors
compiling special_landform.c...
compiling three_dim_display.c...
compiling smart_traffic_light.c...
compiling three_dim_carport.c...
compiling tba.c...
compiling voice_report.c...
compiling wireless_charge.c...
compiling infrared.c...
compiling ultrasonic.c...
compiling cba.c...
compiling usart.c...
compiling smoke_tower.c...
compiling two_code.c...
compiling xiaochuang.c...
compiling bh1750.c...
compiling power_check.c...
compiling uart_a72.c...
compiling uart_drv.c...
compiling bkrc_voice.c...
compiling rc522.c...
compiling swopt_drv.c...
compiling sys.c...
compiling drive.c...
compiling Timer.c...
compiling delay.c...
compiling misc.c...
compiling stm32f4xx_cec.c...
compiling stm32f4xx_adc.c...
compiling stm32f4xx_can.c...
compiling stm32f4xx_crc.c...
compiling stm32f4xx_cryp.c...
compiling stm32f4xx_cryp_des.c...
compiling stm32f4xx_cryp_aes.c...
compiling stm32f4xx_cryp_tdes.c...
compiling stm32f4xx_dac.c...
compiling stm32f4xx_dbgmcu.c...
compiling stm32f4xx_dcmi.c...
compiling stm32f4xx_dfsdm.c...
compiling stm32f4xx_dma.c...
compiling stm32f4xx_dma2d.c...
compiling stm32f4xx_dsi.c...
compiling stm32f4xx_flash_ramfunc.c...
compiling stm32f4xx_exti.c...
compiling stm32f4xx_flash.c...
compiling stm32f4xx_fmpi2c.c...
compiling stm32f4xx_fsmc.c...
compiling stm32f4xx_gpio.c...
compiling stm32f4xx_hash.c...
compiling stm32f4xx_hash_md5.c...
compiling stm32f4xx_hash_sha1.c...
compiling stm32f4xx_i2c.c...
compiling stm32f4xx_iwdg.c...
compiling stm32f4xx_lptim.c...
compiling stm32f4xx_ltdc.c...
compiling stm32f4xx_pwr.c...
compiling stm32f4xx_qspi.c...
compiling stm32f4xx_rcc.c...
compiling stm32f4xx_rng.c...
compiling stm32f4xx_rtc.c...
compiling stm32f4xx_sai.c...
compiling stm32f4xx_spdifrx.c...
compiling stm32f4xx_sdio.c...
compiling stm32f4xx_spi.c...
compiling stm32f4xx_syscfg.c...
assembling startup_stm32f40_41xxx.s...
compiling stm32f4xx_tim.c...
compiling stm32f4xx_usart.c...
compiling stm32f4xx_wwdg.c...
compiling system_stm32f4xx.c...
compiling my_lib.c...
compiling data_base.c...
compiling data_filtering.c...
compiling fifo_drv.c...
compiling roadway_check.c...
compiling can_drv.c...
compiling CanP_HostCom.c...
compiling Hard_Can.c...
compiling Can_check.c...
compiling can_user.c...
linking...
Program Size: Code=39316 RO-data=852 RW-data=7096 ZI-data=3208  
FromELF: creating hex file...
"..\OUTPUT\CarV.axf" - 0 Error(s), 2 Warning(s).

<h2>Software Packages used:</h2>

Package Vendor: Keil
                https://www.keil.com/pack/Keil.STM32F4xx_DFP.3.1.1.pack
                Keil.STM32F4xx_DFP.3.1.1
                STMicroelectronics STM32F4 Series Device Support

<h2>Collection of Component include folders:</h2>

<h2>Collection of Component Files used:</h2>
Build Time Elapsed:  00:00:15
</pre>
</body>
</html>
