<html>
<body>
<pre>
<h1>礦ision Build Log</h1>
<h2>Tool Versions:</h2>
IDE-Version: μVision V5.31.0.0
Copyright (C) 2020 ARM Ltd and ARM Germany GmbH. All rights reserved.
License Information: 1 1, 1, LIC=UJWP0-BWU7E-EV21R-KLM2M-WCZLD-9QJKS
 
Tool Versions:
Toolchain:       MDK-ARM Plus  Version: 5.31.0.0
Toolchain Path:  C:\Keil_v5\ARM\ARMCC\Bin
C Compiler:      Armcc.exe V5.06 update 6 (build 750)
Assembler:       Armasm.exe V5.06 update 6 (build 750)
Linker/Locator:  ArmLink.exe V5.06 update 6 (build 750)
Library Manager: ArmAr.exe V5.06 update 6 (build 750)
Hex Converter:   FromElf.exe V5.06 update 6 (build 750)
CPU DLL:         SARMCM3.DLL V5.31.0.0
Dialog DLL:      DCM.DLL V1.17.3.0
Target DLL:      STLink\ST-LINKIII-KEIL_SWO.dll V3.0.7.0
Dialog DLL:      TCM.DLL V1.46.0.0
 
<h2>Project:</h2>
Z:\home\ihen\Documents\ObsidianNotes\competition\Follow_CAR\USER\CarV1.uvprojx
Project File Date:  03/05/2026

<h2>Output:</h2>
*** Using Compiler 'V5.06 update 6 (build 750)', folder: 'C:\Keil_v5\ARM\ARMCC\Bin'
Build target 'Car_Demo'
compiling all_module.c...
compiling Auto.c...
compiling main.c...
main.c(12): warning:  #177-D: variable "RFID_Init_Check_times"  was declared but never referenced
  static uint32_t RFID_Init_Check_times;      // RFID初始化检测时间周期
main.c: 1 warning, 0 errors
compiling motor_drive.c...
compiling mixture.c...
compiling android.c...
compiling communication.c...
..\MODULE\communication\communication.c(370): warning:  #177-D: variable "Buf1"  was declared but never referenced
      uint8_t Buf1[100];
..\MODULE\communication\communication.c(411): warning:  #177-D: variable "Buf1"  was declared but never referenced
      uint8_t Buf1[100];
..\MODULE\communication\communication.c: 2 warnings, 0 errors
compiling barrier_gate.c...
compiling led_display.c...
compiling etc.c...
compiling smart_street_light.c...
compiling smart_traffic_light.c...
compiling smart_tft_display.c...
compiling rfid.c...
compiling special_landform.c...
compiling three_dim_display.c...
compiling three_dim_carport.c...
compiling smoke_tower.c...
compiling tba.c...
compiling voice_report.c...
compiling wireless_charge.c...
compiling xiaochuang.c...
compiling two_code.c...
compiling main_car.c...
compiling Hard_Can.c...
compiling rc522.c...
compiling drive.c...
compiling roadway_check.c...
..\my_lib\roadway_check.c(294): warning:  #177-D: variable "Buf"  was declared but never referenced
  	  uint8_t Buf[30];
..\my_lib\roadway_check.c: 1 warning, 0 errors
compiling can_user.c...
linking...
Program Size: Code=32016 RO-data=716 RW-data=6148 ZI-data=3204  
FromELF: creating hex file...
"..\OUTPUT\CarV.axf" - 0 Error(s), 4 Warning(s).

<h2>Software Packages used:</h2>

Package Vendor: Keil
                https://www.keil.com/pack/Keil.STM32F4xx_DFP.3.1.1.pack
                Keil.STM32F4xx_DFP.3.1.1
                STMicroelectronics STM32F4 Series Device Support

<h2>Collection of Component include folders:</h2>

<h2>Collection of Component Files used:</h2>
Build Time Elapsed:  00:00:13
</pre>
</body>
</html>
