Component: ARM Compiler 5.06 update 7 (build 960) Tool: armlink [4d3601]

==============================================================================

Section Cross References

    main.o(i.Check_TCP_Connect) refers to tcp.o(.data) for tcp_active_pcbs
    main.o(i.delay_10ms) refers to main.o(.data) for g_localtime
    main.o(i.lwip_netif_status_callback) refers to hello_gigadevice.o(i.hello_gigadevice_init) for hello_gigadevice_init
    main.o(i.lwip_netif_status_callback) refers to tcp_client.o(i.tcp_client_init) for tcp_client_init
    main.o(i.lwip_netif_status_callback) refers to udp_echo.o(i.udp_echo_init) for udp_echo_init
    main.o(i.main) refers to gd32f4xx_enet_eval.o(i.enet_system_setup) for enet_system_setup
    main.o(i.main) refers to netconf.o(i.lwip_stack_init) for lwip_stack_init
    main.o(i.main) refers to tcp_client.o(i.tcp_client_init) for tcp_client_init
    main.o(i.main) refers to main.o(i.delay_10ms) for delay_10ms
    main.o(i.main) refers to main.o(i.Check_TCP_Connect) for Check_TCP_Connect
    main.o(i.main) refers to tcp_out.o(i.tcp_write) for tcp_write
    main.o(i.main) refers to gd32f4xx_enet.o(i.enet_rxframe_size_get) for enet_rxframe_size_get
    main.o(i.main) refers to netconf.o(i.lwip_pkt_handle) for lwip_pkt_handle
    main.o(i.main) refers to netconf.o(i.lwip_periodic_handle) for lwip_periodic_handle
    main.o(i.main) refers to main.o(.data) for pcb
    main.o(i.time_update) refers to main.o(.data) for g_localtime
    gd32f4xx_it.o(i.SysTick_Handler) refers to main.o(i.time_update) for time_update
    gd32f4xx_enet_eval.o(i.enet_gpio_config) refers to gd32f4xx_rcu.o(i.rcu_periph_clock_enable) for rcu_periph_clock_enable
    gd32f4xx_enet_eval.o(i.enet_gpio_config) refers to gd32f4xx_gpio.o(i.gpio_af_set) for gpio_af_set
    gd32f4xx_enet_eval.o(i.enet_gpio_config) refers to gd32f4xx_gpio.o(i.gpio_mode_set) for gpio_mode_set
    gd32f4xx_enet_eval.o(i.enet_gpio_config) refers to gd32f4xx_gpio.o(i.gpio_output_options_set) for gpio_output_options_set
    gd32f4xx_enet_eval.o(i.enet_gpio_config) refers to gd32f4xx_rcu.o(i.rcu_ckout0_config) for rcu_ckout0_config
    gd32f4xx_enet_eval.o(i.enet_gpio_config) refers to gd32f4xx_syscfg.o(i.syscfg_enet_phy_interface_config) for syscfg_enet_phy_interface_config
    gd32f4xx_enet_eval.o(i.enet_mac_dma_config) refers to gd32f4xx_rcu.o(i.rcu_periph_clock_enable) for rcu_periph_clock_enable
    gd32f4xx_enet_eval.o(i.enet_mac_dma_config) refers to gd32f4xx_enet.o(i.enet_deinit) for enet_deinit
    gd32f4xx_enet_eval.o(i.enet_mac_dma_config) refers to gd32f4xx_enet.o(i.enet_software_reset) for enet_software_reset
    gd32f4xx_enet_eval.o(i.enet_mac_dma_config) refers to gd32f4xx_enet.o(i.enet_init) for enet_init
    gd32f4xx_enet_eval.o(i.enet_mac_dma_config) refers to gd32f4xx_enet_eval.o(.data) for enet_init_status
    gd32f4xx_enet_eval.o(i.enet_system_setup) refers to gd32f4xx_enet_eval.o(i.enet_gpio_config) for enet_gpio_config
    gd32f4xx_enet_eval.o(i.enet_system_setup) refers to gd32f4xx_enet_eval.o(i.enet_mac_dma_config) for enet_mac_dma_config
    gd32f4xx_enet_eval.o(i.enet_system_setup) refers to gd32f4xx_misc.o(i.systick_clksource_set) for systick_clksource_set
    gd32f4xx_enet_eval.o(i.enet_system_setup) refers to gd32f4xx_rcu.o(i.rcu_clock_freq_get) for rcu_clock_freq_get
    gd32f4xx_enet_eval.o(i.enet_system_setup) refers to gd32f4xx_enet_eval.o(.data) for enet_init_status
    netconf.o(i.lwip_periodic_handle) refers to tcp.o(i.tcp_tmr) for tcp_tmr
    netconf.o(i.lwip_periodic_handle) refers to etharp.o(i.etharp_tmr) for etharp_tmr
    netconf.o(i.lwip_periodic_handle) refers to netconf.o(.data) for tcp_timer
    netconf.o(i.lwip_pkt_handle) refers to ethernetif.o(i.ethernetif_input) for ethernetif_input
    netconf.o(i.lwip_pkt_handle) refers to netconf.o(.bss) for g_mynetif
    netconf.o(i.lwip_stack_init) refers to mem.o(i.mem_init) for mem_init
    netconf.o(i.lwip_stack_init) refers to memp.o(i.memp_init) for memp_init
    netconf.o(i.lwip_stack_init) refers to netif.o(i.netif_add) for netif_add
    netconf.o(i.lwip_stack_init) refers to netif.o(i.netif_set_default) for netif_set_default
    netconf.o(i.lwip_stack_init) refers to netif.o(i.netif_set_status_callback) for netif_set_status_callback
    netconf.o(i.lwip_stack_init) refers to netif.o(i.netif_set_up) for netif_set_up
    netconf.o(i.lwip_stack_init) refers to etharp.o(i.ethernet_input) for ethernet_input
    netconf.o(i.lwip_stack_init) refers to ethernetif.o(i.ethernetif_init) for ethernetif_init
    netconf.o(i.lwip_stack_init) refers to netconf.o(.bss) for g_mynetif
    netconf.o(i.lwip_stack_init) refers to main.o(i.lwip_netif_status_callback) for lwip_netif_status_callback
    netconf.o(i.sys_now) refers to main.o(.data) for g_localtime
    hello_gigadevice.o(i.hello_gigadevice_accept) refers to printf3.o(i.__0printf$3) for __2printf
[...]
    i.ip_reass_remove_oldest_datagram        0x0800464c   Section        0  ip_frag.o(i.ip_reass_remove_oldest_datagram)
    ip_reass_remove_oldest_datagram          0x0800464d   Thumb Code   118  ip_frag.o(i.ip_reass_remove_oldest_datagram)
    i.ip_route                               0x080046c8   Section        0  ip.o(i.ip_route)
    i.ipfrag_free_pbuf_custom                0x08004720   Section        0  ip_frag.o(i.ipfrag_free_pbuf_custom)
    ipfrag_free_pbuf_custom                  0x08004721   Thumb Code    76  ip_frag.o(i.ipfrag_free_pbuf_custom)
    i.low_level_init                         0x080047e8   Section        0  ethernetif.o(i.low_level_init)
    low_level_init                           0x080047e9   Thumb Code   134  ethernetif.o(i.low_level_init)
    i.low_level_input                        0x08004878   Section        0  ethernetif.o(i.low_level_input)
    low_level_input                          0x08004879   Thumb Code    88  ethernetif.o(i.low_level_input)
    i.low_level_output                       0x080048d4   Section        0  ethernetif.o(i.low_level_output)
    low_level_output                         0x080048d5   Thumb Code    76  ethernetif.o(i.low_level_output)
    i.lwip_htonl                             0x08004924   Section        0  def.o(i.lwip_htonl)
    i.lwip_htons                             0x0800493e   Section        0  def.o(i.lwip_htons)
    i.lwip_netif_status_callback             0x0800494a   Section        0  main.o(i.lwip_netif_status_callback)
    i.lwip_ntohl                             0x08004966   Section        0  def.o(i.lwip_ntohl)
    i.lwip_ntohs                             0x08004972   Section        0  def.o(i.lwip_ntohs)
    i.lwip_periodic_handle                   0x08004980   Section        0  netconf.o(i.lwip_periodic_handle)
    i.lwip_pkt_handle                        0x080049bc   Section        0  netconf.o(i.lwip_pkt_handle)
    i.lwip_stack_init                        0x080049cc   Section        0  netconf.o(i.lwip_stack_init)
    i.lwip_standard_chksum                   0x08004a30   Section        0  inet_chksum.o(i.lwip_standard_chksum)
    lwip_standard_chksum                     0x08004a31   Thumb Code    94  inet_chksum.o(i.lwip_standard_chksum)
    i.main                                   0x08004a90   Section        0  main.o(i.main)
    i.mem_calloc                             0x08004ae0   Section        0  mem.o(i.mem_calloc)
    i.mem_free                               0x08004b04   Section        0  mem.o(i.mem_free)
    i.mem_init                               0x08004c5c   Section        0  mem.o(i.mem_init)
    i.mem_malloc                             0x08004cb8   Section        0  mem.o(i.mem_malloc)
    i.mem_trim                               0x08004f34   Section        0  mem.o(i.mem_trim)
    i.memp_free                              0x0800510c   Section        0  memp.o(i.memp_free)
    i.memp_init                              0x080051c8   Section        0  memp.o(i.memp_init)
    i.memp_malloc                            0x0800522c   Section        0  memp.o(i.memp_malloc)
    i.netif_add                              0x0800532c   Section        0  netif.o(i.netif_add)
    i.netif_set_addr                         0x08005444   Section        0  netif.o(i.netif_set_addr)
    i.netif_set_default                      0x0800546c   Section        0  netif.o(i.netif_set_default)
    i.netif_set_gw                           0x0800547c   Section        0  netif.o(i.netif_set_gw)
    i.netif_set_ipaddr                       0x0800548c   Section        0  netif.o(i.netif_set_ipaddr)
    i.netif_set_netmask                      0x08005510   Section        0  netif.o(i.netif_set_netmask)
    i.netif_set_status_callback              0x08005520   Section        0  netif.o(i.netif_set_status_callback)
    i.netif_set_up                           0x08005526   Section        0  netif.o(i.netif_set_up)
    i.pbuf_alloc                             0x0800556c   Section        0  pbuf.o(i.pbuf_alloc)
    i.pbuf_alloced_custom                    0x0800599c   Section        0  pbuf.o(i.pbuf_alloced_custom)
    i.pbuf_cat                               0x08005ab0   Section        0  pbuf.o(i.pbuf_cat)
    i.pbuf_chain                             0x08005c04   Section        0  pbuf.o(i.pbuf_chain)
    i.pbuf_clen                              0x08005c1e   Section        0  pbuf.o(i.pbuf_clen)
    i.pbuf_copy                              0x08005c30   Section        0  pbuf.o(i.pbuf_copy)
    i.pbuf_copy_partial                      0x08005e74   Section        0  pbuf.o(i.pbuf_copy_partial)
    i.pbuf_free                              0x08005fcc   Section        0  pbuf.o(i.pbuf_free)
    i.pbuf_header                            0x08006190   Section        0  pbuf.o(i.pbuf_header)
    i.pbuf_realloc                           0x080062f0   Section        0  pbuf.o(i.pbuf_realloc)
    i.pbuf_ref                               0x080064c4   Section        0  pbuf.o(i.pbuf_ref)
    i.plug_holes                             0x080064d0   Section        0  mem.o(i.plug_holes)
    plug_holes                               0x080064d1   Thumb Code   220  mem.o(i.plug_holes)
    i.raw_input                              0x08006690   Section        0  raw.o(i.raw_input)
    i.rcu_ckout0_config                      0x08006704   Section        0  gd32f4xx_rcu.o(i.rcu_ckout0_config)
    i.rcu_clock_freq_get                     0x08006720   Section        0  gd32f4xx_rcu.o(i.rcu_clock_freq_get)
    i.rcu_periph_clock_enable                0x08006844   Section        0  gd32f4xx_rcu.o(i.rcu_periph_clock_enable)
    i.rcu_periph_reset_disable               0x08006868   Section        0  gd32f4xx_rcu.o(i.rcu_periph_reset_disable)
    i.rcu_periph_reset_enable                0x0800688c   Section        0  gd32f4xx_rcu.o(i.rcu_periph_reset_enable)
    i.sys_timeout                            0x080068b0   Section        0  lwip_timers.o(i.sys_timeout)
    i.syscfg_enet_phy_interface_config       0x08006a08   Section        0  gd32f4xx_syscfg.o(i.syscfg_enet_phy_interface_config)
    i.system_clock_168m_8m_hxtal             0x08006a20   Section        0  system_gd32f4xx.o(i.system_clock_168m_8m_hxtal)
    system_clock_168m_8m_hxtal               0x08006a21   Thumb Code   238  system_gd32f4xx.o(i.system_clock_168m_8m_hxtal)
    i.system_clock_config                    0x08006b1c   Section        0  system_gd32f4xx.o(i.system_clock_config)
    system_clock_config                      0x08006b1d   Thumb Code     8  system_gd32f4xx.o(i.system_clock_config)
    i.systick_clksource_set                  0x08006b24   Section        0  gd32f4xx_misc.o(i.systick_clksource_set)
    i.tcp_abandon                            0x08006b4c   Section        0  tcp.o(i.tcp_abandon)
    i.tcp_abort                              0x08006c8c   Section        0  tcp.o(i.tcp_abort)
    i.tcp_accept                             0x08006c9a   Section        0  tcp.o(i.tcp_accept)
    i.tcp_accept_null                        0x08006c9e   Section        0  tcp.o(i.tcp_accept_null)
    tcp_accept_null                          0x08006c9f   Thumb Code     8  tcp.o(i.tcp_accept_null)
    i.tcp_alloc                              0x08006ca8   Section        0  tcp.o(i.tcp_alloc)
    i.tcp_arg                                0x08006d6c   Section        0  tcp.o(i.tcp_arg)
    i.tcp_bind                               0x08006d70   Section        0  tcp.o(i.tcp_bind)
    i.tcp_client_connected                   0x08006ea4   Section        0  tcp_client.o(i.tcp_client_connected)
    tcp_client_connected                     0x08006ea5   Thumb Code    42  tcp_client.o(i.tcp_client_connected)
    i.tcp_client_init                        0x08006ed4   Section        0  tcp_client.o(i.tcp_client_init)
    i.tcp_client_recv                        0x08006f3c   Section        0  tcp_client.o(i.tcp_client_recv)
    tcp_client_recv                          0x08006f3d   Thumb Code   156  tcp_client.o(i.tcp_client_recv)
    i.tcp_close                              0x08006fd8   Section        0  tcp.o(i.tcp_close)
    i.tcp_close_shutdown                     0x08006ff4   Section        0  tcp.o(i.tcp_close_shutdown)
    tcp_close_shutdown                       0x08006ff5   Thumb Code   456  tcp.o(i.tcp_close_shutdown)
    i.tcp_connect                            0x0800724c   Section        0  tcp.o(i.tcp_connect)
    i.tcp_create_segment                     0x08007444   Section        0  tcp_out.o(i.tcp_create_segment)
    tcp_create_segment                       0x08007445   Thumb Code   184  tcp_out.o(i.tcp_create_segment)
    i.tcp_eff_send_mss                       0x080074fc   Section        0  tcp.o(i.tcp_eff_send_mss)
    i.tcp_enqueue_flags                      0x0800752c   Section        0  tcp_out.o(i.tcp_enqueue_flags)
    i.tcp_err                                0x080077dc   Section        0  tcp.o(i.tcp_err)
    i.tcp_fasttmr                            0x08007888   Section        0  tcp.o(i.tcp_fasttmr)
    i.tcp_input                              0x08007908   Section        0  tcp_in.o(i.tcp_input)
    i.tcp_keepalive                          0x08007fd0   Section        0  tcp_out.o(i.tcp_keepalive)
    i.tcp_kill_prio                          0x08008024   Section        0  tcp.o(i.tcp_kill_prio)
    tcp_kill_prio                            0x08008025   Thumb Code    80  tcp.o(i.tcp_kill_prio)
    i.tcp_kill_timewait                      0x0800807c   Section        0  tcp.o(i.tcp_kill_timewait)
    tcp_kill_timewait                        0x0800807d   Thumb Code    54  tcp.o(i.tcp_kill_timewait)
    i.tcp_listen_input                       0x080080bc   Section        0  tcp_in.o(i.tcp_listen_input)
    tcp_listen_input                         0x080080bd   Thumb Code   280  tcp_in.o(i.tcp_listen_input)
    i.tcp_listen_with_backlog                0x080081f8   Section        0  tcp.o(i.tcp_listen_with_backlog)
    i.tcp_new                                0x08008364   Section        0  tcp.o(i.tcp_new)
    i.tcp_new_port                           0x08008370   Section        0  tcp.o(i.tcp_new_port)
    tcp_new_port                             0x08008371   Thumb Code    96  tcp.o(i.tcp_new_port)
    i.tcp_next_iss                           0x080083d8   Section        0  tcp.o(i.tcp_next_iss)
    i.tcp_output                             0x080083f4   Section        0  tcp_out.o(i.tcp_output)
    i.tcp_output_alloc_header                0x08008684   Section        0  tcp_out.o(i.tcp_output_alloc_header)
    tcp_output_alloc_header                  0x08008685   Thumb Code   148  tcp_out.o(i.tcp_output_alloc_header)
    i.tcp_output_segment                     0x080087a8   Section        0  tcp_out.o(i.tcp_output_segment)
    tcp_output_segment                       0x080087a9   Thumb Code   210  tcp_out.o(i.tcp_output_segment)
    i.tcp_parseopt                           0x08008880   Section        0  tcp_in.o(i.tcp_parseopt)
    tcp_parseopt                             0x08008881   Thumb Code   202  tcp_in.o(i.tcp_parseopt)
    i.tcp_pbuf_prealloc                      0x08008950   Section        0  tcp_out.o(i.tcp_pbuf_prealloc)
    tcp_pbuf_prealloc                        0x08008951   Thumb Code   142  tcp_out.o(i.tcp_pbuf_prealloc)
    i.tcp_pcb_purge                          0x08008a54   Section        0  tcp.o(i.tcp_pcb_purge)
    i.tcp_pcb_remove                         0x08008aac   Section        0  tcp.o(i.tcp_pcb_remove)
    i.tcp_process                            0x08008bf8   Section        0  tcp_in.o(i.tcp_process)
    tcp_process                              0x08008bf9   Thumb Code  1668  tcp_in.o(i.tcp_process)
    i.tcp_process_refused_data               0x08009298   Section        0  tcp.o(i.tcp_process_refused_data)
    i.tcp_receive                            0x0800932c   Section        0  tcp_in.o(i.tcp_receive)
    tcp_receive                              0x0800932d   Thumb Code  2176  tcp_in.o(i.tcp_receive)
    i.tcp_recv                               0x08009c64   Section        0  tcp.o(i.tcp_recv)
    i.tcp_recv_null                          0x08009d10   Section        0  tcp.o(i.tcp_recv_null)
    i.tcp_recved                             0x08009d40   Section        0  tcp.o(i.tcp_recved)
    i.tcp_rexmit                             0x08009e68   Section        0  tcp_out.o(i.tcp_rexmit)
    i.tcp_rexmit_fast                        0x08009ec2   Section        0  tcp_out.o(i.tcp_rexmit_fast)
    i.tcp_rexmit_rto                         0x08009f3a   Section        0  tcp_out.o(i.tcp_rexmit_rto)
    i.tcp_rst                                0x08009f74   Section        0  tcp_out.o(i.tcp_rst)
    i.tcp_seg_free                           0x0800a0a0   Section        0  tcp.o(i.tcp_seg_free)
    i.tcp_segs_free                          0x0800a0ba   Section        0  tcp.o(i.tcp_segs_free)
    i.tcp_send_empty_ack                     0x0800a0d2   Section        0  tcp_out.o(i.tcp_send_empty_ack)
    i.tcp_send_fin                           0x0800a128   Section        0  tcp_out.o(i.tcp_send_fin)
    i.tcp_slowtmr                            0x0800a174   Section        0  tcp.o(i.tcp_slowtmr)
    i.tcp_timer_needed                       0x0800a774   Section        0  lwip_timers.o(i.tcp_timer_needed)
    i.tcp_timewait_input                     0x0800a7ac   Section        0  tcp_in.o(i.tcp_timewait_input)
    tcp_timewait_input                       0x0800a7ad   Thumb Code   140  tcp_in.o(i.tcp_timewait_input)
    i.tcp_tmr                                0x0800a858   Section        0  tcp.o(i.tcp_tmr)
    i.tcp_update_rcv_ann_wnd                 0x0800a87c   Section        0  tcp.o(i.tcp_update_rcv_ann_wnd)
    i.tcp_write                              0x0800a95c   Section        0  tcp_out.o(i.tcp_write)
    i.tcp_write_checks                       0x0800b084   Section        0  tcp_out.o(i.tcp_write_checks)
    tcp_write_checks                         0x0800b085   Thumb Code   192  tcp_out.o(i.tcp_write_checks)
    i.tcp_zero_window_probe                  0x0800b214   Section        0  tcp_out.o(i.tcp_zero_window_probe)
    i.tcpip_tcp_timer                        0x0800b2c8   Section        0  lwip_timers.o(i.tcpip_tcp_timer)
    tcpip_tcp_timer                          0x0800b2c9   Thumb Code    40  lwip_timers.o(i.tcpip_tcp_timer)
    i.time_update                            0x0800b300   Section        0  main.o(i.time_update)
    i.udp_bind                               0x0800b310   Section        0  udp.o(i.udp_bind)
    i.udp_echo_init                          0x0800b428   Section        0  udp_echo.o(i.udp_echo_init)
    i.udp_echo_recv                          0x0800b450   Section        0  udp_echo.o(i.udp_echo_recv)
    udp_echo_recv                            0x0800b451   Thumb Code    42  udp_echo.o(i.udp_echo_recv)
    i.udp_input                              0x0800b47c   Section        0  udp.o(i.udp_input)
    i.udp_new                                0x0800b70c   Section        0  udp.o(i.udp_new)
    i.udp_new_port                           0x0800b728   Section        0  udp.o(i.udp_new_port)
    udp_new_port                             0x0800b729   Thumb Code    80  udp.o(i.udp_new_port)
    i.udp_recv                               0x0800b780   Section        0  udp.o(i.udp_recv)
    i.udp_sendto                             0x0800b786   Section        0  udp.o(i.udp_sendto)
    i.udp_sendto_if                          0x0800b7bc   Section        0  udp.o(i.udp_sendto_if)
    .constdata                               0x0800b950   Section       50  gd32f4xx_enet_eval.o(.constdata)
    .constdata                               0x0800b982   Section       40  memp.o(.constdata)
    memp_sizes                               0x0800b982   Data          20  memp.o(.constdata)
    memp_num                                 0x0800b996   Data          20  memp.o(.constdata)
    .constdata                               0x0800b9ac   Section       80  tcp.o(.constdata)
    .constdata                               0x0800b9fc   Section        8  ip_addr.o(.constdata)
    .constdata                               0x0800ba04   Section       12  etharp.o(.constdata)
    .conststring                             0x0800ba10   Section      174  hello_gigadevice.o(.conststring)
    .conststring                             0x0800bac0   Section       72  dhcp.o(.conststring)
    .conststring                             0x0800bb08   Section      117  tcp.o(.conststring)
    .conststring                             0x0800bb80   Section       85  tcp_out.o(.conststring)
    .conststring                             0x0800bbd8   Section       68  etharp.o(.conststring)
    .conststring                             0x0800bc1c   Section       65  ethernetif.o(.conststring)
    .data                                    0x20000000   Section       32  main.o(.data)
    .data                                    0x20000020   Section        4  gd32f4xx_enet_eval.o(.data)
    enet_init_status                         0x20000020   Data           4  gd32f4xx_enet_eval.o(.data)
    .data                                    0x20000024   Section       12  netconf.o(.data)
    .data                                    0x20000030   Section       20  gd32f4xx_enet.o(.data)
    enet_unknow_err                          0x20000040   Data           4  gd32f4xx_enet.o(.data)
    .data                                    0x20000044   Section        4  dhcp.o(.data)
    xid                                      0x20000044   Data           4  dhcp.o(.data)
    .data                                    0x20000048   Section       12  lwip_timers.o(.data)
    next_timeout                             0x20000048   Data           4  lwip_timers.o(.data)
    timeouts_last_time                       0x2000004c   Data           4  lwip_timers.o(.data)
    tcpip_tcp_timer_active                   0x20000050   Data           4  lwip_timers.o(.data)
    .data                                    0x20000054   Section       12  mem.o(.data)
    ram                                      0x20000054   Data           4  mem.o(.data)
    ram_end                                  0x20000058   Data           4  mem.o(.data)
    lfree                                    0x2000005c   Data           4  mem.o(.data)
    .data                                    0x20000060   Section        9  netif.o(.data)
    netif_num                                0x20000068   Data           1  netif.o(.data)
    .data                                    0x2000006c   Section        4  raw.o(.data)
    raw_pcbs                                 0x2000006c   Data           4  raw.o(.data)
    .data                                    0x20000070   Section       36  tcp.o(.data)
    tcp_port                                 0x20000070   Data           2  tcp.o(.data)
    tcp_timer                                0x2000008d   Data           1  tcp.o(.data)
    tcp_timer_ctr                            0x2000008e   Data           1  tcp.o(.data)
    iss                                      0x20000090   Data           4  tcp.o(.data)
    .data                                    0x20000094   Section       32  tcp_in.o(.data)
    tcphdr                                   0x20000094   Data           4  tcp_in.o(.data)
    iphdr                                    0x20000098   Data           4  tcp_in.o(.data)
    seqno                                    0x2000009c   Data           4  tcp_in.o(.data)
    ackno                                    0x200000a0   Data           4  tcp_in.o(.data)
    flags                                    0x200000a4   Data           1  tcp_in.o(.data)
    tcplen                                   0x200000a6   Data           2  tcp_in.o(.data)
    recv_flags                               0x200000a8   Data           1  tcp_in.o(.data)
    recv_data                                0x200000ac   Data           4  tcp_in.o(.data)
    .data                                    0x200000b4   Section        8  udp.o(.data)
    udp_port                                 0x200000b4   Data           2  udp.o(.data)
    .data                                    0x200000bc   Section       18  ip.o(.data)
    ip_id                                    0x200000cc   Data           2  ip.o(.data)
    .data                                    0x200000d0   Section        6  ip_frag.o(.data)
    reassdatagrams                           0x200000d0   Data           4  ip_frag.o(.data)
    ip_reass_pbufcount                       0x200000d4   Data           2  ip_frag.o(.data)
    .data                                    0x200000d6   Section        1  etharp.o(.data)
    etharp_cached_entry                      0x200000d6   Data           1  etharp.o(.data)
    .data                                    0x200000d8   Section        4  stdout.o(.data)
    .bss                                     0x200000dc   Section       56  netconf.o(.bss)
    .bss                                     0x20000114   Section    15460  gd32f4xx_enet.o(.bss)
    enet_initpara                            0x20003d3c   Data          60  gd32f4xx_enet.o(.bss)
    .bss                                     0x20003d78   Section    20500  mem.o(.bss)
    .bss                                     0x20008d8c   Section    18235  memp.o(.bss)
    memp_tab                                 0x20008d8c   Data          40  memp.o(.bss)
    memp_memory                              0x20008db4   Data       18195  memp.o(.bss)
    .bss                                     0x2000d4c8   Section       20  tcp_in.o(.bss)
    inseg                                    0x2000d4c8   Data          20  tcp_in.o(.bss)
    .bss                                     0x2000d4dc   Section      200  etharp.o(.bss)
    arp_table                                0x2000d4dc   Data         200  etharp.o(.bss)
    STACK                                    0x2000d5a8   Section     1024  startup_gd32f407.o(STACK)

    Global Symbols

    Symbol Name                              Value     Ov Type        Size  Object(Section)

    BuildAttributes$$THM_ISAv4$E$P$D$K$B$S$7EM$VFPi3$EXTD16$VFPS$VFMA$PE$A:L22UL41UL21$X:L11$S22US41US21$IEEE1$IW$USESV6$~STKCKD$USESV7$~SHL$OSPACE$ROPI$EBA8$MICROLIB$REQ8$PRES8$EABIv2 0x00000000   Number         0  anon$$obj.o ABSOLUTE
    __ARM_use_no_argv                        0x00000000   Number         0  main.o ABSOLUTE
    _printf_a                                0x00000000   Number         0  stubs.o ABSOLUTE
    _printf_c                                0x00000000   Number         0  stubs.o ABSOLUTE
    _printf_charcount                        0x00000000   Number         0  stubs.o ABSOLUTE
    _printf_d                                0x00000000   Number         0  stubs.o ABSOLUTE
    _printf_e                                0x00000000   Number         0  stubs.o ABSOLUTE
    _printf_f                                0x00000000   Number         0  stubs.o ABSOLUTE
    _printf_flags                            0x00000000   Number         0  stubs.o ABSOLUTE
    _printf_fp_dec                           0x00000000   Number         0  stubs.o ABSOLUTE
    _printf_fp_hex                           0x00000000   Number         0  stubs.o ABSOLUTE
    _printf_g                                0x00000000   Number         0  stubs.o ABSOLUTE
    _printf_i                                0x00000000   Number         0  stubs.o ABSOLUTE
    _printf_int_dec                          0x00000000   Number         0  stubs.o ABSOLUTE
    _printf_l                                0x00000000   Number         0  stubs.o ABSOLUTE
    _printf_lc                               0x00000000   Number         0  stubs.o ABSOLUTE
    _printf_ll                               0x00000000   Number         0  stubs.o ABSOLUTE
    _printf_lld                              0x00000000   Number         0  stubs.o ABSOLUTE
    _printf_lli                              0x00000000   Number         0  stubs.o ABSOLUTE
    _printf_llo                              0x00000000   Number         0  stubs.o ABSOLUTE
    _printf_llu                              0x00000000   Number         0  stubs.o ABSOLUTE
    _printf_llx                              0x00000000   Number         0  stubs.o ABSOLUTE
    _printf_longlong_dec                     0x00000000   Number         0  stubs.o ABSOLUTE
    _printf_longlong_hex                     0x00000000   Number         0  stubs.o ABSOLUTE
    _printf_longlong_oct                     0x00000000   Number         0  stubs.o ABSOLUTE
    _printf_ls                               0x00000000   Number         0  stubs.o ABSOLUTE
    _printf_mbtowc                           0x00000000   Number         0  stubs.o ABSOLUTE
    _printf_n                                0x00000000   Number         0  stubs.o ABSOLUTE
    _printf_o                                0x00000000   Number         0  stubs.o ABSOLUTE
    _printf_p                                0x00000000   Number         0  stubs.o ABSOLUTE
    _printf_percent                          0x00000000   Number         0  stubs.o ABSOLUTE
    _printf_pre_padding                      0x00000000   Number         0  stubs.o ABSOLUTE
    _printf_return_value                     0x00000000   Number         0  stubs.o ABSOLUTE
    _printf_s                                0x00000000   Number         0  stubs.o ABSOLUTE
    _printf_sizespec                         0x00000000   Number         0  stubs.o ABSOLUTE
    _printf_str                              0x00000000   Number         0  stubs.o ABSOLUTE
    _printf_truncate_signed                  0x00000000   Number         0  stubs.o ABSOLUTE
    _printf_truncate_unsigned                0x00000000   Number         0  stubs.o ABSOLUTE
    _printf_u                                0x00000000   Number         0  stubs.o ABSOLUTE
    _printf_wc                               0x00000000   Number         0  stubs.o ABSOLUTE
    _printf_wctomb                           0x00000000   Number         0  stubs.o ABSOLUTE
    _printf_widthprec                        0x00000000   Number         0  stubs.o ABSOLUTE
    _printf_x                                0x00000000   Number         0  stubs.o ABSOLUTE
    __arm_fini_                               - Undefined Weak Reference
    __cpp_initialize__aeabi_                  - Undefined Weak Reference
    __cxa_finalize                            - Undefined Weak Reference
    __decompress                              - Undefined Weak Reference
    _clock_init                               - Undefined Weak Reference
    _microlib_exit                            - Undefined Weak Reference
    __Vectors_Size                           0x00000188   Number         0  startup_gd32f407.o ABSOLUTE
    __Vectors                                0x08000000   Data           4  startup_gd32f407.o(RESET)
    __Vectors_End                            0x08000188   Data           0  startup_gd32f407.o(RESET)
    __main                                   0x08000189   Thumb Code     0  entry.o(.ARM.Collect$$$$00000000)
    _main_stk                                0x08000189   Thumb Code     0  entry2.o(.ARM.Collect$$$$00000001)
    _main_scatterload                        0x0800018d   Thumb Code     0  entry5.o(.ARM.Collect$$$$00000004)
    __main_after_scatterload                 0x08000191   Thumb Code     0  entry5.o(.ARM.Collect$$$$00000004)
    _main_clock                              0x08000191   Thumb Code     0  entry7b.o(.ARM.Collect$$$$00000008)
    _main_cpp_init                           0x08000191   Thumb Code     0  entry8b.o(.ARM.Collect$$$$0000000A)
    _main_init                               0x08000191   Thumb Code     0  entry9a.o(.ARM.Collect$$$$0000000B)
    __rt_lib_shutdown_fini                   0x08000199   Thumb Code     0  entry12b.o(.ARM.Collect$$$$0000000E)
    __rt_final_cpp                           0x0800019d   Thumb Code     0  entry10a.o(.ARM.Collect$$$$0000000F)
    __rt_final_exit                          0x0800019d   Thumb Code     0  entry11a.o(.ARM.Collect$$$$00000011)
    Reset_Handler                            0x080001a1   Thumb Code     8  startup_gd32f407.o(.text)
    ADC_IRQHandler                           0x080001bb   Thumb Code     0  startup_gd32f407.o(.text)
    CAN0_EWMC_IRQHandler                     0x080001bb   Thumb Code     0  startup_gd32f407.o(.text)
    CAN0_RX0_IRQHandler                      0x080001bb   Thumb Code     0  startup_gd32f407.o(.text)
    CAN0_RX1_IRQHandler                      0x080001bb   Thumb Code     0  startup_gd32f407.o(.text)
    CAN0_TX_IRQHandler                       0x080001bb   Thumb Code     0  startup_gd32f407.o(.text)
    CAN1_EWMC_IRQHandler                     0x080001bb   Thumb Code     0  startup_gd32f407.o(.text)
    CAN1_RX0_IRQHandler                      0x080001bb   Thumb Code     0  startup_gd32f407.o(.text)
    CAN1_RX1_IRQHandler                      0x080001bb   Thumb Code     0  startup_gd32f407.o(.text)
    CAN1_TX_IRQHandler                       0x080001bb   Thumb Code     0  startup_gd32f407.o(.text)
    DCI_IRQHandler                           0x080001bb   Thumb Code     0  startup_gd32f407.o(.text)
    DMA0_Channel0_IRQHandler                 0x080001bb   Thumb Code     0  startup_gd32f407.o(.text)
    DMA0_Channel1_IRQHandler                 0x080001bb   Thumb Code     0  startup_gd32f407.o(.text)
    DMA0_Channel2_IRQHandler                 0x080001bb   Thumb Code     0  startup_gd32f407.o(.text)
    DMA0_Channel3_IRQHandler                 0x080001bb   Thumb Code     0  startup_gd32f407.o(.text)
    DMA0_Channel4_IRQHandler                 0x080001bb   Thumb Code     0  startup_gd32f407.o(.text)
    DMA0_Channel5_IRQHandler                 0x080001bb   Thumb Code     0  startup_gd32f407.o(.text)
    DMA0_Channel6_IRQHandler                 0x080001bb   Thumb Code     0  startup_gd32f407.o(.text)
    DMA0_Channel7_IRQHandler                 0x080001bb   Thumb Code     0  startup_gd32f407.o(.text)
    DMA1_Channel0_IRQHandler                 0x080001bb   Thumb Code     0  startup_gd32f407.o(.text)
    DMA1_Channel1_IRQHandler                 0x080001bb   Thumb Code     0  startup_gd32f407.o(.text)
    DMA1_Channel2_IRQHandler                 0x080001bb   Thumb Code     0  startup_gd32f407.o(.text)
    DMA1_Channel3_IRQHandler                 0x080001bb   Thumb Code     0  startup_gd32f407.o(.text)
    DMA1_Channel4_IRQHandler                 0x080001bb   Thumb Code     0  startup_gd32f407.o(.text)
    DMA1_Channel5_IRQHandler                 0x080001bb   Thumb Code     0  startup_gd32f407.o(.text)
    DMA1_Channel6_IRQHandler                 0x080001bb   Thumb Code     0  startup_gd32f407.o(.text)
    DMA1_Channel7_IRQHandler                 0x080001bb   Thumb Code     0  startup_gd32f407.o(.text)
    ENET_IRQHandler                          0x080001bb   Thumb Code     0  startup_gd32f407.o(.text)
    ENET_WKUP_IRQHandler                     0x080001bb   Thumb Code     0  startup_gd32f407.o(.text)
    EXMC_IRQHandler                          0x080001bb   Thumb Code     0  startup_gd32f407.o(.text)
    EXTI0_IRQHandler                         0x080001bb   Thumb Code     0  startup_gd32f407.o(.text)
    EXTI10_15_IRQHandler                     0x080001bb   Thumb Code     0  startup_gd32f407.o(.text)
    EXTI1_IRQHandler                         0x080001bb   Thumb Code     0  startup_gd32f407.o(.text)
    EXTI2_IRQHandler                         0x080001bb   Thumb Code     0  startup_gd32f407.o(.text)
    EXTI3_IRQHandler                         0x080001bb   Thumb Code     0  startup_gd32f407.o(.text)
    EXTI4_IRQHandler                         0x080001bb   Thumb Code     0  startup_gd32f407.o(.text)
    EXTI5_9_IRQHandler                       0x080001bb   Thumb Code     0  startup_gd32f407.o(.text)
    FMC_IRQHandler                           0x080001bb   Thumb Code     0  startup_gd32f407.o(.text)
    FPU_IRQHandler                           0x080001bb   Thumb Code     0  startup_gd32f407.o(.text)
    I2C0_ER_IRQHandler                       0x080001bb   Thumb Code     0  startup_gd32f407.o(.text)
    I2C0_EV_IRQHandler                       0x080001bb   Thumb Code     0  startup_gd32f407.o(.text)
    I2C1_ER_IRQHandler                       0x080001bb   Thumb Code     0  startup_gd32f407.o(.text)
    I2C1_EV_IRQHandler                       0x080001bb   Thumb Code     0  startup_gd32f407.o(.text)
    I2C2_ER_IRQHandler                       0x080001bb   Thumb Code     0  startup_gd32f407.o(.text)
    I2C2_EV_IRQHandler                       0x080001bb   Thumb Code     0  startup_gd32f407.o(.text)
    LVD_IRQHandler                           0x080001bb   Thumb Code     0  startup_gd32f407.o(.text)
    RCU_CTC_IRQHandler                       0x080001bb   Thumb Code     0  startup_gd32f407.o(.text)
    RTC_Alarm_IRQHandler                     0x080001bb   Thumb Code     0  startup_gd32f407.o(.text)
    RTC_WKUP_IRQHandler                      0x080001bb   Thumb Code     0  startup_gd32f407.o(.text)
    SDIO_IRQHandler                          0x080001bb   Thumb Code     0  startup_gd32f407.o(.text)
    SPI0_IRQHandler                          0x080001bb   Thumb Code     0  startup_gd32f407.o(.text)
    SPI1_IRQHandler                          0x080001bb   Thumb Code     0  startup_gd32f407.o(.text)
    SPI2_IRQHandler                          0x080001bb   Thumb Code     0  startup_gd32f407.o(.text)
    TAMPER_STAMP_IRQHandler                  0x080001bb   Thumb Code     0  startup_gd32f407.o(.text)
    TIMER0_BRK_TIMER8_IRQHandler             0x080001bb   Thumb Code     0  startup_gd32f407.o(.text)
    TIMER0_Channel_IRQHandler                0x080001bb   Thumb Code     0  startup_gd32f407.o(.text)
    TIMER0_TRG_CMT_TIMER10_IRQHandler        0x080001bb   Thumb Code     0  startup_gd32f407.o(.text)
    TIMER0_UP_TIMER9_IRQHandler              0x080001bb   Thumb Code     0  startup_gd32f407.o(.text)
    TIMER1_IRQHandler                        0x080001bb   Thumb Code     0  startup_gd32f407.o(.text)
    TIMER2_IRQHandler                        0x080001bb   Thumb Code     0  startup_gd32f407.o(.text)
    TIMER3_IRQHandler                        0x080001bb   Thumb Code     0  startup_gd32f407.o(.text)
    TIMER4_IRQHandler                        0x080001bb   Thumb Code     0  startup_gd32f407.o(.text)
    TIMER5_DAC_IRQHandler                    0x080001bb   Thumb Code     0  startup_gd32f407.o(.text)
    TIMER6_IRQHandler                        0x080001bb   Thumb Code     0  startup_gd32f407.o(.text)
    TIMER7_BRK_TIMER11_IRQHandler            0x080001bb   Thumb Code     0  startup_gd32f407.o(.text)
    TIMER7_Channel_IRQHandler                0x080001bb   Thumb Code     0  startup_gd32f407.o(.text)
    TIMER7_TRG_CMT_TIMER13_IRQHandler        0x080001bb   Thumb Code     0  startup_gd32f407.o(.text)
    TIMER7_UP_TIMER12_IRQHandler             0x080001bb   Thumb Code     0  startup_gd32f407.o(.text)
    TRNG_IRQHandler                          0x080001bb   Thumb Code     0  startup_gd32f407.o(.text)
    UART3_IRQHandler                         0x080001bb   Thumb Code     0  startup_gd32f407.o(.text)
    UART4_IRQHandler                         0x080001bb   Thumb Code     0  startup_gd32f407.o(.text)
    USART0_IRQHandler                        0x080001bb   Thumb Code     0  startup_gd32f407.o(.text)
    USART1_IRQHandler                        0x080001bb   Thumb Code     0  startup_gd32f407.o(.text)
    USART2_IRQHandler                        0x080001bb   Thumb Code     0  startup_gd32f407.o(.text)
    USART5_IRQHandler                        0x080001bb   Thumb Code     0  startup_gd32f407.o(.text)
    USBFS_IRQHandler                         0x080001bb   Thumb Code     0  startup_gd32f407.o(.text)
    USBFS_WKUP_IRQHandler                    0x080001bb   Thumb Code     0  startup_gd32f407.o(.text)
    USBHS_EP1_In_IRQHandler                  0x080001bb   Thumb Code     0  startup_gd32f407.o(.text)
    USBHS_EP1_Out_IRQHandler                 0x080001bb   Thumb Code     0  startup_gd32f407.o(.text)
    USBHS_IRQHandler                         0x080001bb   Thumb Code     0  startup_gd32f407.o(.text)
    USBHS_WKUP_IRQHandler                    0x080001bb   Thumb Code     0  startup_gd32f407.o(.text)
    WWDGT_IRQHandler                         0x080001bb   Thumb Code     0  startup_gd32f407.o(.text)
    __aeabi_memcpy                           0x080001c5   Thumb Code    36  memcpya.o(.text)
    __aeabi_memcpy4                          0x080001c5   Thumb Code     0  memcpya.o(.text)
    __aeabi_memcpy8                          0x080001c5   Thumb Code     0  memcpya.o(.text)
    __aeabi_memset                           0x080001e9   Thumb Code    14  memseta.o(.text)
    __aeabi_memset4                          0x080001e9   Thumb Code     0  memseta.o(.text)
    __aeabi_memset8                          0x080001e9   Thumb Code     0  memseta.o(.text)
    __aeabi_memclr                           0x080001f7   Thumb Code     4  memseta.o(.text)
    __aeabi_memclr4                          0x080001f7   Thumb Code     0  memseta.o(.text)
    __aeabi_memclr8                          0x080001f7   Thumb Code     0  memseta.o(.text)
    _memset$wrapper                          0x080001fb   Thumb Code    18  memseta.o(.text)
    strlen                                   0x0800020d   Thumb Code    14  strlen.o(.text)
    memcmp                                   0x0800021b   Thumb Code    26  memcmp.o(.text)
    __aeabi_uidiv                            0x08000235   Thumb Code     0  uidiv.o(.text)
    __aeabi_uidivmod                         0x08000235   Thumb Code    44  uidiv.o(.text)
    __scatterload                            0x08000261   Thumb Code    28  init.o(.text)
    __scatterload_rt2                        0x08000261   Thumb Code     0  init.o(.text)
    BusFault_Handler                         0x08000285   Thumb Code     4  gd32f4xx_it.o(i.BusFault_Handler)
    Check_TCP_Connect                        0x08000289   Thumb Code    26  main.o(i.Check_TCP_Connect)
    DebugMon_Handler                         0x080002a9   Thumb Code     2  gd32f4xx_it.o(i.DebugMon_Handler)
    HardFault_Handler                        0x080002ab   Thumb Code     4  gd32f4xx_it.o(i.HardFault_Handler)
    MemManage_Handler                        0x080002af   Thumb Code     4  gd32f4xx_it.o(i.MemManage_Handler)
    NMI_Handler                              0x080002b3   Thumb Code     2  gd32f4xx_it.o(i.NMI_Handler)
    PendSV_Handler                           0x080002b5   Thumb Code     2  gd32f4xx_it.o(i.PendSV_Handler)
    SVC_Handler                              0x080002b7   Thumb Code     2  gd32f4xx_it.o(i.SVC_Handler)
    SysTick_Handler                          0x080002b9   Thumb Code     8  gd32f4xx_it.o(i.SysTick_Handler)
    SystemInit                               0x080002c1   Thumb Code    78  system_gd32f4xx.o(i.SystemInit)
    UsageFault_Handler                       0x08000321   Thumb Code     4  gd32f4xx_it.o(i.UsageFault_Handler)
    __0printf$3                              0x08000325   Thumb Code    22  printf3.o(i.__0printf$3)
    __1printf$3                              0x08000325   Thumb Code     0  printf3.o(i.__0printf$3)
    __2printf                                0x08000325   Thumb Code     0  printf3.o(i.__0printf$3)
    __0sprintf$3                             0x08000345   Thumb Code    34  printf3.o(i.__0sprintf$3)
    __1sprintf$3                             0x08000345   Thumb Code     0  printf3.o(i.__0sprintf$3)
    __2sprintf                               0x08000345   Thumb Code     0  printf3.o(i.__0sprintf$3)
    __scatterload_copy                       0x0800036d   Thumb Code    14  handlers.o(i.__scatterload_copy)
    __scatterload_null                       0x0800037b   Thumb Code     2  handlers.o(i.__scatterload_null)
    __scatterload_zeroinit                   0x0800037d   Thumb Code    14  handlers.o(i.__scatterload_zeroinit)
    delay_10ms                               0x08000551   Thumb Code    26  main.o(i.delay_10ms)
    dhcp_arp_reply                           0x08000575   Thumb Code    78  dhcp.o(i.dhcp_arp_reply)
    enet_deinit                              0x08000f55   Thumb Code    24  gd32f4xx_enet.o(i.enet_deinit)
    enet_desc_information_get                0x08000f85   Thumb Code    96  gd32f4xx_enet.o(i.enet_desc_information_get)
    enet_descriptors_chain_init              0x08000fe9   Thumb Code   162  gd32f4xx_enet.o(i.enet_descriptors_chain_init)
    enet_enable                              0x080010b1   Thumb Code    12  gd32f4xx_enet.o(i.enet_enable)
    enet_frame_receive                       0x080010bd   Thumb Code   236  gd32f4xx_enet.o(i.enet_frame_receive)
    enet_frame_transmit                      0x080011b5   Thumb Code   196  gd32f4xx_enet.o(i.enet_frame_transmit)
    enet_init                                0x08001451   Thumb Code   822  gd32f4xx_enet.o(i.enet_init)
    enet_initpara_reset                      0x080017b5   Thumb Code    36  gd32f4xx_enet.o(i.enet_initpara_reset)
    enet_mac_address_set                     0x080017dd   Thumb Code    42  gd32f4xx_enet.o(i.enet_mac_address_set)
    enet_phy_config                          0x08001851   Thumb Code   184  gd32f4xx_enet.o(i.enet_phy_config)
    enet_phy_write_read                      0x08001929   Thumb Code   148  gd32f4xx_enet.o(i.enet_phy_write_read)
    enet_rx_desc_immediate_receive_complete_interrupt 0x080019c5   Thumb Code    10  gd32f4xx_enet.o(i.enet_rx_desc_immediate_receive_complete_interrupt)
    enet_rx_enable                           0x080019d1   Thumb Code    26  gd32f4xx_enet.o(i.enet_rx_enable)
    enet_rxframe_drop                        0x080019f5   Thumb Code   158  gd32f4xx_enet.o(i.enet_rxframe_drop)
    enet_rxframe_size_get                    0x08001aa1   Thumb Code   138  gd32f4xx_enet.o(i.enet_rxframe_size_get)
    enet_software_reset                      0x08001b39   Thumb Code    52  gd32f4xx_enet.o(i.enet_software_reset)
    enet_system_setup                        0x08001b75   Thumb Code   110  gd32f4xx_enet_eval.o(i.enet_system_setup)
    enet_transmit_checksum_config            0x08001bf1   Thumb Code    16  gd32f4xx_enet.o(i.enet_transmit_checksum_config)
    enet_tx_enable                           0x08001c01   Thumb Code    32  gd32f4xx_enet.o(i.enet_tx_enable)
    enet_txfifo_flush                        0x08001c29   Thumb Code    44  gd32f4xx_enet.o(i.enet_txfifo_flush)
    etharp_output                            0x080021a5   Thumb Code   380  etharp.o(i.etharp_output)
    etharp_query                             0x080024d9   Thumb Code   460  etharp.o(i.etharp_query)
    etharp_request                           0x08002909   Thumb Code    40  etharp.o(i.etharp_request)
    etharp_tmr                               0x080029f5   Thumb Code   144  etharp.o(i.etharp_tmr)
    ethernet_input                           0x08002bed   Thumb Code   202  etharp.o(i.ethernet_input)
    ethernetif_init                          0x08002d41   Thumb Code    58  ethernetif.o(i.ethernetif_init)
    ethernetif_input                         0x08002dc5   Thumb Code    48  ethernetif.o(i.ethernetif_input)
    fputc                                    0x08002df5   Thumb Code     2  main.o(i.fputc)
    gpio_af_set                              0x08002df7   Thumb Code    94  gd32f4xx_gpio.o(i.gpio_af_set)
    gpio_mode_set                            0x08002e55   Thumb Code    78  gd32f4xx_gpio.o(i.gpio_mode_set)
    gpio_output_options_set                  0x08002ea3   Thumb Code    66  gd32f4xx_gpio.o(i.gpio_output_options_set)
    hello_gigadevice_init                    0x08003069   Thumb Code    40  hello_gigadevice.o(i.hello_gigadevice_init)
    icmp_dest_unreach                        0x08003205   Thumb Code    18  icmp.o(i.icmp_dest_unreach)
    icmp_input                               0x08003219   Thumb Code   492  icmp.o(i.icmp_input)
    icmp_time_exceeded                       0x0800368d   Thumb Code    18  icmp.o(i.icmp_time_exceeded)
    inet_chksum                              0x0800369f   Thumb Code    20  inet_chksum.o(i.inet_chksum)
    inet_chksum_pbuf                         0x080036b3   Thumb Code    86  inet_chksum.o(i.inet_chksum_pbuf)
    ip4_addr_isbroadcast                     0x08003709   Thumb Code    78  ip_addr.o(i.ip4_addr_isbroadcast)
    ip_frag                                  0x08003759   Thumb Code   448  ip_frag.o(i.ip_frag)
    ip_input                                 0x08003a45   Thumb Code   484  ip.o(i.ip_input)
    ip_output                                0x08003c3d   Thumb Code    84  ip.o(i.ip_output)
    ip_output_if                             0x08003cfd   Thumb Code   252  ip.o(i.ip_output_if)
    ip_reass                                 0x08003e99   Thumb Code   410  ip_frag.o(i.ip_reass)
    ip_route                                 0x080046c9   Thumb Code    80  ip.o(i.ip_route)
    lwip_htonl                               0x08004925   Thumb Code    26  def.o(i.lwip_htonl)
    lwip_htons                               0x0800493f   Thumb Code    12  def.o(i.lwip_htons)
    lwip_netif_status_callback               0x0800494b   Thumb Code    28  main.o(i.lwip_netif_status_callback)
    lwip_ntohl                               0x08004967   Thumb Code    12  def.o(i.lwip_ntohl)
    lwip_ntohs                               0x08004973   Thumb Code    12  def.o(i.lwip_ntohs)
    lwip_periodic_handle                     0x08004981   Thumb Code    52  netconf.o(i.lwip_periodic_handle)
    lwip_pkt_handle                          0x080049bd   Thumb Code    10  netconf.o(i.lwip_pkt_handle)
    lwip_stack_init                          0x080049cd   Thumb Code    74  netconf.o(i.lwip_stack_init)
    main                                     0x08004a91   Thumb Code    68  main.o(i.main)
    mem_calloc                               0x08004ae1   Thumb Code    34  mem.o(i.mem_calloc)
    mem_free                                 0x08004b05   Thumb Code   158  mem.o(i.mem_free)
    mem_init                                 0x08004c5d   Thumb Code    74  mem.o(i.mem_init)
    mem_malloc                               0x08004cb9   Thumb Code   370  mem.o(i.mem_malloc)
    mem_trim                                 0x08004f35   Thumb Code   312  mem.o(i.mem_trim)
    memp_free                                0x0800510d   Thumb Code    60  memp.o(i.memp_free)
    memp_init                                0x080051c9   Thumb Code    82  memp.o(i.memp_init)
    memp_malloc                              0x0800522d   Thumb Code    92  memp.o(i.memp_malloc)
    netif_add                                0x0800532d   Thumb Code   152  netif.o(i.netif_add)
    netif_set_addr                           0x08005445   Thumb Code    40  netif.o(i.netif_set_addr)
    netif_set_default                        0x0800546d   Thumb Code    10  netif.o(i.netif_set_default)
    netif_set_gw                             0x0800547d   Thumb Code    16  netif.o(i.netif_set_gw)
    netif_set_ipaddr                         0x0800548d   Thumb Code   124  netif.o(i.netif_set_ipaddr)
    netif_set_netmask                        0x08005511   Thumb Code    16  netif.o(i.netif_set_netmask)
    netif_set_status_callback                0x08005521   Thumb Code     6  netif.o(i.netif_set_status_callback)
    netif_set_up                             0x08005527   Thumb Code    70  netif.o(i.netif_set_up)
    pbuf_alloc                               0x0800556d   Thumb Code   660  pbuf.o(i.pbuf_alloc)
    pbuf_alloced_custom                      0x0800599d   Thumb Code   148  pbuf.o(i.pbuf_alloced_custom)
    pbuf_cat                                 0x08005ab1   Thumb Code   126  pbuf.o(i.pbuf_cat)
    pbuf_chain                               0x08005c05   Thumb Code    26  pbuf.o(i.pbuf_chain)
    pbuf_clen                                0x08005c1f   Thumb Code    18  pbuf.o(i.pbuf_clen)
    pbuf_copy                                0x08005c31   Thumb Code   328  pbuf.o(i.pbuf_copy)
    pbuf_copy_partial                        0x08005e75   Thumb Code   182  pbuf.o(i.pbuf_copy_partial)
    pbuf_free                                0x08005fcd   Thumb Code   264  pbuf.o(i.pbuf_free)
    pbuf_header                              0x08006191   Thumb Code   200  pbuf.o(i.pbuf_header)
    pbuf_realloc                             0x080062f1   Thumb Code   252  pbuf.o(i.pbuf_realloc)
    pbuf_ref                                 0x080064c5   Thumb Code    10  pbuf.o(i.pbuf_ref)
    raw_input                                0x08006691   Thumb Code   102  raw.o(i.raw_input)
    rcu_ckout0_config                        0x08006705   Thumb Code    22  gd32f4xx_rcu.o(i.rcu_ckout0_config)
    rcu_clock_freq_get                       0x08006721   Thumb Code   264  gd32f4xx_rcu.o(i.rcu_clock_freq_get)
    rcu_periph_clock_enable                  0x08006845   Thumb Code    32  gd32f4xx_rcu.o(i.rcu_periph_clock_enable)
    rcu_periph_reset_disable                 0x08006869   Thumb Code    32  gd32f4xx_rcu.o(i.rcu_periph_reset_disable)
    rcu_periph_reset_enable                  0x0800688d   Thumb Code    32  gd32f4xx_rcu.o(i.rcu_periph_reset_enable)
    sys_timeout                              0x080068b1   Thumb Code   174  lwip_timers.o(i.sys_timeout)
    syscfg_enet_phy_interface_config         0x08006a09   Thumb Code    18  gd32f4xx_syscfg.o(i.syscfg_enet_phy_interface_config)
    systick_clksource_set                    0x08006b25   Thumb Code    40  gd32f4xx_misc.o(i.systick_clksource_set)
    tcp_abandon                              0x08006b4d   Thumb Code   164  tcp.o(i.tcp_abandon)
    tcp_abort                                0x08006c8d   Thumb Code    14  tcp.o(i.tcp_abort)
    tcp_accept                               0x08006c9b   Thumb Code     4  tcp.o(i.tcp_accept)
    tcp_alloc                                0x08006ca9   Thumb Code   180  tcp.o(i.tcp_alloc)
    tcp_arg                                  0x08006d6d   Thumb Code     4  tcp.o(i.tcp_arg)
    tcp_bind                                 0x08006d71   Thumb Code   166  tcp.o(i.tcp_bind)
    tcp_client_init                          0x08006ed5   Thumb Code    62  tcp_client.o(i.tcp_client_init)
    tcp_close                                0x08006fd9   Thumb Code    28  tcp.o(i.tcp_close)
    tcp_connect                              0x0800724d   Thumb Code   348  tcp.o(i.tcp_connect)
    tcp_eff_send_mss                         0x080074fd   Thumb Code    46  tcp.o(i.tcp_eff_send_mss)
    tcp_enqueue_flags                        0x0800752d   Thumb Code   418  tcp_out.o(i.tcp_enqueue_flags)
    tcp_err                                  0x080077dd   Thumb Code    40  tcp.o(i.tcp_err)
    tcp_fasttmr                              0x08007889   Thumb Code   114  tcp.o(i.tcp_fasttmr)
    tcp_input                                0x08007909   Thumb Code  1694  tcp_in.o(i.tcp_input)
    tcp_keepalive                            0x08007fd1   Thumb Code    84  tcp_out.o(i.tcp_keepalive)
    tcp_listen_with_backlog                  0x080081f9   Thumb Code   218  tcp.o(i.tcp_listen_with_backlog)
    tcp_new                                  0x08008365   Thumb Code    10  tcp.o(i.tcp_new)
    tcp_next_iss                             0x080083d9   Thumb Code    20  tcp.o(i.tcp_next_iss)
    tcp_output                               0x080083f5   Thumb Code   492  tcp_out.o(i.tcp_output)
    tcp_pcb_purge                            0x08008a55   Thumb Code    88  tcp.o(i.tcp_pcb_purge)
    tcp_pcb_remove                           0x08008aad   Thumb Code   184  tcp.o(i.tcp_pcb_remove)
    tcp_process_refused_data                 0x08009299   Thumb Code   148  tcp.o(i.tcp_process_refused_data)
    tcp_recv                                 0x08009c65   Thumb Code    38  tcp.o(i.tcp_recv)
    tcp_recv_null                            0x08009d11   Thumb Code    46  tcp.o(i.tcp_recv_null)
    tcp_recved                               0x08009d41   Thumb Code   128  tcp.o(i.tcp_recved)
    tcp_rexmit                               0x08009e69   Thumb Code    90  tcp_out.o(i.tcp_rexmit)
    tcp_rexmit_fast                          0x08009ec3   Thumb Code   120  tcp_out.o(i.tcp_rexmit_fast)
    tcp_rexmit_rto                           0x08009f3b   Thumb Code    58  tcp_out.o(i.tcp_rexmit_rto)
    tcp_rst                                  0x08009f75   Thumb Code   156  tcp_out.o(i.tcp_rst)
    tcp_seg_free                             0x0800a0a1   Thumb Code    26  tcp.o(i.tcp_seg_free)
    tcp_segs_free                            0x0800a0bb   Thumb Code    24  tcp.o(i.tcp_segs_free)
    tcp_send_empty_ack                       0x0800a0d3   Thumb Code    86  tcp_out.o(i.tcp_send_empty_ack)
    tcp_send_fin                             0x0800a129   Thumb Code    74  tcp_out.o(i.tcp_send_fin)
    tcp_slowtmr                              0x0800a175   Thumb Code  1400  tcp.o(i.tcp_slowtmr)
    tcp_timer_needed                         0x0800a775   Thumb Code    38  lwip_timers.o(i.tcp_timer_needed)
    tcp_tmr                                  0x0800a859   Thumb Code    30  tcp.o(i.tcp_tmr)
    tcp_update_rcv_ann_wnd                   0x0800a87d   Thumb Code   102  tcp.o(i.tcp_update_rcv_ann_wnd)
    tcp_write                                0x0800a95d   Thumb Code  1700  tcp_out.o(i.tcp_write)
    tcp_zero_window_probe                    0x0800b215   Thumb Code   180  tcp_out.o(i.tcp_zero_window_probe)
    time_update                              0x0800b301   Thumb Code    12  main.o(i.time_update)
    udp_bind                                 0x0800b311   Thumb Code   170  udp.o(i.udp_bind)
    udp_echo_init                            0x0800b429   Thumb Code    32  udp_echo.o(i.udp_echo_init)
    udp_input                                0x0800b47d   Thumb Code   512  udp.o(i.udp_input)
    udp_new                                  0x0800b70d   Thumb Code    28  udp.o(i.udp_new)
    udp_recv                                 0x0800b781   Thumb Code     6  udp.o(i.udp_recv)
    udp_sendto                               0x0800b787   Thumb Code    54  udp.o(i.udp_sendto)
    udp_sendto_if                            0x0800b7bd   Thumb Code   264  udp.o(i.udp_sendto_if)
    gd32_str                                 0x0800b950   Data          50  gd32f4xx_enet_eval.o(.constdata)
    tcp_state_str                            0x0800b9ac   Data          44  tcp.o(.constdata)
    tcp_backoff                              0x0800b9d8   Data          13  tcp.o(.constdata)
    tcp_persist_backoff                      0x0800b9e5   Data           7  tcp.o(.constdata)
    tcp_pcb_lists                            0x0800b9ec   Data          16  tcp.o(.constdata)
    ip_addr_any                              0x0800b9fc   Data           4  ip_addr.o(.constdata)
    ip_addr_broadcast                        0x0800ba00   Data           4  ip_addr.o(.constdata)
    ethbroadcast                             0x0800ba04   Data           6  etharp.o(.constdata)
    ethzero                                  0x0800ba0a   Data           6  etharp.o(.constdata)
    Region$$Table$$Base                      0x0800bc60   Number         0  anon$$obj.o(Region$$Table)
    Region$$Table$$Limit                     0x0800bc80   Number         0  anon$$obj.o(Region$$Table)
    g_localtime                              0x20000000   Data           4  main.o(.data)
    g_timedelay                              0x20000004   Data           4  main.o(.data)
    tcp_data                                 0x20000008   Data          17  main.o(.data)
    pcb                                      0x2000001c   Data           4  main.o(.data)
    tcp_timer                                0x20000024   Data           4  netconf.o(.data)
    arp_timer                                0x20000028   Data           4  netconf.o(.data)
    ip_address                               0x2000002c   Data           4  netconf.o(.data)
    dma_current_txdesc                       0x20000030   Data           4  gd32f4xx_enet.o(.data)
    dma_current_rxdesc                       0x20000034   Data           4  gd32f4xx_enet.o(.data)
    dma_current_ptp_txdesc                   0x20000038   Data           4  gd32f4xx_enet.o(.data)
    dma_current_ptp_rxdesc                   0x2000003c   Data           4  gd32f4xx_enet.o(.data)
    netif_list                               0x20000060   Data           4  netif.o(.data)
    netif_default                            0x20000064   Data           4  netif.o(.data)
    tcp_ticks                                0x20000074   Data           4  tcp.o(.data)
    tcp_bound_pcbs                           0x20000078   Data           4  tcp.o(.data)
    tcp_listen_pcbs                          0x2000007c   Data           4  tcp.o(.data)
    tcp_active_pcbs                          0x20000080   Data           4  tcp.o(.data)
    tcp_tw_pcbs                              0x20000084   Data           4  tcp.o(.data)
    tcp_tmp_pcb                              0x20000088   Data           4  tcp.o(.data)
    tcp_active_pcbs_changed                  0x2000008c   Data           1  tcp.o(.data)
    tcp_input_pcb                            0x200000b0   Data           4  tcp_in.o(.data)
    udp_pcbs                                 0x200000b8   Data           4  udp.o(.data)
    current_netif                            0x200000bc   Data           4  ip.o(.data)
    current_header                           0x200000c0   Data           4  ip.o(.data)
    current_iphdr_src                        0x200000c4   Data           4  ip.o(.data)
    current_iphdr_dest                       0x200000c8   Data           4  ip.o(.data)
    __stdout                                 0x200000d8   Data           4  stdout.o(.data)
    g_mynetif                                0x200000dc   Data          56  netconf.o(.bss)
    rxdesc_tab                               0x20000114   Data          80  gd32f4xx_enet.o(.bss)
    txdesc_tab                               0x20000164   Data          80  gd32f4xx_enet.o(.bss)
    rx_buff                                  0x200001b4   Data        7620  gd32f4xx_enet.o(.bss)
    tx_buff                                  0x20001f78   Data        7620  gd32f4xx_enet.o(.bss)
    ram_heap                                 0x20003d78   Data       20500  mem.o(.bss)
    __initial_sp                             0x2000d9a8   Data           0  startup_gd32f407.o(STACK)



==============================================================================

Memory Map of the image

  Image Entry point : 0x08000189

  Load Region LR_IROM1 (Base: 0x08000000, Size: 0x0000bd5c, Max: 0x00080000, ABSOLUTE)

    Execution Region ER_IROM1 (Exec base: 0x08000000, Load base: 0x08000000, Size: 0x0000bc80, Max: 0x00080000, ABSOLUTE)

    Exec Addr    Load Addr    Size         Type   Attr      Idx    E Section Name        Object

    0x08000000   0x08000000   0x00000188   Data   RO         7722    RESET               startup_gd32f407.o
    0x08000188   0x08000188   0x00000000   Code   RO         7727  * .ARM.Collect$$$$00000000  mc_w.l(entry.o)
    0x08000188   0x08000188   0x00000004   Code   RO         8001    .ARM.Collect$$$$00000001  mc_w.l(entry2.o)
    0x0800018c   0x0800018c   0x00000004   Code   RO         8004    .ARM.Collect$$$$00000004  mc_w.l(entry5.o)
    0x08000190   0x08000190   0x00000000   Code   RO         8006    .ARM.Collect$$$$00000008  mc_w.l(entry7b.o)
    0x08000190   0x08000190   0x00000000   Code   RO         8008    .ARM.Collect$$$$0000000A  mc_w.l(entry8b.o)
    0x08000190   0x08000190   0x00000008   Code   RO         8009    .ARM.Collect$$$$0000000B  mc_w.l(entry9a.o)
    0x08000198   0x08000198   0x00000004   Code   RO         8016    .ARM.Collect$$$$0000000E  mc_w.l(entry12b.o)
    0x0800019c   0x0800019c   0x00000000   Code   RO         8011    .ARM.Collect$$$$0000000F  mc_w.l(entry10a.o)
    0x0800019c   0x0800019c   0x00000000   Code   RO         8013    .ARM.Collect$$$$00000011  mc_w.l(entry11a.o)
    0x0800019c   0x0800019c   0x00000004   Code   RO         8002    .ARM.Collect$$$$00002712  mc_w.l(entry2.o)
    0x080001a0   0x080001a0   0x00000024   Code   RO         7723    .text               startup_gd32f407.o
    0x080001c4   0x080001c4   0x00000024   Code   RO         7730    .text               mc_w.l(memcpya.o)
    0x080001e8   0x080001e8   0x00000024   Code   RO         7732    .text               mc_w.l(memseta.o)
    0x0800020c   0x0800020c   0x0000000e   Code   RO         7734    .text               mc_w.l(strlen.o)
    0x0800021a   0x0800021a   0x0000001a   Code   RO         7736    .text               mc_w.l(memcmp.o)
    0x08000234   0x08000234   0x0000002c   Code   RO         8018    .text               mc_w.l(uidiv.o)
    0x08000260   0x08000260   0x00000024   Code   RO         8033    .text               mc_w.l(init.o)
    0x08000284   0x08000284   0x00000004   Code   RO          250    i.BusFault_Handler  gd32f4xx_it.o
    0x08000288   0x08000288   0x00000020   Code   RO            3    i.Check_TCP_Connect  main.o
    0x080002a8   0x080002a8   0x00000002   Code   RO          251    i.DebugMon_Handler  gd32f4xx_it.o
    0x080002aa   0x080002aa   0x00000004   Code   RO          252    i.HardFault_Handler  gd32f4xx_it.o
    0x080002ae   0x080002ae   0x00000004   Code   RO          253    i.MemManage_Handler  gd32f4xx_it.o
    0x080002b2   0x080002b2   0x00000002   Code   RO          254    i.NMI_Handler       gd32f4xx_it.o
    0x080002b4   0x080002b4   0x00000002   Code   RO          255    i.PendSV_Handler    gd32f4xx_it.o
    0x080002b6   0x080002b6   0x00000002   Code   RO          256    i.SVC_Handler       gd32f4xx_it.o
    0x080002b8   0x080002b8   0x00000008   Code   RO          257    i.SysTick_Handler   gd32f4xx_it.o
    0x080002c0   0x080002c0   0x00000060   Code   RO         7681    i.SystemInit        system_gd32f4xx.o
    0x08000320   0x08000320   0x00000004   Code   RO          258    i.UsageFault_Handler  gd32f4xx_it.o
    0x08000324   0x08000324   0x00000020   Code   RO         7829    i.__0printf$3       mc_w.l(printf3.o)
    0x08000344   0x08000344   0x00000028   Code   RO         7831    i.__0sprintf$3      mc_w.l(printf3.o)
    0x0800036c   0x0800036c   0x0000000e   Code   RO         8045    i.__scatterload_copy  mc_w.l(handlers.o)
    0x0800037a   0x0800037a   0x00000002   Code   RO         8046    i.__scatterload_null  mc_w.l(handlers.o)
    0x0800037c   0x0800037c   0x0000000e   Code   RO         8047    i.__scatterload_zeroinit  mc_w.l(handlers.o)
    0x0800038a   0x0800038a   0x00000002   PAD
    0x0800038c   0x0800038c   0x000001b8   Code   RO         7836    i._printf_core      mc_w.l(printf3.o)
    0x08000544   0x08000544   0x0000000a   Code   RO         7838    i._sputc            mc_w.l(printf3.o)
    0x0800054e   0x0800054e   0x00000002   PAD
    0x08000550   0x08000550   0x00000024   Code   RO            4    i.delay_10ms        main.o
    0x08000574   0x08000574   0x000000bc   Code   RO         6053    i.dhcp_arp_reply    dhcp.o
    0x08000630   0x08000630   0x000002ec   Code   RO         6058    i.dhcp_create_msg   dhcp.o
    0x0800091c   0x0800091c   0x00000094   Code   RO         6059    i.dhcp_decline      dhcp.o
    0x080009b0   0x080009b0   0x00000138   Code   RO         6060    i.dhcp_delete_msg   dhcp.o
    0x08000ae8   0x08000ae8   0x000000a4   Code   RO         6068    i.dhcp_option       dhcp.o
    0x08000b8c   0x08000b8c   0x000000c8   Code   RO         6069    i.dhcp_option_byte  dhcp.o
    0x08000c54   0x08000c54   0x000000fc   Code   RO         6070    i.dhcp_option_long  dhcp.o
    0x08000d50   0x08000d50   0x0000017c   Code   RO         6072    i.dhcp_option_trailer  dhcp.o
    0x08000ecc   0x08000ecc   0x00000010   Code   RO         6080    i.dhcp_set_state    dhcp.o
    0x08000edc   0x08000edc   0x00000078   Code   RO         1856    i.enet_default_init  gd32f4xx_enet.o
    0x08000f54   0x08000f54   0x00000018   Code   RO         1857    i.enet_deinit       gd32f4xx_enet.o
    0x08000f6c   0x08000f6c   0x00000018   Code   RO         1858    i.enet_delay        gd32f4xx_enet.o
    0x08000f84   0x08000f84   0x00000064   Code   RO         1862    i.enet_desc_information_get  gd32f4xx_enet.o
    0x08000fe8   0x08000fe8   0x000000c8   Code   RO         1864    i.enet_descriptors_chain_init  gd32f4xx_enet.o
    0x080010b0   0x080010b0   0x0000000c   Code   RO         1871    i.enet_enable       gd32f4xx_enet.o
    0x080010bc   0x080010bc   0x000000f8   Code   RO         1881    i.enet_frame_receive  gd32f4xx_enet.o
    0x080011b4   0x080011b4   0x000000cc   Code   RO         1882    i.enet_frame_transmit  gd32f4xx_enet.o
    0x08001280   0x08001280   0x000001d0   Code   RO          321    i.enet_gpio_config  gd32f4xx_enet_eval.o
    0x08001450   0x08001450   0x00000364   Code   RO         1883    i.enet_init         gd32f4xx_enet.o
    0x080017b4   0x080017b4   0x00000028   Code   RO         1885    i.enet_initpara_reset  gd32f4xx_enet.o
    0x080017dc   0x080017dc   0x00000030   Code   RO         1891    i.enet_mac_address_set  gd32f4xx_enet.o
    0x0800180c   0x0800180c   0x00000044   Code   RO          322    i.enet_mac_dma_config  gd32f4xx_enet_eval.o
    0x08001850   0x08001850   0x000000d8   Code   RO         1901    i.enet_phy_config   gd32f4xx_enet.o
    0x08001928   0x08001928   0x0000009c   Code   RO         1902    i.enet_phy_write_read  gd32f4xx_enet.o
    0x080019c4   0x080019c4   0x0000000a   Code   RO         1920    i.enet_rx_desc_immediate_receive_complete_interrupt  gd32f4xx_enet.o
    0x080019ce   0x080019ce   0x00000002   PAD
    0x080019d0   0x080019d0   0x00000024   Code   RO         1922    i.enet_rx_enable    gd32f4xx_enet.o
    0x080019f4   0x080019f4   0x000000ac   Code   RO         1923    i.enet_rxframe_drop  gd32f4xx_enet.o
    0x08001aa0   0x08001aa0   0x00000098   Code   RO         1924    i.enet_rxframe_size_get  gd32f4xx_enet.o
    0x08001b38   0x08001b38   0x0000003c   Code   RO         1926    i.enet_software_reset  gd32f4xx_enet.o
    0x08001b74   0x08001b74   0x0000007c   Code   RO          323    i.enet_system_setup  gd32f4xx_enet_eval.o
    0x08001bf0   0x08001bf0   0x00000010   Code   RO         1927    i.enet_transmit_checksum_config  gd32f4xx_enet.o
    0x08001c00   0x08001c00   0x00000028   Code   RO         1929    i.enet_tx_enable    gd32f4xx_enet.o
    0x08001c28   0x08001c28   0x00000034   Code   RO         1930    i.enet_txfifo_flush  gd32f4xx_enet.o
    0x08001c5c   0x08001c5c   0x000001d4   Code   RO         7540    i.etharp_arp_input  etharp.o
    0x08001e30   0x08001e30   0x000002fc   Code   RO         7543    i.etharp_find_entry  etharp.o
    0x0800212c   0x0800212c   0x00000078   Code   RO         7544    i.etharp_free_entry  etharp.o
    0x080021a4   0x080021a4   0x00000214   Code   RO         7545    i.etharp_output     etharp.o
    0x080023b8   0x080023b8   0x00000120   Code   RO         7546    i.etharp_output_to_arp_index  etharp.o
    0x080024d8   0x080024d8   0x00000284   Code   RO         7547    i.etharp_query      etharp.o
    0x0800275c   0x0800275c   0x000001ac   Code   RO         7548    i.etharp_raw        etharp.o
    0x08002908   0x08002908   0x00000030   Code   RO         7549    i.etharp_request    etharp.o
    0x08002938   0x08002938   0x000000bc   Code   RO         7550    i.etharp_send_ip    etharp.o
    0x080029f4   0x080029f4   0x00000094   Code   RO         7551    i.etharp_tmr        etharp.o
    0x08002a88   0x08002a88   0x00000164   Code   RO         7552    i.etharp_update_arp_entry  etharp.o
    0x08002bec   0x08002bec   0x00000154   Code   RO         7553    i.ethernet_input    etharp.o
    0x08002d40   0x08002d40   0x00000084   Code   RO         7634    i.ethernetif_init   ethernetif.o
    0x08002dc4   0x08002dc4   0x00000030   Code   RO         7635    i.ethernetif_input  ethernetif.o
    0x08002df4   0x08002df4   0x00000002   Code   RO            5    i.fputc             main.o
    0x08002df6   0x08002df6   0x0000005e   Code   RO         3016    i.gpio_af_set       gd32f4xx_gpio.o
    0x08002e54   0x08002e54   0x0000004e   Code   RO         3024    i.gpio_mode_set     gd32f4xx_gpio.o
    0x08002ea2   0x08002ea2   0x00000042   Code   RO         3026    i.gpio_output_options_set  gd32f4xx_gpio.o
    0x08002ee4   0x08002ee4   0x00000174   Code   RO          447    i.hello_gigadevice_accept  hello_gigadevice.o
    0x08003058   0x08003058   0x00000010   Code   RO          448    i.hello_gigadevice_conn_err  hello_gigadevice.o
    0x08003068   0x08003068   0x00000030   Code   RO          449    i.hello_gigadevice_init  hello_gigadevice.o
    0x08003098   0x08003098   0x0000016c   Code   RO          450    i.hello_gigadevice_recv  hello_gigadevice.o
    0x08003204   0x08003204   0x00000012   Code   RO         7233    i.icmp_dest_unreach  icmp.o
    0x08003216   0x08003216   0x00000002   PAD
    0x08003218   0x08003218   0x00000344   Code   RO         7234    i.icmp_input        icmp.o
    0x0800355c   0x0800355c   0x00000130   Code   RO         7235    i.icmp_send_response  icmp.o
    0x0800368c   0x0800368c   0x00000012   Code   RO         7236    i.icmp_time_exceeded  icmp.o
    0x0800369e   0x0800369e   0x00000014   Code   RO         7281    i.inet_chksum       inet_chksum.o
    0x080036b2   0x080036b2   0x00000056   Code   RO         7282    i.inet_chksum_pbuf  inet_chksum.o
    0x08003708   0x08003708   0x0000004e   Code   RO         7358    i.ip4_addr_isbroadcast  ip_addr.o
    0x08003756   0x08003756   0x00000002   PAD
    0x08003758   0x08003758   0x00000248   Code   RO         7411    i.ip_frag           ip_frag.o
    0x080039a0   0x080039a0   0x0000000a   Code   RO         7412    i.ip_frag_alloc_pbuf_custom_ref  ip_frag.o
    0x080039aa   0x080039aa   0x00000002   PAD
    0x080039ac   0x080039ac   0x00000098   Code   RO         7413    i.ip_frag_free_pbuf_custom_ref  ip_frag.o
    0x08003a44   0x08003a44   0x000001f8   Code   RO         7319    i.ip_input          ip.o
    0x08003c3c   0x08003c3c   0x000000c0   Code   RO         7320    i.ip_output         ip.o
    0x08003cfc   0x08003cfc   0x0000019c   Code   RO         7321    i.ip_output_if      ip.o
    0x08003e98   0x08003e98   0x000001a4   Code   RO         7414    i.ip_reass          ip_frag.o
    0x0800403c   0x0800403c   0x0000031c   Code   RO         7415    i.ip_reass_chain_frag_into_datagram_and_validate  ip_frag.o
    0x08004358   0x08004358   0x000000c4   Code   RO         7416    i.ip_reass_dequeue_datagram  ip_frag.o
    0x0800441c   0x0800441c   0x00000058   Code   RO         7417    i.ip_reass_enqueue_new_datagram  ip_frag.o
    0x08004474   0x08004474   0x000001d8   Code   RO         7418    i.ip_reass_free_complete_datagram  ip_frag.o
    0x0800464c   0x0800464c   0x0000007c   Code   RO         7419    i.ip_reass_remove_oldest_datagram  ip_frag.o
    0x080046c8   0x080046c8   0x00000058   Code   RO         7322    i.ip_route          ip.o
    0x08004720   0x08004720   0x000000c8   Code   RO         7421    i.ipfrag_free_pbuf_custom  ip_frag.o
    0x080047e8   0x080047e8   0x00000090   Code   RO         7636    i.low_level_init    ethernetif.o
    0x08004878   0x08004878   0x0000005c   Code   RO         7637    i.low_level_input   ethernetif.o
    0x080048d4   0x080048d4   0x00000050   Code   RO         7638    i.low_level_output  ethernetif.o
    0x08004924   0x08004924   0x0000001a   Code   RO         6023    i.lwip_htonl        def.o
    0x0800493e   0x0800493e   0x0000000c   Code   RO         6024    i.lwip_htons        def.o
    0x0800494a   0x0800494a   0x0000001c   Code   RO            6    i.lwip_netif_status_callback  main.o
    0x08004966   0x08004966   0x0000000c   Code   RO         6025    i.lwip_ntohl        def.o
    0x08004972   0x08004972   0x0000000c   Code   RO         6026    i.lwip_ntohs        def.o
    0x0800497e   0x0800497e   0x00000002   PAD
    0x08004980   0x08004980   0x0000003c   Code   RO          359    i.lwip_periodic_handle  netconf.o
    0x080049bc   0x080049bc   0x00000010   Code   RO          360    i.lwip_pkt_handle   netconf.o
    0x080049cc   0x080049cc   0x00000064   Code   RO          361    i.lwip_stack_init   netconf.o
    0x08004a30   0x08004a30   0x0000005e   Code   RO         7285    i.lwip_standard_chksum  inet_chksum.o
    0x08004a8e   0x08004a8e   0x00000002   PAD
    0x08004a90   0x08004a90   0x00000050   Code   RO            7    i.main              main.o
    0x08004ae0   0x08004ae0   0x00000022   Code   RO         6381    i.mem_calloc        mem.o
    0x08004b02   0x08004b02   0x00000002   PAD
    0x08004b04   0x08004b04   0x00000158   Code   RO         6382    i.mem_free          mem.o
    0x08004c5c   0x08004c5c   0x0000005c   Code   RO         6383    i.mem_init          mem.o
    0x08004cb8   0x08004cb8   0x0000027c   Code   RO         6384    i.mem_malloc        mem.o
    0x08004f34   0x08004f34   0x000001d8   Code   RO         6385    i.mem_trim          mem.o
    0x0800510c   0x0800510c   0x000000bc   Code   RO         6426    i.memp_free         memp.o
    0x080051c8   0x080051c8   0x00000064   Code   RO         6427    i.memp_init         memp.o
    0x0800522c   0x0800522c   0x00000100   Code   RO         6428    i.memp_malloc       memp.o
    0x0800532c   0x0800532c   0x00000118   Code   RO         6467    i.netif_add         netif.o
    0x08005444   0x08005444   0x00000028   Code   RO         6471    i.netif_set_addr    netif.o
    0x0800546c   0x0800546c   0x00000010   Code   RO         6472    i.netif_set_default  netif.o
    0x0800547c   0x0800547c   0x00000010   Code   RO         6474    i.netif_set_gw      netif.o
    0x0800548c   0x0800548c   0x00000084   Code   RO         6475    i.netif_set_ipaddr  netif.o
    0x08005510   0x08005510   0x00000010   Code   RO         6478    i.netif_set_netmask  netif.o
    0x08005520   0x08005520   0x00000006   Code   RO         6479    i.netif_set_status_callback  netif.o
    0x08005526   0x08005526   0x00000046   Code   RO         6480    i.netif_set_up      netif.o
    0x0800556c   0x0800556c   0x00000430   Code   RO         6567    i.pbuf_alloc        pbuf.o
    0x0800599c   0x0800599c   0x00000114   Code   RO         6568    i.pbuf_alloced_custom  pbuf.o
    0x08005ab0   0x08005ab0   0x00000154   Code   RO         6569    i.pbuf_cat          pbuf.o
    0x08005c04   0x08005c04   0x0000001a   Code   RO         6570    i.pbuf_chain        pbuf.o
    0x08005c1e   0x08005c1e   0x00000012   Code   RO         6571    i.pbuf_clen         pbuf.o
    0x08005c30   0x08005c30   0x00000244   Code   RO         6573    i.pbuf_copy         pbuf.o
    0x08005e74   0x08005e74   0x00000158   Code   RO         6574    i.pbuf_copy_partial  pbuf.o
    0x08005fcc   0x08005fcc   0x000001c4   Code   RO         6576    i.pbuf_free         pbuf.o
    0x08006190   0x08006190   0x00000160   Code   RO         6578    i.pbuf_header       pbuf.o
    0x080062f0   0x080062f0   0x000001d4   Code   RO         6581    i.pbuf_realloc      pbuf.o
    0x080064c4   0x080064c4   0x0000000a   Code   RO         6582    i.pbuf_ref          pbuf.o
    0x080064ce   0x080064ce   0x00000002   PAD
    0x080064d0   0x080064d0   0x000001c0   Code   RO         6386    i.plug_holes        mem.o
    0x08006690   0x08006690   0x00000074   Code   RO         6686    i.raw_input         raw.o
    0x08006704   0x08006704   0x0000001c   Code   RO         3786    i.rcu_ckout0_config  gd32f4xx_rcu.o
    0x08006720   0x08006720   0x00000124   Code   RO         3788    i.rcu_clock_freq_get  gd32f4xx_rcu.o
    0x08006844   0x08006844   0x00000024   Code   RO         3807    i.rcu_periph_clock_enable  gd32f4xx_rcu.o
    0x08006868   0x08006868   0x00000024   Code   RO         3810    i.rcu_periph_reset_disable  gd32f4xx_rcu.o
    0x0800688c   0x0800688c   0x00000024   Code   RO         3811    i.rcu_periph_reset_enable  gd32f4xx_rcu.o
    0x080068b0   0x080068b0   0x00000158   Code   RO         6312    i.sys_timeout       lwip_timers.o
    0x08006a08   0x08006a08   0x00000018   Code   RO         4882    i.syscfg_enet_phy_interface_config  gd32f4xx_syscfg.o
    0x08006a20   0x08006a20   0x000000fc   Code   RO         7682    i.system_clock_168m_8m_hxtal  system_gd32f4xx.o
    0x08006b1c   0x08006b1c   0x00000008   Code   RO         7683    i.system_clock_config  system_gd32f4xx.o
    0x08006b24   0x08006b24   0x00000028   Code   RO         3594    i.systick_clksource_set  gd32f4xx_misc.o
    0x08006b4c   0x08006b4c   0x00000140   Code   RO         6752    i.tcp_abandon       tcp.o
    0x08006c8c   0x08006c8c   0x0000000e   Code   RO         6753    i.tcp_abort         tcp.o
    0x08006c9a   0x08006c9a   0x00000004   Code   RO         6754    i.tcp_accept        tcp.o
    0x08006c9e   0x08006c9e   0x00000008   Code   RO         6755    i.tcp_accept_null   tcp.o
    0x08006ca6   0x08006ca6   0x00000002   PAD
    0x08006ca8   0x08006ca8   0x000000c4   Code   RO         6756    i.tcp_alloc         tcp.o
    0x08006d6c   0x08006d6c   0x00000004   Code   RO         6757    i.tcp_arg           tcp.o
    0x08006d70   0x08006d70   0x00000134   Code   RO         6758    i.tcp_bind          tcp.o
    0x08006ea4   0x08006ea4   0x00000030   Code   RO          498    i.tcp_client_connected  tcp_client.o
    0x08006ed4   0x08006ed4   0x00000068   Code   RO          499    i.tcp_client_init   tcp_client.o
    0x08006f3c   0x08006f3c   0x0000009c   Code   RO          500    i.tcp_client_recv   tcp_client.o
    0x08006fd8   0x08006fd8   0x0000001c   Code   RO         6759    i.tcp_close         tcp.o
    0x08006ff4   0x08006ff4   0x00000258   Code   RO         6760    i.tcp_close_shutdown  tcp.o
    0x0800724c   0x0800724c   0x000001f8   Code   RO         6761    i.tcp_connect       tcp.o
    0x08007444   0x08007444   0x000000b8   Code   RO         7035    i.tcp_create_segment  tcp_out.o
    0x080074fc   0x080074fc   0x0000002e   Code   RO         6763    i.tcp_eff_send_mss  tcp.o
    0x0800752a   0x0800752a   0x00000002   PAD
    0x0800752c   0x0800752c   0x000002b0   Code   RO         7036    i.tcp_enqueue_flags  tcp_out.o
    0x080077dc   0x080077dc   0x000000ac   Code   RO         6764    i.tcp_err           tcp.o
    0x08007888   0x08007888   0x00000080   Code   RO         6765    i.tcp_fasttmr       tcp.o
    0x08007908   0x08007908   0x000006c8   Code   RO         6984    i.tcp_input         tcp_in.o
    0x08007fd0   0x08007fd0   0x00000054   Code   RO         7037    i.tcp_keepalive     tcp_out.o
    0x08008024   0x08008024   0x00000058   Code   RO         6767    i.tcp_kill_prio     tcp.o
    0x0800807c   0x0800807c   0x00000040   Code   RO         6768    i.tcp_kill_timewait  tcp.o
    0x080080bc   0x080080bc   0x0000013c   Code   RO         6985    i.tcp_listen_input  tcp_in.o
    0x080081f8   0x080081f8   0x0000016c   Code   RO         6769    i.tcp_listen_with_backlog  tcp.o
    0x08008364   0x08008364   0x0000000a   Code   RO         6770    i.tcp_new           tcp.o
    0x0800836e   0x0800836e   0x00000002   PAD
    0x08008370   0x08008370   0x00000068   Code   RO         6771    i.tcp_new_port      tcp.o
    0x080083d8   0x080083d8   0x0000001c   Code   RO         6772    i.tcp_next_iss      tcp.o
    0x080083f4   0x080083f4   0x00000290   Code   RO         7038    i.tcp_output        tcp_out.o
    0x08008684   0x08008684   0x00000124   Code   RO         7039    i.tcp_output_alloc_header  tcp_out.o
    0x080087a8   0x080087a8   0x000000d8   Code   RO         7040    i.tcp_output_segment  tcp_out.o
    0x08008880   0x08008880   0x000000d0   Code   RO         6986    i.tcp_parseopt      tcp_in.o
    0x08008950   0x08008950   0x00000104   Code   RO         7041    i.tcp_pbuf_prealloc  tcp_out.o
    0x08008a54   0x08008a54   0x00000058   Code   RO         6773    i.tcp_pcb_purge     tcp.o
    0x08008aac   0x08008aac   0x0000014c   Code   RO         6774    i.tcp_pcb_remove    tcp.o
    0x08008bf8   0x08008bf8   0x000006a0   Code   RO         6987    i.tcp_process       tcp_in.o
    0x08009298   0x08009298   0x00000094   Code   RO         6776    i.tcp_process_refused_data  tcp.o
    0x0800932c   0x0800932c   0x00000938   Code   RO         6988    i.tcp_receive       tcp_in.o
    0x08009c64   0x08009c64   0x000000ac   Code   RO         6777    i.tcp_recv          tcp.o
    0x08009d10   0x08009d10   0x0000002e   Code   RO         6778    i.tcp_recv_null     tcp.o
    0x08009d3e   0x08009d3e   0x00000002   PAD
    0x08009d40   0x08009d40   0x00000128   Code   RO         6779    i.tcp_recved        tcp.o
    0x08009e68   0x08009e68   0x0000005a   Code   RO         7042    i.tcp_rexmit        tcp_out.o
    0x08009ec2   0x08009ec2   0x00000078   Code   RO         7043    i.tcp_rexmit_fast   tcp_out.o
    0x08009f3a   0x08009f3a   0x0000003a   Code   RO         7044    i.tcp_rexmit_rto    tcp_out.o
    0x08009f74   0x08009f74   0x0000012c   Code   RO         7045    i.tcp_rst           tcp_out.o
    0x0800a0a0   0x0800a0a0   0x0000001a   Code   RO         6780    i.tcp_seg_free      tcp.o
    0x0800a0ba   0x0800a0ba   0x00000018   Code   RO         6781    i.tcp_segs_free     tcp.o
    0x0800a0d2   0x0800a0d2   0x00000056   Code   RO         7046    i.tcp_send_empty_ack  tcp_out.o
    0x0800a128   0x0800a128   0x0000004a   Code   RO         7047    i.tcp_send_fin      tcp_out.o
    0x0800a172   0x0800a172   0x00000002   PAD
    0x0800a174   0x0800a174   0x00000600   Code   RO         6785    i.tcp_slowtmr       tcp.o
    0x0800a774   0x0800a774   0x00000038   Code   RO         6315    i.tcp_timer_needed  lwip_timers.o
    0x0800a7ac   0x0800a7ac   0x000000ac   Code   RO         6989    i.tcp_timewait_input  tcp_in.o
    0x0800a858   0x0800a858   0x00000024   Code   RO         6786    i.tcp_tmr           tcp.o
    0x0800a87c   0x0800a87c   0x000000e0   Code   RO         6787    i.tcp_update_rcv_ann_wnd  tcp.o
    0x0800a95c   0x0800a95c   0x00000728   Code   RO         7048    i.tcp_write         tcp_out.o
    0x0800b084   0x0800b084   0x00000190   Code   RO         7049    i.tcp_write_checks  tcp_out.o
    0x0800b214   0x0800b214   0x000000b4   Code   RO         7050    i.tcp_zero_window_probe  tcp_out.o
    0x0800b2c8   0x0800b2c8   0x00000038   Code   RO         6316    i.tcpip_tcp_timer   lwip_timers.o
    0x0800b300   0x0800b300   0x00000010   Code   RO            8    i.time_update       main.o
    0x0800b310   0x0800b310   0x00000118   Code   RO         7133    i.udp_bind          udp.o
    0x0800b428   0x0800b428   0x00000028   Code   RO          528    i.udp_echo_init     udp_echo.o
    0x0800b450   0x0800b450   0x0000002a   Code   RO          529    i.udp_echo_recv     udp_echo.o
    0x0800b47a   0x0800b47a   0x00000002   PAD
    0x0800b47c   0x0800b47c   0x00000290   Code   RO         7137    i.udp_input         udp.o
    0x0800b70c   0x0800b70c   0x0000001c   Code   RO         7138    i.udp_new           udp.o
    0x0800b728   0x0800b728   0x00000058   Code   RO         7139    i.udp_new_port      udp.o
    0x0800b780   0x0800b780   0x00000006   Code   RO         7140    i.udp_recv          udp.o
    0x0800b786   0x0800b786   0x00000036   Code   RO         7143    i.udp_sendto        udp.o
    0x0800b7bc   0x0800b7bc   0x00000194   Code   RO         7144    i.udp_sendto_if     udp.o
    0x0800b950   0x0800b950   0x00000032   Data   RO          324    .constdata          gd32f4xx_enet_eval.o
    0x0800b982   0x0800b982   0x00000028   Data   RO         6430    .constdata          memp.o
    0x0800b9aa   0x0800b9aa   0x00000002   PAD
    0x0800b9ac   0x0800b9ac   0x00000050   Data   RO         6788    .constdata          tcp.o
    0x0800b9fc   0x0800b9fc   0x00000008   Data   RO         7365    .constdata          ip_addr.o
    0x0800ba04   0x0800ba04   0x0000000c   Data   RO         7555    .constdata          etharp.o
    0x0800ba10   0x0800ba10   0x000000ae   Data   RO          451    .conststring        hello_gigadevice.o
    0x0800babe   0x0800babe   0x00000002   PAD
    0x0800bac0   0x0800bac0   0x00000048   Data   RO         6088    .conststring        dhcp.o
    0x0800bb08   0x0800bb08   0x00000075   Data   RO         6789    .conststring        tcp.o
    0x0800bb7d   0x0800bb7d   0x00000003   PAD
    0x0800bb80   0x0800bb80   0x00000055   Data   RO         7051    .conststring        tcp_out.o
    0x0800bbd5   0x0800bbd5   0x00000003   PAD
    0x0800bbd8   0x0800bbd8   0x00000044   Data   RO         7556    .conststring        etharp.o
    0x0800bc1c   0x0800bc1c   0x00000041   Data   RO         7640    .conststring        ethernetif.o
    0x0800bc5d   0x0800bc5d   0x00000003   PAD
    0x0800bc60   0x0800bc60   0x00000020   Data   RO         8043    Region$$Table       anon$$obj.o


    Execution Region RW_IRAM1 (Exec base: 0x20000000, Load base: 0x0800bc80, Size: 0x0000d9a8, Max: 0x00020000, ABSOLUTE)

    Exec Addr    Load Addr    Size         Type   Attr      Idx    E Section Name        Object

    0x20000000   0x0800bc80   0x00000020   Data   RW            9    .data               main.o
    0x20000020   0x0800bca0   0x00000004   Data   RW          325    .data               gd32f4xx_enet_eval.o
    0x20000024   0x0800bca4   0x0000000c   Data   RW          364    .data               netconf.o
    0x20000030   0x0800bcb0   0x00000014   Data   RW         1937    .data               gd32f4xx_enet.o
    0x20000044   0x0800bcc4   0x00000004   Data   RW         6089    .data               dhcp.o
    0x20000048   0x0800bcc8   0x0000000c   Data   RW         6317    .data               lwip_timers.o
    0x20000054   0x0800bcd4   0x0000000c   Data   RW         6388    .data               mem.o
    0x20000060   0x0800bce0   0x00000009   Data   RW         6481    .data               netif.o
    0x20000069   0x0800bce9   0x00000003   PAD
    0x2000006c   0x0800bcec   0x00000004   Data   RW         6692    .data               raw.o
    0x20000070   0x0800bcf0   0x00000024   Data   RW         6790    .data               tcp.o
    0x20000094   0x0800bd14   0x00000020   Data   RW         6991    .data               tcp_in.o
    0x200000b4   0x0800bd34   0x00000008   Data   RW         7145    .data               udp.o
    0x200000bc   0x0800bd3c   0x00000012   Data   RW         7323    .data               ip.o
    0x200000ce   0x0800bd4e   0x00000002   PAD
    0x200000d0   0x0800bd50   0x00000006   Data   RW         7422    .data               ip_frag.o
    0x200000d6   0x0800bd56   0x00000001   Data   RW         7557    .data               etharp.o
    0x200000d7   0x0800bd57   0x00000001   PAD
    0x200000d8   0x0800bd58   0x00000004   Data   RW         8017    .data               mc_w.l(stdout.o)
    0x200000dc        -       0x00000038   Zero   RW          363    .bss                netconf.o
    0x20000114        -       0x00003c64   Zero   RW         1935    .bss                gd32f4xx_enet.o
    0x20003d78        -       0x00005014   Zero   RW         6387    .bss                mem.o
    0x20008d8c        -       0x0000473b   Zero   RW         6429    .bss                memp.o
    0x2000d4c7   0x0800bd5c   0x00000001   PAD
    0x2000d4c8        -       0x00000014   Zero   RW         6990    .bss                tcp_in.o
    0x2000d4dc        -       0x000000c8   Zero   RW         7554    .bss                etharp.o
    0x2000d5a4   0x0800bd5c   0x00000004   PAD
    0x2000d5a8        -       0x00000400   Zero   RW         7720    STACK               startup_gd32f407.o


==============================================================================

Image component sizes


      Code (inc. data)   RO Data    RW Data    ZI Data      Debug   Object Name

        62          0          0          0          0       2628   def.o
      2408       1272         72          4          0       8437   dhcp.o
      4324       1426         80          1        200      15129   etharp.o
       496         92         65          0          0       5151   ethernetif.o
      2798        252          0         20      15460      20314   gd32f4xx_enet.o
       656         34         50          4          0      29438   gd32f4xx_enet_eval.o
       238          0          0          0          0       2928   gd32f4xx_gpio.o
        32          0          0          0          0       4786   gd32f4xx_it.o
        40          0          0          0          0        756   gd32f4xx_misc.o
       428         46          0          0          0       5156   gd32f4xx_rcu.o
        24          6          0          0          0        799   gd32f4xx_syscfg.o
       800        214        174          0          0      11954   hello_gigadevice.o
      1176        488          0          0          0       4446   icmp.o
         0          0          0          0          0       3940   inet.o
       200          0          0          0          0       3165   inet_chksum.o
         0          0          0          0          0       9937   init.o
      1196        296          0         18          0       8397   ip.o
        78          0          8          0          0       7778   ip_addr.o
      3042       1016          0          6          0      11329   ip_frag.o
       456        204          0         12          0       2661   lwip_timers.o
       194         32          0         32          0      90355   main.o
      2026        858          0         12      20500       6714   mem.o
       544        310         40          0      18235       4750   memp.o
       176         40          0         12         56      10114   netconf.o
       576        142          0          9          0       9037   netif.o
      3938       1724          0          0          0      11307   pbuf.o
       116         14          0          4          0       1888   raw.o
        36          8        392          0       1024       1016   startup_gd32f407.o
       356         32          0          0          0       1761   system_gd32f4xx.o
      5918       2012        197         36          0      35183   tcp.o
       308         48          0          0          0       3054   tcp_client.o
      6488       1210          0         32         20      18111   tcp_in.o
      5520       1596         85          0          0      17559   tcp_out.o
      1516        402          0          8          0      16719   udp.o
        82          8          0          0          0       3043   udp_echo.o

    ----------------------------------------------------------------------
     46276      13782       1208        216      55500     389740   Object Totals
         0          0         32          0          0          0   (incl. Generated)
        28          0         13          6          5          0   (incl. Padding)

    ----------------------------------------------------------------------

      Code (inc. data)   RO Data    RW Data    ZI Data      Debug   Library Member Name

         0          0          0          0          0          0   entry.o
         0          0          0          0          0          0   entry10a.o
         0          0          0          0          0          0   entry11a.o
         4          0          0          0          0          0   entry12b.o
         8          4          0          0          0          0   entry2.o
         4          0          0          0          0          0   entry5.o
         0          0          0          0          0          0   entry7b.o
         0          0          0          0          0          0   entry8b.o
         8          4          0          0          0          0   entry9a.o
        30          0          0          0          0          0   handlers.o
        36          8          0          0          0         68   init.o
        26          0          0          0          0         80   memcmp.o
        36          0          0          0          0         68   memcpya.o
        36          0          0          0          0        108   memseta.o
       522         20          0          0          0        336   printf3.o
         0          0          0          4          0          0   stdout.o
        14          0          0          0          0         68   strlen.o
        44          0          0          0          0         80   uidiv.o

    ----------------------------------------------------------------------
       772         36          0          4          0        808   Library Totals
         4          0          0          0          0          0   (incl. Padding)

    ----------------------------------------------------------------------

      Code (inc. data)   RO Data    RW Data    ZI Data      Debug   Library Name

       768         36          0          4          0        808   mc_w.l

    ----------------------------------------------------------------------
       772         36          0          4          0        808   Library Totals

    ----------------------------------------------------------------------

==============================================================================


      Code (inc. data)   RO Data    RW Data    ZI Data      Debug   

     47048      13818       1208        220      55500     370240   Grand Totals
     47048      13818       1208        220      55500     370240   ELF Image Totals
     47048      13818       1208        220          0          0   ROM Totals

==============================================================================

    Total RO  Size (Code + RO Data)                48256 (  47.13kB)
    Total RW  Size (RW Data + ZI Data)             55720 (  54.41kB)
    Total ROM Size (Code + RO Data + RW Data)      48476 (  47.34kB)

==============================================================================

