Component: ARM Compiler 5.06 update 7 (build 960) Tool: armlink [4d3601]

==============================================================================

Section Cross References

    system_gd32f4xx.o(i.SystemCoreClockUpdate) refers to system_gd32f4xx.o(.data) for SystemCoreClock
    system_gd32f4xx.o(i.SystemInit) refers to system_gd32f4xx.o(i.system_clock_config) for system_clock_config
    system_gd32f4xx.o(i.system_clock_config) refers to system_gd32f4xx.o(i.system_clock_168m_8m_hxtal) for system_clock_168m_8m_hxtal
    startup_gd32f407.o(STACK) refers (Special) to heapauxi.o(.text) for __use_two_region_memory
    startup_gd32f407.o(HEAP) refers (Special) to heapauxi.o(.text) for __use_two_region_memory
    startup_gd32f407.o(RESET) refers (Special) to heapauxi.o(.text) for __use_two_region_memory
    startup_gd32f407.o(RESET) refers to startup_gd32f407.o(STACK) for __initial_sp
    startup_gd32f407.o(RESET) refers to startup_gd32f407.o(.text) for Reset_Handler
    startup_gd32f407.o(RESET) refers to gd32f4xx_it.o(i.NMI_Handler) for NMI_Handler
    startup_gd32f407.o(RESET) refers to gd32f4xx_it.o(i.HardFault_Handler) for HardFault_Handler
    startup_gd32f407.o(RESET) refers to gd32f4xx_it.o(i.MemManage_Handler) for MemManage_Handler
    startup_gd32f407.o(RESET) refers to gd32f4xx_it.o(i.BusFault_Handler) for BusFault_Handler
    startup_gd32f407.o(RESET) refers to gd32f4xx_it.o(i.UsageFault_Handler) for UsageFault_Handler
    startup_gd32f407.o(RESET) refers to gd32f4xx_it.o(i.SVC_Handler) for SVC_Handler
    startup_gd32f407.o(RESET) refers to gd32f4xx_it.o(i.DebugMon_Handler) for DebugMon_Handler
    startup_gd32f407.o(RESET) refers to gd32f4xx_it.o(i.PendSV_Handler) for PendSV_Handler
    startup_gd32f407.o(RESET) refers to gd32f4xx_it.o(i.SysTick_Handler) for SysTick_Handler
    startup_gd32f407.o(.text) refers (Special) to heapauxi.o(.text) for __use_two_region_memory
    startup_gd32f407.o(.text) refers to system_gd32f4xx.o(i.SystemInit) for SystemInit
    startup_gd32f407.o(.text) refers to __main.o(!!!main) for __main
    startup_gd32f407.o(.text) refers to startup_gd32f407.o(HEAP) for Heap_Mem
    startup_gd32f407.o(.text) refers to startup_gd32f407.o(STACK) for Stack_Mem
    gd32f4xx_adc.o(i.adc_deinit) refers to gd32f4xx_rcu.o(i.rcu_periph_reset_enable) for rcu_periph_reset_enable
    gd32f4xx_adc.o(i.adc_deinit) refers to gd32f4xx_rcu.o(i.rcu_periph_reset_disable) for rcu_periph_reset_disable
    gd32f4xx_can.o(i.can_debug_freeze_disable) refers to gd32f4xx_dbg.o(i.dbg_periph_disable) for dbg_periph_disable
    gd32f4xx_can.o(i.can_debug_freeze_enable) refers to gd32f4xx_dbg.o(i.dbg_periph_enable) for dbg_periph_enable
    gd32f4xx_can.o(i.can_deinit) refers to gd32f4xx_rcu.o(i.rcu_periph_reset_enable) for rcu_periph_reset_enable
    gd32f4xx_can.o(i.can_deinit) refers to gd32f4xx_rcu.o(i.rcu_periph_reset_disable) for rcu_periph_reset_disable
    gd32f4xx_can.o(i.can_interrupt_flag_get) refers to gd32f4xx_can.o(i.can_receive_message_length_get) for can_receive_message_length_get
    gd32f4xx_can.o(i.can_interrupt_flag_get) refers to gd32f4xx_can.o(i.can_error_get) for can_error_get
    gd32f4xx_ctc.o(i.ctc_deinit) refers to gd32f4xx_rcu.o(i.rcu_periph_reset_enable) for rcu_periph_reset_enable
    gd32f4xx_ctc.o(i.ctc_deinit) refers to gd32f4xx_rcu.o(i.rcu_periph_reset_disable) for rcu_periph_reset_disable
    gd32f4xx_dac.o(i.dac_deinit) refers to gd32f4xx_rcu.o(i.rcu_periph_reset_enable) for rcu_periph_reset_enable
    gd32f4xx_dac.o(i.dac_deinit) refers to gd32f4xx_rcu.o(i.rcu_periph_reset_disable) for rcu_periph_reset_disable
    gd32f4xx_dci.o(i.dci_deinit) refers to gd32f4xx_rcu.o(i.rcu_periph_reset_enable) for rcu_periph_reset_enable
    gd32f4xx_dci.o(i.dci_deinit) refers to gd32f4xx_rcu.o(i.rcu_periph_reset_disable) for rcu_periph_reset_disable
    gd32f4xx_enet.o(i.enet_deinit) refers to gd32f4xx_rcu.o(i.rcu_periph_reset_enable) for rcu_periph_reset_enable
    gd32f4xx_enet.o(i.enet_deinit) refers to gd32f4xx_rcu.o(i.rcu_periph_reset_disable) for rcu_periph_reset_disable
    gd32f4xx_enet.o(i.enet_deinit) refers to gd32f4xx_enet.o(i.enet_initpara_reset) for enet_initpara_reset
    gd32f4xx_enet.o(i.enet_descriptors_chain_init) refers to gd32f4xx_enet.o(.bss) for txdesc_tab
    gd32f4xx_enet.o(i.enet_descriptors_chain_init) refers to gd32f4xx_enet.o(.data) for dma_current_txdesc
    gd32f4xx_enet.o(i.enet_descriptors_ring_init) refers to gd32f4xx_enet.o(.bss) for txdesc_tab
    gd32f4xx_enet.o(i.enet_descriptors_ring_init) refers to gd32f4xx_enet.o(.data) for dma_current_txdesc
    gd32f4xx_enet.o(i.enet_disable) refers to gd32f4xx_enet.o(i.enet_tx_disable) for enet_tx_disable
    gd32f4xx_enet.o(i.enet_disable) refers to gd32f4xx_enet.o(i.enet_rx_disable) for enet_rx_disable
    gd32f4xx_enet.o(i.enet_enable) refers to gd32f4xx_enet.o(i.enet_tx_enable) for enet_tx_enable
[...]
    Removing gd32f4xx_pmu.o(i.pmu_backup_write_disable), (20 bytes).
    Removing gd32f4xx_pmu.o(i.pmu_backup_write_enable), (20 bytes).
    Removing gd32f4xx_pmu.o(i.pmu_deinit), (20 bytes).
    Removing gd32f4xx_pmu.o(i.pmu_flag_get), (24 bytes).
    Removing gd32f4xx_pmu.o(i.pmu_flag_reset), (48 bytes).
    Removing gd32f4xx_pmu.o(i.pmu_highdriver_mode_disable), (20 bytes).
    Removing gd32f4xx_pmu.o(i.pmu_highdriver_mode_enable), (20 bytes).
    Removing gd32f4xx_pmu.o(i.pmu_highdriver_switch_select), (44 bytes).
    Removing gd32f4xx_pmu.o(i.pmu_ldo_output_select), (28 bytes).
    Removing gd32f4xx_pmu.o(i.pmu_low_driver_mode_enable), (28 bytes).
    Removing gd32f4xx_pmu.o(i.pmu_lowdriver_lowpower_config), (28 bytes).
    Removing gd32f4xx_pmu.o(i.pmu_lowdriver_normalpower_config), (28 bytes).
    Removing gd32f4xx_pmu.o(i.pmu_lvd_disable), (20 bytes).
    Removing gd32f4xx_pmu.o(i.pmu_lvd_select), (48 bytes).
    Removing gd32f4xx_pmu.o(i.pmu_to_deepsleepmode), (196 bytes).
    Removing gd32f4xx_pmu.o(i.pmu_to_sleepmode), (28 bytes).
    Removing gd32f4xx_pmu.o(i.pmu_to_standbymode), (52 bytes).
    Removing gd32f4xx_pmu.o(i.pmu_wakeup_pin_disable), (20 bytes).
    Removing gd32f4xx_pmu.o(i.pmu_wakeup_pin_enable), (20 bytes).
    Removing gd32f4xx_pmu.o(.bss), (16 bytes).
    Removing gd32f4xx_rcu.o(.rev16_text), (4 bytes).
    Removing gd32f4xx_rcu.o(.revsh_text), (4 bytes).
    Removing gd32f4xx_rcu.o(i.rcu_ahb_clock_config), (24 bytes).
    Removing gd32f4xx_rcu.o(i.rcu_all_reset_flag_clear), (20 bytes).
    Removing gd32f4xx_rcu.o(i.rcu_apb1_clock_config), (24 bytes).
    Removing gd32f4xx_rcu.o(i.rcu_apb2_clock_config), (24 bytes).
    Removing gd32f4xx_rcu.o(i.rcu_bkp_reset_disable), (20 bytes).
    Removing gd32f4xx_rcu.o(i.rcu_bkp_reset_enable), (20 bytes).
    Removing gd32f4xx_rcu.o(i.rcu_ck48m_clock_config), (24 bytes).
    Removing gd32f4xx_rcu.o(i.rcu_ckout0_config), (28 bytes).
    Removing gd32f4xx_rcu.o(i.rcu_ckout1_config), (28 bytes).
    Removing gd32f4xx_rcu.o(i.rcu_clock_freq_get), (292 bytes).
    Removing gd32f4xx_rcu.o(i.rcu_deepsleep_voltage_set), (16 bytes).
    Removing gd32f4xx_rcu.o(i.rcu_deinit), (124 bytes).
    Removing gd32f4xx_rcu.o(i.rcu_flag_get), (36 bytes).
    Removing gd32f4xx_rcu.o(i.rcu_hxtal_clock_monitor_disable), (20 bytes).
    Removing gd32f4xx_rcu.o(i.rcu_hxtal_clock_monitor_enable), (20 bytes).
    Removing gd32f4xx_rcu.o(i.rcu_i2s_clock_config), (24 bytes).
    Removing gd32f4xx_rcu.o(i.rcu_interrupt_disable), (36 bytes).
    Removing gd32f4xx_rcu.o(i.rcu_interrupt_enable), (36 bytes).
    Removing gd32f4xx_rcu.o(i.rcu_interrupt_flag_clear), (36 bytes).
    Removing gd32f4xx_rcu.o(i.rcu_interrupt_flag_get), (36 bytes).
    Removing gd32f4xx_rcu.o(i.rcu_irc16m_adjust_value_set), (28 bytes).
    Removing gd32f4xx_rcu.o(i.rcu_lxtal_drive_capability_config), (24 bytes).
    Removing gd32f4xx_rcu.o(i.rcu_osci_bypass_mode_disable), (116 bytes).
    Removing gd32f4xx_rcu.o(i.rcu_osci_bypass_mode_enable), (116 bytes).
    Removing gd32f4xx_rcu.o(i.rcu_osci_off), (36 bytes).
    Removing gd32f4xx_rcu.o(i.rcu_osci_on), (36 bytes).
    Removing gd32f4xx_rcu.o(i.rcu_osci_stab_wait), (348 bytes).
    Removing gd32f4xx_rcu.o(i.rcu_periph_clock_disable), (36 bytes).
    Removing gd32f4xx_rcu.o(i.rcu_periph_clock_sleep_disable), (36 bytes).
    Removing gd32f4xx_rcu.o(i.rcu_periph_clock_sleep_enable), (36 bytes).
    Removing gd32f4xx_rcu.o(i.rcu_periph_reset_disable), (36 bytes).
    Removing gd32f4xx_rcu.o(i.rcu_periph_reset_enable), (36 bytes).
    Removing gd32f4xx_rcu.o(i.rcu_pll48m_clock_config), (24 bytes).
    Removing gd32f4xx_rcu.o(i.rcu_pll_config), (132 bytes).
    Removing gd32f4xx_rcu.o(i.rcu_plli2s_config), (44 bytes).
    Removing gd32f4xx_rcu.o(i.rcu_pllsai_config), (72 bytes).
    Removing gd32f4xx_rcu.o(i.rcu_rtc_clock_config), (24 bytes).
    Removing gd32f4xx_rcu.o(i.rcu_rtc_div_config), (24 bytes).
    Removing gd32f4xx_rcu.o(i.rcu_spread_spectrum_config), (32 bytes).
    Removing gd32f4xx_rcu.o(i.rcu_spread_spectrum_disable), (20 bytes).
    Removing gd32f4xx_rcu.o(i.rcu_spread_spectrum_enable), (20 bytes).
    Removing gd32f4xx_rcu.o(i.rcu_system_clock_source_config), (24 bytes).
    Removing gd32f4xx_rcu.o(i.rcu_system_clock_source_get), (16 bytes).
    Removing gd32f4xx_rcu.o(i.rcu_timer_clock_prescaler_config), (36 bytes).
    Removing gd32f4xx_rcu.o(i.rcu_tli_clock_div_config), (24 bytes).
    Removing gd32f4xx_rcu.o(i.rcu_voltage_key_unlock), (16 bytes).
    Removing gd32f4xx_rtc.o(.rev16_text), (4 bytes).
    Removing gd32f4xx_rtc.o(.revsh_text), (4 bytes).
    Removing gd32f4xx_rtc.o(i.rtc_alarm_config), (100 bytes).
    Removing gd32f4xx_rtc.o(i.rtc_alarm_disable), (128 bytes).
    Removing gd32f4xx_rtc.o(i.rtc_alarm_enable), (60 bytes).
    Removing gd32f4xx_rtc.o(i.rtc_alarm_get), (68 bytes).
    Removing gd32f4xx_rtc.o(i.rtc_alarm_output_config), (84 bytes).
    Removing gd32f4xx_rtc.o(i.rtc_alarm_subsecond_config), (52 bytes).
    Removing gd32f4xx_rtc.o(i.rtc_alarm_subsecond_get), (32 bytes).
    Removing gd32f4xx_rtc.o(i.rtc_bypass_shadow_disable), (40 bytes).
    Removing gd32f4xx_rtc.o(i.rtc_bypass_shadow_enable), (40 bytes).
    Removing gd32f4xx_rtc.o(i.rtc_calibration_output_config), (48 bytes).
    Removing gd32f4xx_rtc.o(i.rtc_coarse_calibration_config), (116 bytes).
    Removing gd32f4xx_rtc.o(i.rtc_coarse_calibration_disable), (56 bytes).
    Removing gd32f4xx_rtc.o(i.rtc_coarse_calibration_enable), (56 bytes).
    Removing gd32f4xx_rtc.o(i.rtc_current_time_get), (100 bytes).
    Removing gd32f4xx_rtc.o(i.rtc_deinit), (204 bytes).
    Removing gd32f4xx_rtc.o(i.rtc_flag_clear), (16 bytes).
    Removing gd32f4xx_rtc.o(i.rtc_flag_get), (20 bytes).
    Removing gd32f4xx_rtc.o(i.rtc_hour_adjust), (36 bytes).
    Removing gd32f4xx_rtc.o(i.rtc_init), (196 bytes).
    Removing gd32f4xx_rtc.o(i.rtc_init_mode_enter), (72 bytes).
    Removing gd32f4xx_rtc.o(i.rtc_init_mode_exit), (20 bytes).
    Removing gd32f4xx_rtc.o(i.rtc_interrupt_disable), (60 bytes).
    Removing gd32f4xx_rtc.o(i.rtc_interrupt_enable), (60 bytes).
    Removing gd32f4xx_rtc.o(i.rtc_refclock_detection_disable), (56 bytes).
    Removing gd32f4xx_rtc.o(i.rtc_refclock_detection_enable), (56 bytes).
    Removing gd32f4xx_rtc.o(i.rtc_register_sync_wait), (96 bytes).
    Removing gd32f4xx_rtc.o(i.rtc_second_adjust), (108 bytes).
    Removing gd32f4xx_rtc.o(i.rtc_smooth_calibration_config), (80 bytes).
    Removing gd32f4xx_rtc.o(i.rtc_subsecond_get), (20 bytes).
    Removing gd32f4xx_rtc.o(i.rtc_tamper0_pin_map), (28 bytes).
    Removing gd32f4xx_rtc.o(i.rtc_tamper_disable), (16 bytes).
    Removing gd32f4xx_rtc.o(i.rtc_tamper_enable), (200 bytes).
    Removing gd32f4xx_rtc.o(i.rtc_timestamp_disable), (40 bytes).
    Removing gd32f4xx_rtc.o(i.rtc_timestamp_enable), (48 bytes).
    Removing gd32f4xx_rtc.o(i.rtc_timestamp_get), (60 bytes).
    Removing gd32f4xx_rtc.o(i.rtc_timestamp_pin_map), (28 bytes).
    Removing gd32f4xx_rtc.o(i.rtc_timestamp_subsecond_get), (12 bytes).
    Removing gd32f4xx_rtc.o(i.rtc_wakeup_clock_set), (92 bytes).
    Removing gd32f4xx_rtc.o(i.rtc_wakeup_disable), (84 bytes).
    Removing gd32f4xx_rtc.o(i.rtc_wakeup_enable), (40 bytes).
    Removing gd32f4xx_rtc.o(i.rtc_wakeup_timer_get), (12 bytes).
    Removing gd32f4xx_rtc.o(i.rtc_wakeup_timer_set), (76 bytes).
    Removing gd32f4xx_sdio.o(.rev16_text), (4 bytes).
    Removing gd32f4xx_sdio.o(.revsh_text), (4 bytes).
    Removing gd32f4xx_sdio.o(i.sdio_bus_mode_set), (28 bytes).
    Removing gd32f4xx_sdio.o(i.sdio_ceata_command_completion_disable), (20 bytes).
    Removing gd32f4xx_sdio.o(i.sdio_ceata_command_completion_enable), (20 bytes).
    Removing gd32f4xx_sdio.o(i.sdio_ceata_command_disable), (20 bytes).
    Removing gd32f4xx_sdio.o(i.sdio_ceata_command_enable), (20 bytes).
    Removing gd32f4xx_sdio.o(i.sdio_ceata_interrupt_disable), (20 bytes).
    Removing gd32f4xx_sdio.o(i.sdio_ceata_interrupt_enable), (20 bytes).
    Removing gd32f4xx_sdio.o(i.sdio_clock_config), (52 bytes).
    Removing gd32f4xx_sdio.o(i.sdio_clock_disable), (20 bytes).
    Removing gd32f4xx_sdio.o(i.sdio_clock_enable), (20 bytes).
    Removing gd32f4xx_sdio.o(i.sdio_command_index_get), (12 bytes).
    Removing gd32f4xx_sdio.o(i.sdio_command_response_config), (56 bytes).
    Removing gd32f4xx_sdio.o(i.sdio_csm_disable), (20 bytes).
    Removing gd32f4xx_sdio.o(i.sdio_csm_enable), (20 bytes).
    Removing gd32f4xx_sdio.o(i.sdio_data_config), (60 bytes).
    Removing gd32f4xx_sdio.o(i.sdio_data_counter_get), (12 bytes).
    Removing gd32f4xx_sdio.o(i.sdio_data_read), (12 bytes).
    Removing gd32f4xx_sdio.o(i.sdio_data_transfer_config), (28 bytes).
    Removing gd32f4xx_sdio.o(i.sdio_data_write), (12 bytes).
    Removing gd32f4xx_sdio.o(i.sdio_deinit), (20 bytes).
    Removing gd32f4xx_sdio.o(i.sdio_dma_disable), (20 bytes).
    Removing gd32f4xx_sdio.o(i.sdio_dma_enable), (20 bytes).
    Removing gd32f4xx_sdio.o(i.sdio_dsm_disable), (20 bytes).
    Removing gd32f4xx_sdio.o(i.sdio_dsm_enable), (20 bytes).
    Removing gd32f4xx_sdio.o(i.sdio_fifo_counter_get), (12 bytes).
    Removing gd32f4xx_sdio.o(i.sdio_flag_clear), (12 bytes).
    Removing gd32f4xx_sdio.o(i.sdio_flag_get), (20 bytes).
    Removing gd32f4xx_sdio.o(i.sdio_hardware_clock_disable), (20 bytes).
    Removing gd32f4xx_sdio.o(i.sdio_hardware_clock_enable), (20 bytes).
    Removing gd32f4xx_sdio.o(i.sdio_interrupt_disable), (16 bytes).
    Removing gd32f4xx_sdio.o(i.sdio_interrupt_enable), (16 bytes).
    Removing gd32f4xx_sdio.o(i.sdio_interrupt_flag_clear), (12 bytes).
    Removing gd32f4xx_sdio.o(i.sdio_interrupt_flag_get), (20 bytes).
    Removing gd32f4xx_sdio.o(i.sdio_operation_disable), (20 bytes).
    Removing gd32f4xx_sdio.o(i.sdio_operation_enable), (20 bytes).
    Removing gd32f4xx_sdio.o(i.sdio_power_state_get), (12 bytes).
    Removing gd32f4xx_sdio.o(i.sdio_power_state_set), (12 bytes).
    Removing gd32f4xx_sdio.o(i.sdio_readwait_disable), (20 bytes).
    Removing gd32f4xx_sdio.o(i.sdio_readwait_enable), (20 bytes).
    Removing gd32f4xx_sdio.o(i.sdio_readwait_type_set), (40 bytes).
    Removing gd32f4xx_sdio.o(i.sdio_response_get), (60 bytes).
    Removing gd32f4xx_sdio.o(i.sdio_stop_readwait_disable), (20 bytes).
    Removing gd32f4xx_sdio.o(i.sdio_stop_readwait_enable), (20 bytes).
    Removing gd32f4xx_sdio.o(i.sdio_suspend_disable), (20 bytes).
    Removing gd32f4xx_sdio.o(i.sdio_suspend_enable), (20 bytes).
    Removing gd32f4xx_sdio.o(i.sdio_wait_type_set), (28 bytes).
    Removing gd32f4xx_spi.o(.rev16_text), (4 bytes).
    Removing gd32f4xx_spi.o(.revsh_text), (4 bytes).
    Removing gd32f4xx_spi.o(i.i2s_disable), (10 bytes).
    Removing gd32f4xx_spi.o(i.i2s_enable), (10 bytes).
    Removing gd32f4xx_spi.o(i.i2s_full_duplex_mode_config), (48 bytes).
    Removing gd32f4xx_spi.o(i.i2s_init), (28 bytes).
    Removing gd32f4xx_spi.o(i.i2s_psc_config), (292 bytes).
    Removing gd32f4xx_spi.o(i.qspi_disable), (14 bytes).
    Removing gd32f4xx_spi.o(i.qspi_enable), (14 bytes).
    Removing gd32f4xx_spi.o(i.qspi_io23_output_disable), (14 bytes).
    Removing gd32f4xx_spi.o(i.qspi_io23_output_enable), (14 bytes).
    Removing gd32f4xx_spi.o(i.qspi_read_enable), (14 bytes).
    Removing gd32f4xx_spi.o(i.qspi_write_enable), (14 bytes).
    Removing gd32f4xx_spi.o(i.spi_bidirectional_transfer_config), (26 bytes).
    Removing gd32f4xx_spi.o(i.spi_crc_error_clear), (10 bytes).
    Removing gd32f4xx_spi.o(i.spi_crc_get), (16 bytes).
    Removing gd32f4xx_spi.o(i.spi_crc_next), (10 bytes).
    Removing gd32f4xx_spi.o(i.spi_crc_off), (10 bytes).
    Removing gd32f4xx_spi.o(i.spi_crc_on), (10 bytes).
    Removing gd32f4xx_spi.o(i.spi_crc_polynomial_get), (8 bytes).
    Removing gd32f4xx_spi.o(i.spi_crc_polynomial_set), (12 bytes).
    Removing gd32f4xx_spi.o(i.spi_disable), (10 bytes).
    Removing gd32f4xx_spi.o(i.spi_dma_disable), (22 bytes).
    Removing gd32f4xx_spi.o(i.spi_dma_enable), (22 bytes).
    Removing gd32f4xx_spi.o(i.spi_enable), (10 bytes).
    Removing gd32f4xx_spi.o(i.spi_i2s_data_frame_format_config), (16 bytes).
    Removing gd32f4xx_spi.o(i.spi_i2s_data_receive), (8 bytes).
    Removing gd32f4xx_spi.o(i.spi_i2s_data_transmit), (4 bytes).
    Removing gd32f4xx_spi.o(i.spi_i2s_deinit), (172 bytes).
    Removing gd32f4xx_spi.o(i.spi_i2s_flag_get), (16 bytes).
    Removing gd32f4xx_spi.o(i.spi_i2s_interrupt_disable), (48 bytes).
    Removing gd32f4xx_spi.o(i.spi_i2s_interrupt_enable), (48 bytes).
    Removing gd32f4xx_spi.o(i.spi_i2s_interrupt_flag_get), (112 bytes).
    Removing gd32f4xx_spi.o(i.spi_init), (50 bytes).
    Removing gd32f4xx_spi.o(i.spi_nss_internal_high), (10 bytes).
    Removing gd32f4xx_spi.o(i.spi_nss_internal_low), (10 bytes).
    Removing gd32f4xx_spi.o(i.spi_nss_output_disable), (10 bytes).
    Removing gd32f4xx_spi.o(i.spi_nss_output_enable), (10 bytes).
    Removing gd32f4xx_spi.o(i.spi_struct_para_init), (18 bytes).
    Removing gd32f4xx_spi.o(i.spi_ti_mode_disable), (10 bytes).
    Removing gd32f4xx_spi.o(i.spi_ti_mode_enable), (10 bytes).
    Removing gd32f4xx_syscfg.o(.rev16_text), (4 bytes).
    Removing gd32f4xx_syscfg.o(.revsh_text), (4 bytes).
    Removing gd32f4xx_syscfg.o(i.syscfg_bootmode_config), (28 bytes).
    Removing gd32f4xx_syscfg.o(i.syscfg_compensation_config), (24 bytes).
    Removing gd32f4xx_syscfg.o(i.syscfg_deinit), (20 bytes).
    Removing gd32f4xx_syscfg.o(i.syscfg_enet_phy_interface_config), (24 bytes).
    Removing gd32f4xx_syscfg.o(i.syscfg_exmc_swap_config), (24 bytes).
    Removing gd32f4xx_syscfg.o(i.syscfg_exti_line_config), (172 bytes).
    Removing gd32f4xx_syscfg.o(i.syscfg_flag_get), (24 bytes).
    Removing gd32f4xx_syscfg.o(i.syscfg_fmc_swap_config), (24 bytes).
    Removing gd32f4xx_timer.o(.rev16_text), (4 bytes).
    Removing gd32f4xx_timer.o(.revsh_text), (4 bytes).
    Removing gd32f4xx_timer.o(i.timer_auto_reload_shadow_disable), (10 bytes).
    Removing gd32f4xx_timer.o(i.timer_auto_reload_shadow_enable), (10 bytes).
    Removing gd32f4xx_timer.o(i.timer_automatic_output_disable), (10 bytes).
    Removing gd32f4xx_timer.o(i.timer_automatic_output_enable), (10 bytes).
    Removing gd32f4xx_timer.o(i.timer_autoreload_value_config), (4 bytes).
    Removing gd32f4xx_timer.o(i.timer_break_config), (30 bytes).
    Removing gd32f4xx_timer.o(i.timer_break_disable), (10 bytes).
    Removing gd32f4xx_timer.o(i.timer_break_enable), (10 bytes).
    Removing gd32f4xx_timer.o(i.timer_break_struct_para_init), (18 bytes).
    Removing gd32f4xx_timer.o(i.timer_channel_capture_value_register_read), (42 bytes).
    Removing gd32f4xx_timer.o(i.timer_channel_complementary_output_polarity_config), (70 bytes).
    Removing gd32f4xx_timer.o(i.timer_channel_complementary_output_state_config), (70 bytes).
    Removing gd32f4xx_timer.o(i.timer_channel_control_shadow_config), (24 bytes).
    Removing gd32f4xx_timer.o(i.timer_channel_control_shadow_update_config), (26 bytes).
    Removing gd32f4xx_timer.o(i.timer_channel_dma_request_source_select), (26 bytes).
    Removing gd32f4xx_timer.o(i.timer_channel_input_capture_prescaler_config), (90 bytes).
    Removing gd32f4xx_timer.o(i.timer_channel_input_struct_para_init), (16 bytes).
    Removing gd32f4xx_timer.o(i.timer_channel_output_clear_config), (90 bytes).
    Removing gd32f4xx_timer.o(i.timer_channel_output_config), (492 bytes).
    Removing gd32f4xx_timer.o(i.timer_channel_output_fast_config), (90 bytes).
    Removing gd32f4xx_timer.o(i.timer_channel_output_mode_config), (90 bytes).
    Removing gd32f4xx_timer.o(i.timer_channel_output_polarity_config), (92 bytes).
    Removing gd32f4xx_timer.o(i.timer_channel_output_pulse_value_config), (38 bytes).
    Removing gd32f4xx_timer.o(i.timer_channel_output_shadow_config), (90 bytes).
    Removing gd32f4xx_timer.o(i.timer_channel_output_state_config), (92 bytes).
    Removing gd32f4xx_timer.o(i.timer_channel_output_struct_para_init), (16 bytes).
    Removing gd32f4xx_timer.o(i.timer_channel_remap_config), (4 bytes).
    Removing gd32f4xx_timer.o(i.timer_counter_alignment), (16 bytes).
    Removing gd32f4xx_timer.o(i.timer_counter_down_direction), (10 bytes).
    Removing gd32f4xx_timer.o(i.timer_counter_read), (8 bytes).
    Removing gd32f4xx_timer.o(i.timer_counter_up_direction), (10 bytes).
    Removing gd32f4xx_timer.o(i.timer_counter_value_config), (4 bytes).
    Removing gd32f4xx_timer.o(i.timer_deinit), (388 bytes).
    Removing gd32f4xx_timer.o(i.timer_disable), (10 bytes).
    Removing gd32f4xx_timer.o(i.timer_dma_disable), (8 bytes).
    Removing gd32f4xx_timer.o(i.timer_dma_enable), (8 bytes).
    Removing gd32f4xx_timer.o(i.timer_dma_transfer_config), (24 bytes).
    Removing gd32f4xx_timer.o(i.timer_enable), (10 bytes).
    Removing gd32f4xx_timer.o(i.timer_event_software_generate), (8 bytes).
    Removing gd32f4xx_timer.o(i.timer_external_clock_mode0_config), (40 bytes).
    Removing gd32f4xx_timer.o(i.timer_external_clock_mode1_config), (32 bytes).
    Removing gd32f4xx_timer.o(i.timer_external_clock_mode1_disable), (10 bytes).
    Removing gd32f4xx_timer.o(i.timer_external_trigger_as_external_clock_config), (166 bytes).
    Removing gd32f4xx_timer.o(i.timer_external_trigger_config), (30 bytes).
    Removing gd32f4xx_timer.o(i.timer_flag_clear), (6 bytes).
    Removing gd32f4xx_timer.o(i.timer_flag_get), (16 bytes).
    Removing gd32f4xx_timer.o(i.timer_hall_mode_config), (26 bytes).
    Removing gd32f4xx_timer.o(i.timer_init), (152 bytes).
    Removing gd32f4xx_timer.o(i.timer_input_capture_config), (326 bytes).
    Removing gd32f4xx_timer.o(i.timer_input_pwm_capture_config), (356 bytes).
    Removing gd32f4xx_timer.o(i.timer_input_trigger_source_select), (16 bytes).
    Removing gd32f4xx_timer.o(i.timer_internal_clock_config), (10 bytes).
    Removing gd32f4xx_timer.o(i.timer_internal_trigger_as_external_clock_config), (32 bytes).
    Removing gd32f4xx_timer.o(i.timer_interrupt_disable), (8 bytes).
    Removing gd32f4xx_timer.o(i.timer_interrupt_enable), (8 bytes).
    Removing gd32f4xx_timer.o(i.timer_interrupt_flag_clear), (6 bytes).
    Removing gd32f4xx_timer.o(i.timer_interrupt_flag_get), (24 bytes).
    Removing gd32f4xx_timer.o(i.timer_master_output_trigger_source_select), (16 bytes).
    Removing gd32f4xx_timer.o(i.timer_master_slave_mode_config), (26 bytes).
    Removing gd32f4xx_timer.o(i.timer_output_value_selection_config), (34 bytes).
    Removing gd32f4xx_timer.o(i.timer_prescaler_config), (14 bytes).
    Removing gd32f4xx_timer.o(i.timer_prescaler_read), (10 bytes).
    Removing gd32f4xx_timer.o(i.timer_primary_output_config), (24 bytes).
    Removing gd32f4xx_timer.o(i.timer_quadrature_decoder_mode_config), (64 bytes).
    Removing gd32f4xx_timer.o(i.timer_repetition_value_config), (4 bytes).
    Removing gd32f4xx_timer.o(i.timer_single_pulse_mode_config), (26 bytes).
    Removing gd32f4xx_timer.o(i.timer_slave_mode_select), (16 bytes).
    Removing gd32f4xx_timer.o(i.timer_struct_para_init), (22 bytes).
    Removing gd32f4xx_timer.o(i.timer_update_event_disable), (10 bytes).
    Removing gd32f4xx_timer.o(i.timer_update_event_enable), (10 bytes).
    Removing gd32f4xx_timer.o(i.timer_update_source_config), (26 bytes).
    Removing gd32f4xx_timer.o(i.timer_write_chxval_register_config), (34 bytes).
    Removing gd32f4xx_tli.o(.rev16_text), (4 bytes).
    Removing gd32f4xx_tli.o(.revsh_text), (4 bytes).
    Removing gd32f4xx_tli.o(i.tli_color_key_disable), (14 bytes).
    Removing gd32f4xx_tli.o(i.tli_color_key_enable), (14 bytes).
    Removing gd32f4xx_tli.o(i.tli_color_key_init), (16 bytes).
    Removing gd32f4xx_tli.o(i.tli_current_pos_get), (12 bytes).
    Removing gd32f4xx_tli.o(i.tli_deinit), (20 bytes).
    Removing gd32f4xx_tli.o(i.tli_disable), (20 bytes).
    Removing gd32f4xx_tli.o(i.tli_dither_config), (36 bytes).
    Removing gd32f4xx_tli.o(i.tli_enable), (20 bytes).
    Removing gd32f4xx_tli.o(i.tli_flag_get), (36 bytes).
    Removing gd32f4xx_tli.o(i.tli_init), (188 bytes).
    Removing gd32f4xx_tli.o(i.tli_interrupt_disable), (16 bytes).
    Removing gd32f4xx_tli.o(i.tli_interrupt_enable), (16 bytes).
    Removing gd32f4xx_tli.o(i.tli_interrupt_flag_clear), (16 bytes).
    Removing gd32f4xx_tli.o(i.tli_interrupt_flag_get), (36 bytes).
    Removing gd32f4xx_tli.o(i.tli_layer_disable), (14 bytes).
    Removing gd32f4xx_tli.o(i.tli_layer_enable), (14 bytes).
    Removing gd32f4xx_tli.o(i.tli_layer_init), (152 bytes).
    Removing gd32f4xx_tli.o(i.tli_layer_struct_para_init), (48 bytes).
    Removing gd32f4xx_tli.o(i.tli_layer_window_offset_modify), (228 bytes).
    Removing gd32f4xx_tli.o(i.tli_line_mark_set), (24 bytes).
    Removing gd32f4xx_tli.o(i.tli_lut_disable), (14 bytes).
    Removing gd32f4xx_tli.o(i.tli_lut_enable), (14 bytes).
    Removing gd32f4xx_tli.o(i.tli_lut_init), (36 bytes).
    Removing gd32f4xx_tli.o(i.tli_lut_struct_para_init), (12 bytes).
    Removing gd32f4xx_tli.o(i.tli_reload_config), (36 bytes).
    Removing gd32f4xx_tli.o(i.tli_struct_para_init), (34 bytes).
    Removing gd32f4xx_trng.o(.rev16_text), (4 bytes).
    Removing gd32f4xx_trng.o(.revsh_text), (4 bytes).
    Removing gd32f4xx_trng.o(i.trng_deinit), (20 bytes).
    Removing gd32f4xx_trng.o(i.trng_disable), (20 bytes).
    Removing gd32f4xx_trng.o(i.trng_enable), (20 bytes).
    Removing gd32f4xx_trng.o(i.trng_flag_get), (24 bytes).
    Removing gd32f4xx_trng.o(i.trng_get_true_random_data), (12 bytes).
    Removing gd32f4xx_trng.o(i.trng_interrupt_disable), (20 bytes).
    Removing gd32f4xx_trng.o(i.trng_interrupt_enable), (20 bytes).
    Removing gd32f4xx_trng.o(i.trng_interrupt_flag_clear), (16 bytes).
    Removing gd32f4xx_trng.o(i.trng_interrupt_flag_get), (24 bytes).
    Removing gd32f4xx_usart.o(.rev16_text), (4 bytes).
    Removing gd32f4xx_usart.o(.revsh_text), (4 bytes).
    Removing gd32f4xx_usart.o(i.usart_address_config), (20 bytes).
    Removing gd32f4xx_usart.o(i.usart_baudrate_set), (232 bytes).
    Removing gd32f4xx_usart.o(i.usart_block_length_config), (28 bytes).
    Removing gd32f4xx_usart.o(i.usart_break_frame_coherence_config), (24 bytes).
    Removing gd32f4xx_usart.o(i.usart_data_first_config), (20 bytes).
    Removing gd32f4xx_usart.o(i.usart_data_receive), (10 bytes).
    Removing gd32f4xx_usart.o(i.usart_data_transmit), (8 bytes).
    Removing gd32f4xx_usart.o(i.usart_deinit), (220 bytes).
    Removing gd32f4xx_usart.o(i.usart_disable), (10 bytes).
    Removing gd32f4xx_usart.o(i.usart_dma_receive_config), (16 bytes).
    Removing gd32f4xx_usart.o(i.usart_dma_transmit_config), (16 bytes).
    Removing gd32f4xx_usart.o(i.usart_enable), (10 bytes).
    Removing gd32f4xx_usart.o(i.usart_flag_clear), (26 bytes).
    Removing gd32f4xx_usart.o(i.usart_flag_get), (30 bytes).
    Removing gd32f4xx_usart.o(i.usart_guard_time_config), (24 bytes).
    Removing gd32f4xx_usart.o(i.usart_halfduplex_disable), (10 bytes).
    Removing gd32f4xx_usart.o(i.usart_halfduplex_enable), (10 bytes).
    Removing gd32f4xx_usart.o(i.usart_hardware_flow_coherence_config), (24 bytes).
    Removing gd32f4xx_usart.o(i.usart_hardware_flow_cts_config), (16 bytes).
    Removing gd32f4xx_usart.o(i.usart_hardware_flow_rts_config), (16 bytes).
    Removing gd32f4xx_usart.o(i.usart_interrupt_disable), (26 bytes).
    Removing gd32f4xx_usart.o(i.usart_interrupt_enable), (26 bytes).
    Removing gd32f4xx_usart.o(i.usart_interrupt_flag_clear), (26 bytes).
    Removing gd32f4xx_usart.o(i.usart_interrupt_flag_get), (56 bytes).
    Removing gd32f4xx_usart.o(i.usart_invert_config), (104 bytes).
    Removing gd32f4xx_usart.o(i.usart_irda_lowpower_config), (20 bytes).
    Removing gd32f4xx_usart.o(i.usart_irda_mode_disable), (10 bytes).
    Removing gd32f4xx_usart.o(i.usart_irda_mode_enable), (10 bytes).
    Removing gd32f4xx_usart.o(i.usart_lin_break_detection_length_config), (20 bytes).
    Removing gd32f4xx_usart.o(i.usart_lin_mode_disable), (10 bytes).
    Removing gd32f4xx_usart.o(i.usart_lin_mode_enable), (10 bytes).
    Removing gd32f4xx_usart.o(i.usart_mute_mode_disable), (10 bytes).
    Removing gd32f4xx_usart.o(i.usart_mute_mode_enable), (10 bytes).
    Removing gd32f4xx_usart.o(i.usart_mute_mode_wakeup_config), (16 bytes).
    Removing gd32f4xx_usart.o(i.usart_oversample_config), (16 bytes).
    Removing gd32f4xx_usart.o(i.usart_parity_check_coherence_config), (24 bytes).
    Removing gd32f4xx_usart.o(i.usart_parity_config), (16 bytes).
    Removing gd32f4xx_usart.o(i.usart_prescaler_config), (16 bytes).
    Removing gd32f4xx_usart.o(i.usart_receive_config), (16 bytes).
    Removing gd32f4xx_usart.o(i.usart_receiver_timeout_disable), (14 bytes).
    Removing gd32f4xx_usart.o(i.usart_receiver_timeout_enable), (14 bytes).
    Removing gd32f4xx_usart.o(i.usart_receiver_timeout_threshold_config), (20 bytes).
    Removing gd32f4xx_usart.o(i.usart_sample_bit_config), (16 bytes).
    Removing gd32f4xx_usart.o(i.usart_send_break), (10 bytes).
    Removing gd32f4xx_usart.o(i.usart_smartcard_autoretry_config), (26 bytes).
    Removing gd32f4xx_usart.o(i.usart_smartcard_mode_disable), (10 bytes).
    Removing gd32f4xx_usart.o(i.usart_smartcard_mode_enable), (10 bytes).
    Removing gd32f4xx_usart.o(i.usart_smartcard_mode_nack_disable), (10 bytes).
    Removing gd32f4xx_usart.o(i.usart_smartcard_mode_nack_enable), (10 bytes).
    Removing gd32f4xx_usart.o(i.usart_stop_bit_set), (16 bytes).
    Removing gd32f4xx_usart.o(i.usart_synchronous_clock_config), (34 bytes).
    Removing gd32f4xx_usart.o(i.usart_synchronous_clock_disable), (10 bytes).
    Removing gd32f4xx_usart.o(i.usart_synchronous_clock_enable), (10 bytes).
    Removing gd32f4xx_usart.o(i.usart_transmit_config), (16 bytes).
    Removing gd32f4xx_usart.o(i.usart_word_length_set), (16 bytes).
    Removing gd32f4xx_wwdgt.o(.rev16_text), (4 bytes).
    Removing gd32f4xx_wwdgt.o(.revsh_text), (4 bytes).
    Removing gd32f4xx_wwdgt.o(i.wwdgt_config), (56 bytes).
    Removing gd32f4xx_wwdgt.o(i.wwdgt_counter_update), (28 bytes).
    Removing gd32f4xx_wwdgt.o(i.wwdgt_deinit), (20 bytes).
    Removing gd32f4xx_wwdgt.o(i.wwdgt_enable), (20 bytes).
    Removing gd32f4xx_wwdgt.o(i.wwdgt_flag_clear), (20 bytes).
    Removing gd32f4xx_wwdgt.o(i.wwdgt_flag_get), (24 bytes).
    Removing gd32f4xx_wwdgt.o(i.wwdgt_interrupt_enable), (20 bytes).
    Removing main.o(.rev16_text), (4 bytes).
    Removing main.o(.revsh_text), (4 bytes).
    Removing systick.o(.rev16_text), (4 bytes).
    Removing systick.o(.revsh_text), (4 bytes).
    Removing gd32f4xx_it.o(.rev16_text), (4 bytes).
    Removing gd32f4xx_it.o(.revsh_text), (4 bytes).
    Removing oled.o(.rev16_text), (4 bytes).
    Removing oled.o(.revsh_text), (4 bytes).
    Removing oled.o(i.OLED_Display_Off), (28 bytes).
    Removing oled.o(i.OLED_Display_On), (28 bytes).
    Removing oled.o(i.OLED_DrawBMP), (118 bytes).

914 unused section(s) (total 55104 bytes) removed from the image.

==============================================================================

Image Symbol Table

    Local Symbols

    Symbol Name                              Value     Ov Type        Size  Object(Section)

    ../clib/angel/boardlib.s                 0x00000000   Number         0  boardinit3.o ABSOLUTE
    ../clib/angel/boardlib.s                 0x00000000   Number         0  boardinit2.o ABSOLUTE
    ../clib/angel/boardlib.s                 0x00000000   Number         0  boardinit1.o ABSOLUTE
    ../clib/angel/boardlib.s                 0x00000000   Number         0  boardshut.o ABSOLUTE
    ../clib/angel/dczerorl2.s                0x00000000   Number         0  __dczerorl2.o ABSOLUTE
    ../clib/angel/handlers.s                 0x00000000   Number         0  __scatter_zi.o ABSOLUTE
    ../clib/angel/kernel.s                   0x00000000   Number         0  rtexit.o ABSOLUTE
    ../clib/angel/kernel.s                   0x00000000   Number         0  __rtentry4.o ABSOLUTE
    ../clib/angel/kernel.s                   0x00000000   Number         0  __rtentry2.o ABSOLUTE
    ../clib/angel/kernel.s                   0x00000000   Number         0  __rtentry.o ABSOLUTE
    ../clib/angel/kernel.s                   0x00000000   Number         0  rtexit2.o ABSOLUTE
    ../clib/angel/rt.s                       0x00000000   Number         0  rt_raise.o ABSOLUTE
    ../clib/angel/scatter.s                  0x00000000   Number         0  __scatter.o ABSOLUTE
    ../clib/angel/startup.s                  0x00000000   Number         0  __main.o ABSOLUTE
    ../clib/angel/sys.s                      0x00000000   Number         0  libspace.o ABSOLUTE
    ../clib/angel/sys.s                      0x00000000   Number         0  sys_stackheap_outer.o ABSOLUTE
    ../clib/angel/sys.s                      0x00000000   Number         0  indicate_semi.o ABSOLUTE
    ../clib/angel/sys.s                      0x00000000   Number         0  use_no_semi.o ABSOLUTE
    ../clib/angel/sysapp.c                   0x00000000   Number         0  sys_wrch.o ABSOLUTE
    ../clib/angel/sysapp.c                   0x00000000   Number         0  sys_command.o ABSOLUTE
    ../clib/angel/sysapp.c                   0x00000000   Number         0  sys_exit.o ABSOLUTE
    ../clib/armsys.c                         0x00000000   Number         0  argv_veneer.o ABSOLUTE
    ../clib/armsys.c                         0x00000000   Number         0  _get_argv_nomalloc.o ABSOLUTE
    ../clib/armsys.c                         0x00000000   Number         0  argv_veneer.o ABSOLUTE
    ../clib/armsys.c                         0x00000000   Number         0  no_argv.o ABSOLUTE
    ../clib/heapalloc.c                      0x00000000   Number         0  hrguard.o ABSOLUTE
    ../clib/heapaux.c                        0x00000000   Number         0  heapauxi.o ABSOLUTE
    ../clib/libinit.s                        0x00000000   Number         0  libshutdown.o ABSOLUTE
    ../clib/libinit.s                        0x00000000   Number         0  libinit.o ABSOLUTE
    ../clib/libinit.s                        0x00000000   Number         0  libinit2.o ABSOLUTE
    ../clib/libinit.s                        0x00000000   Number         0  libshutdown2.o ABSOLUTE
    ../clib/signal.c                         0x00000000   Number         0  defsig_rtmem_inner.o ABSOLUTE
    ../clib/signal.c                         0x00000000   Number         0  defsig_general.o ABSOLUTE
    ../clib/signal.c                         0x00000000   Number         0  defsig_abrt_inner.o ABSOLUTE
    ../clib/signal.c                         0x00000000   Number         0  defsig_fpe_inner.o ABSOLUTE
    ../clib/signal.c                         0x00000000   Number         0  defsig_rtmem_outer.o ABSOLUTE
    ../clib/signal.c                         0x00000000   Number         0  defsig_rtred_inner.o ABSOLUTE
    ../clib/signal.c                         0x00000000   Number         0  defsig_stak_inner.o ABSOLUTE
    ../clib/signal.c                         0x00000000   Number         0  defsig_cppl_inner.o ABSOLUTE
    ../clib/signal.c                         0x00000000   Number         0  defsig_segv_inner.o ABSOLUTE
    ../clib/signal.c                         0x00000000   Number         0  defsig_other.o ABSOLUTE
    ../clib/signal.c                         0x00000000   Number         0  defsig_rtmem_formal.o ABSOLUTE
    ../clib/signal.c                         0x00000000   Number         0  defsig_pvfn_inner.o ABSOLUTE
    ../clib/signal.c                         0x00000000   Number         0  __raise.o ABSOLUTE
    ../clib/signal.c                         0x00000000   Number         0  defsig_exit.o ABSOLUTE
    ../clib/signal.s                         0x00000000   Number         0  defsig.o ABSOLUTE
    ../clib/stdlib.c                         0x00000000   Number         0  exit.o ABSOLUTE
    ../fplib/fpinit.s                        0x00000000   Number         0  fpinit.o ABSOLUTE
    ..\CMSIS\system_gd32f4xx.c               0x00000000   Number         0  system_gd32f4xx.o ABSOLUTE
    ..\Library\Source\gd32f4xx_adc.c         0x00000000   Number         0  gd32f4xx_adc.o ABSOLUTE
    ..\Library\Source\gd32f4xx_can.c         0x00000000   Number         0  gd32f4xx_can.o ABSOLUTE
    ..\Library\Source\gd32f4xx_crc.c         0x00000000   Number         0  gd32f4xx_crc.o ABSOLUTE
    ..\Library\Source\gd32f4xx_ctc.c         0x00000000   Number         0  gd32f4xx_ctc.o ABSOLUTE
    ..\Library\Source\gd32f4xx_dac.c         0x00000000   Number         0  gd32f4xx_dac.o ABSOLUTE
    ..\Library\Source\gd32f4xx_dbg.c         0x00000000   Number         0  gd32f4xx_dbg.o ABSOLUTE
    ..\Library\Source\gd32f4xx_dci.c         0x00000000   Number         0  gd32f4xx_dci.o ABSOLUTE
    ..\Library\Source\gd32f4xx_dma.c         0x00000000   Number         0  gd32f4xx_dma.o ABSOLUTE
    ..\Library\Source\gd32f4xx_enet.c        0x00000000   Number         0  gd32f4xx_enet.o ABSOLUTE
    ..\Library\Source\gd32f4xx_exmc.c        0x00000000   Number         0  gd32f4xx_exmc.o ABSOLUTE
    ..\Library\Source\gd32f4xx_exti.c        0x00000000   Number         0  gd32f4xx_exti.o ABSOLUTE
    ..\Library\Source\gd32f4xx_fmc.c         0x00000000   Number         0  gd32f4xx_fmc.o ABSOLUTE
    ..\Library\Source\gd32f4xx_fwdgt.c       0x00000000   Number         0  gd32f4xx_fwdgt.o ABSOLUTE
    ..\Library\Source\gd32f4xx_gpio.c        0x00000000   Number         0  gd32f4xx_gpio.o ABSOLUTE
    ..\Library\Source\gd32f4xx_i2c.c         0x00000000   Number         0  gd32f4xx_i2c.o ABSOLUTE
    ..\Library\Source\gd32f4xx_ipa.c         0x00000000   Number         0  gd32f4xx_ipa.o ABSOLUTE
    ..\Library\Source\gd32f4xx_iref.c        0x00000000   Number         0  gd32f4xx_iref.o ABSOLUTE
    ..\Library\Source\gd32f4xx_misc.c        0x00000000   Number         0  gd32f4xx_misc.o ABSOLUTE
    ..\Library\Source\gd32f4xx_pmu.c         0x00000000   Number         0  gd32f4xx_pmu.o ABSOLUTE
    ..\Library\Source\gd32f4xx_rcu.c         0x00000000   Number         0  gd32f4xx_rcu.o ABSOLUTE
    ..\Library\Source\gd32f4xx_rtc.c         0x00000000   Number         0  gd32f4xx_rtc.o ABSOLUTE
    ..\Library\Source\gd32f4xx_sdio.c        0x00000000   Number         0  gd32f4xx_sdio.o ABSOLUTE
    ..\Library\Source\gd32f4xx_spi.c         0x00000000   Number         0  gd32f4xx_spi.o ABSOLUTE
    ..\Library\Source\gd32f4xx_syscfg.c      0x00000000   Number         0  gd32f4xx_syscfg.o ABSOLUTE
    ..\Library\Source\gd32f4xx_timer.c       0x00000000   Number         0  gd32f4xx_timer.o ABSOLUTE
    ..\Library\Source\gd32f4xx_tli.c         0x00000000   Number         0  gd32f4xx_tli.o ABSOLUTE
    ..\Library\Source\gd32f4xx_trng.c        0x00000000   Number         0  gd32f4xx_trng.o ABSOLUTE
    ..\Library\Source\gd32f4xx_usart.c       0x00000000   Number         0  gd32f4xx_usart.o ABSOLUTE
    ..\Library\Source\gd32f4xx_wwdgt.c       0x00000000   Number         0  gd32f4xx_wwdgt.o ABSOLUTE
    ..\Startup\startup_gd32f407.s            0x00000000   Number         0  startup_gd32f407.o ABSOLUTE
    ..\User\gd32f4xx_it.c                    0x00000000   Number         0  gd32f4xx_it.o ABSOLUTE
    ..\User\main.c                           0x00000000   Number         0  main.o ABSOLUTE
    ..\User\oled.c                           0x00000000   Number         0  oled.o ABSOLUTE
    ..\User\systick.c                        0x00000000   Number         0  systick.o ABSOLUTE
    ..\\CMSIS\\system_gd32f4xx.c             0x00000000   Number         0  system_gd32f4xx.o ABSOLUTE
    ..\\Library\\Source\\gd32f4xx_adc.c      0x00000000   Number         0  gd32f4xx_adc.o ABSOLUTE
    ..\\Library\\Source\\gd32f4xx_can.c      0x00000000   Number         0  gd32f4xx_can.o ABSOLUTE
    ..\\Library\\Source\\gd32f4xx_crc.c      0x00000000   Number         0  gd32f4xx_crc.o ABSOLUTE
    ..\\Library\\Source\\gd32f4xx_ctc.c      0x00000000   Number         0  gd32f4xx_ctc.o ABSOLUTE
    ..\\Library\\Source\\gd32f4xx_dac.c      0x00000000   Number         0  gd32f4xx_dac.o ABSOLUTE
    ..\\Library\\Source\\gd32f4xx_dbg.c      0x00000000   Number         0  gd32f4xx_dbg.o ABSOLUTE
    ..\\Library\\Source\\gd32f4xx_dci.c      0x00000000   Number         0  gd32f4xx_dci.o ABSOLUTE
    ..\\Library\\Source\\gd32f4xx_dma.c      0x00000000   Number         0  gd32f4xx_dma.o ABSOLUTE
    ..\\Library\\Source\\gd32f4xx_enet.c     0x00000000   Number         0  gd32f4xx_enet.o ABSOLUTE
    ..\\Library\\Source\\gd32f4xx_exmc.c     0x00000000   Number         0  gd32f4xx_exmc.o ABSOLUTE
    ..\\Library\\Source\\gd32f4xx_exti.c     0x00000000   Number         0  gd32f4xx_exti.o ABSOLUTE
    ..\\Library\\Source\\gd32f4xx_fmc.c      0x00000000   Number         0  gd32f4xx_fmc.o ABSOLUTE
    ..\\Library\\Source\\gd32f4xx_fwdgt.c    0x00000000   Number         0  gd32f4xx_fwdgt.o ABSOLUTE
    ..\\Library\\Source\\gd32f4xx_gpio.c     0x00000000   Number         0  gd32f4xx_gpio.o ABSOLUTE
    ..\\Library\\Source\\gd32f4xx_i2c.c      0x00000000   Number         0  gd32f4xx_i2c.o ABSOLUTE
    ..\\Library\\Source\\gd32f4xx_ipa.c      0x00000000   Number         0  gd32f4xx_ipa.o ABSOLUTE
    ..\\Library\\Source\\gd32f4xx_iref.c     0x00000000   Number         0  gd32f4xx_iref.o ABSOLUTE
    ..\\Library\\Source\\gd32f4xx_misc.c     0x00000000   Number         0  gd32f4xx_misc.o ABSOLUTE
    ..\\Library\\Source\\gd32f4xx_pmu.c      0x00000000   Number         0  gd32f4xx_pmu.o ABSOLUTE
    ..\\Library\\Source\\gd32f4xx_rcu.c      0x00000000   Number         0  gd32f4xx_rcu.o ABSOLUTE
    ..\\Library\\Source\\gd32f4xx_rtc.c      0x00000000   Number         0  gd32f4xx_rtc.o ABSOLUTE
    ..\\Library\\Source\\gd32f4xx_sdio.c     0x00000000   Number         0  gd32f4xx_sdio.o ABSOLUTE
    ..\\Library\\Source\\gd32f4xx_spi.c      0x00000000   Number         0  gd32f4xx_spi.o ABSOLUTE
    ..\\Library\\Source\\gd32f4xx_syscfg.c   0x00000000   Number         0  gd32f4xx_syscfg.o ABSOLUTE
    ..\\Library\\Source\\gd32f4xx_timer.c    0x00000000   Number         0  gd32f4xx_timer.o ABSOLUTE
    ..\\Library\\Source\\gd32f4xx_tli.c      0x00000000   Number         0  gd32f4xx_tli.o ABSOLUTE
    ..\\Library\\Source\\gd32f4xx_trng.c     0x00000000   Number         0  gd32f4xx_trng.o ABSOLUTE
    ..\\Library\\Source\\gd32f4xx_usart.c    0x00000000   Number         0  gd32f4xx_usart.o ABSOLUTE
    ..\\Library\\Source\\gd32f4xx_wwdgt.c    0x00000000   Number         0  gd32f4xx_wwdgt.o ABSOLUTE
    ..\\User\\gd32f4xx_it.c                  0x00000000   Number         0  gd32f4xx_it.o ABSOLUTE
    ..\\User\\main.c                         0x00000000   Number         0  main.o ABSOLUTE
    ..\\User\\oled.c                         0x00000000   Number         0  oled.o ABSOLUTE
    ..\\User\\systick.c                      0x00000000   Number         0  systick.o ABSOLUTE
    dc.s                                     0x00000000   Number         0  dc.o ABSOLUTE
    RESET                                    0x08000000   Section      392  startup_gd32f407.o(RESET)
    !!!main                                  0x08000188   Section        8  __main.o(!!!main)
    !!!scatter                               0x08000190   Section       52  __scatter.o(!!!scatter)
    !!dczerorl2                              0x080001c4   Section       90  __dczerorl2.o(!!dczerorl2)
    !!handler_zi                             0x08000220   Section       28  __scatter_zi.o(!!handler_zi)
    .ARM.Collect$$libinit$$00000000          0x0800023c   Section        2  libinit.o(.ARM.Collect$$libinit$$00000000)
    .ARM.Collect$$libinit$$00000001          0x0800023e   Section        4  libinit2.o(.ARM.Collect$$libinit$$00000001)
    .ARM.Collect$$libinit$$00000004          0x08000242   Section        0  libinit2.o(.ARM.Collect$$libinit$$00000004)
    .ARM.Collect$$libinit$$0000000A          0x08000242   Section        0  libinit2.o(.ARM.Collect$$libinit$$0000000A)
    .ARM.Collect$$libinit$$0000000C          0x08000242   Section        0  libinit2.o(.ARM.Collect$$libinit$$0000000C)
    .ARM.Collect$$libinit$$0000000E          0x08000242   Section        0  libinit2.o(.ARM.Collect$$libinit$$0000000E)
    .ARM.Collect$$libinit$$00000011          0x08000242   Section        0  libinit2.o(.ARM.Collect$$libinit$$00000011)
    .ARM.Collect$$libinit$$00000013          0x08000242   Section        0  libinit2.o(.ARM.Collect$$libinit$$00000013)
    .ARM.Collect$$libinit$$00000015          0x08000242   Section        0  libinit2.o(.ARM.Collect$$libinit$$00000015)
    .ARM.Collect$$libinit$$00000017          0x08000242   Section        0  libinit2.o(.ARM.Collect$$libinit$$00000017)
    .ARM.Collect$$libinit$$00000019          0x08000242   Section        0  libinit2.o(.ARM.Collect$$libinit$$00000019)
    .ARM.Collect$$libinit$$0000001B          0x08000242   Section        0  libinit2.o(.ARM.Collect$$libinit$$0000001B)
    .ARM.Collect$$libinit$$0000001D          0x08000242   Section        0  libinit2.o(.ARM.Collect$$libinit$$0000001D)
    .ARM.Collect$$libinit$$0000001F          0x08000242   Section        0  libinit2.o(.ARM.Collect$$libinit$$0000001F)
    .ARM.Collect$$libinit$$00000021          0x08000242   Section        0  libinit2.o(.ARM.Collect$$libinit$$00000021)
    .ARM.Collect$$libinit$$00000023          0x08000242   Section        0  libinit2.o(.ARM.Collect$$libinit$$00000023)
    .ARM.Collect$$libinit$$00000025          0x08000242   Section        0  libinit2.o(.ARM.Collect$$libinit$$00000025)
    .ARM.Collect$$libinit$$0000002C          0x08000242   Section        0  libinit2.o(.ARM.Collect$$libinit$$0000002C)
    .ARM.Collect$$libinit$$0000002E          0x08000242   Section        0  libinit2.o(.ARM.Collect$$libinit$$0000002E)
    .ARM.Collect$$libinit$$00000030          0x08000242   Section        0  libinit2.o(.ARM.Collect$$libinit$$00000030)
    .ARM.Collect$$libinit$$00000032          0x08000242   Section        0  libinit2.o(.ARM.Collect$$libinit$$00000032)
    .ARM.Collect$$libinit$$00000033          0x08000242   Section        2  libinit2.o(.ARM.Collect$$libinit$$00000033)
    .ARM.Collect$$libshutdown$$00000000      0x08000244   Section        2  libshutdown.o(.ARM.Collect$$libshutdown$$00000000)
    .ARM.Collect$$libshutdown$$00000002      0x08000246   Section        0  libshutdown2.o(.ARM.Collect$$libshutdown$$00000002)
    .ARM.Collect$$libshutdown$$00000004      0x08000246   Section        0  libshutdown2.o(.ARM.Collect$$libshutdown$$00000004)
    .ARM.Collect$$libshutdown$$00000006      0x08000246   Section        0  libshutdown2.o(.ARM.Collect$$libshutdown$$00000006)
    .ARM.Collect$$libshutdown$$00000009      0x08000246   Section        0  libshutdown2.o(.ARM.Collect$$libshutdown$$00000009)
    .ARM.Collect$$libshutdown$$0000000C      0x08000246   Section        0  libshutdown2.o(.ARM.Collect$$libshutdown$$0000000C)
    .ARM.Collect$$libshutdown$$0000000E      0x08000246   Section        0  libshutdown2.o(.ARM.Collect$$libshutdown$$0000000E)
    .ARM.Collect$$libshutdown$$00000011      0x08000246   Section        0  libshutdown2.o(.ARM.Collect$$libshutdown$$00000011)
    .ARM.Collect$$libshutdown$$00000012      0x08000246   Section        2  libshutdown2.o(.ARM.Collect$$libshutdown$$00000012)
    .ARM.Collect$$rtentry$$00000000          0x08000248   Section        0  __rtentry.o(.ARM.Collect$$rtentry$$00000000)
    .ARM.Collect$$rtentry$$00000002          0x08000248   Section        0  __rtentry2.o(.ARM.Collect$$rtentry$$00000002)
    .ARM.Collect$$rtentry$$00000004          0x08000248   Section        6  __rtentry4.o(.ARM.Collect$$rtentry$$00000004)
    .ARM.Collect$$rtentry$$00000009          0x0800024e   Section        0  __rtentry2.o(.ARM.Collect$$rtentry$$00000009)
    .ARM.Collect$$rtentry$$0000000A          0x0800024e   Section        4  __rtentry2.o(.ARM.Collect$$rtentry$$0000000A)
    .ARM.Collect$$rtentry$$0000000C          0x08000252   Section        0  __rtentry2.o(.ARM.Collect$$rtentry$$0000000C)
    .ARM.Collect$$rtentry$$0000000D          0x08000252   Section        8  __rtentry2.o(.ARM.Collect$$rtentry$$0000000D)
    .ARM.Collect$$rtexit$$00000000           0x0800025a   Section        2  rtexit.o(.ARM.Collect$$rtexit$$00000000)
    .ARM.Collect$$rtexit$$00000002           0x0800025c   Section        0  rtexit2.o(.ARM.Collect$$rtexit$$00000002)
    .ARM.Collect$$rtexit$$00000003           0x0800025c   Section        4  rtexit2.o(.ARM.Collect$$rtexit$$00000003)
    .ARM.Collect$$rtexit$$00000004           0x08000260   Section        6  rtexit2.o(.ARM.Collect$$rtexit$$00000004)
    .text                                    0x08000268   Section       64  startup_gd32f407.o(.text)
    $v0                                      0x08000268   Number         0  startup_gd32f407.o(.text)
    .text                                    0x080002a8   Section        0  heapauxi.o(.text)
    .text                                    0x080002ae   Section       74  sys_stackheap_outer.o(.text)
    .text                                    0x080002f8   Section        0  exit.o(.text)
    .text                                    0x0800030c   Section        8  libspace.o(.text)
    .text                                    0x08000314   Section        0  sys_exit.o(.text)
    .text                                    0x08000320   Section        2  use_no_semi.o(.text)
    .text                                    0x08000322   Section        0  indicate_semi.o(.text)
    i.BusFault_Handler                       0x08000322   Section        0  gd32f4xx_it.o(i.BusFault_Handler)
    i.Config18b20                            0x08000326   Section        0  main.o(i.Config18b20)
    i.DebugMon_Handler                       0x0800036c   Section        0  gd32f4xx_it.o(i.DebugMon_Handler)
    i.Delay_us                               0x0800036e   Section        0  main.o(i.Delay_us)
    i.GemTemp                                0x08000384   Section        0  main.o(i.GemTemp)
    i.GetTemp                                0x080003bc   Section        0  main.o(i.GetTemp)
    i.HardFault_Handler                      0x080003e0   Section        0  gd32f4xx_it.o(i.HardFault_Handler)
    i.Init18b20                              0x080003e4   Section        0  main.o(i.Init18b20)
    i.MemManage_Handler                      0x0800046c   Section        0  gd32f4xx_it.o(i.MemManage_Handler)
    i.NMI_Handler                            0x08000470   Section        0  gd32f4xx_it.o(i.NMI_Handler)
    i.NVIC_SetPriority                       0x08000474   Section        0  systick.o(i.NVIC_SetPriority)
    NVIC_SetPriority                         0x08000475   Thumb Code    32  systick.o(i.NVIC_SetPriority)
    i.OLED_Clear                             0x0800049c   Section        0  oled.o(i.OLED_Clear)
    i.OLED_Init                              0x080004dc   Section        0  oled.o(i.OLED_Init)
    i.OLED_Set_Pos                           0x08000674   Section        0  oled.o(i.OLED_Set_Pos)
    i.OLED_ShowCHinese                       0x080006a4   Section        0  oled.o(i.OLED_ShowCHinese)
    i.OLED_ShowChar                          0x0800070c   Section        0  oled.o(i.OLED_ShowChar)
    i.OLED_ShowNum                           0x0800077c   Section        0  oled.o(i.OLED_ShowNum)
    i.OLED_ShowString                        0x08000800   Section        0  oled.o(i.OLED_ShowString)
    i.OLED_WR_Byte                           0x08000838   Section        0  oled.o(i.OLED_WR_Byte)
    i.PendSV_Handler                         0x080008cc   Section        0  gd32f4xx_it.o(i.PendSV_Handler)
    i.ReadByte                               0x080008d0   Section        0  main.o(i.ReadByte)
    i.ReadID                                 0x08000920   Section        0  main.o(i.ReadID)
    i.SVC_Handler                            0x08000934   Section        0  gd32f4xx_it.o(i.SVC_Handler)
    i.SysTick_Handler                        0x08000936   Section        0  gd32f4xx_it.o(i.SysTick_Handler)
    i.SystemInit                             0x08000940   Section        0  system_gd32f4xx.o(i.SystemInit)
    i.Temp_CRC                               0x080009f8   Section        0  main.o(i.Temp_CRC)
    i.TemperatuerResult                      0x08000a20   Section        0  main.o(i.TemperatuerResult)
    i.UsageFault_Handler                     0x08000a74   Section        0  gd32f4xx_it.o(i.UsageFault_Handler)
    i.WriteByte                              0x08000a78   Section        0  main.o(i.WriteByte)
    i.delay_1ms                              0x08000acc   Section        0  systick.o(i.delay_1ms)
    i.delay_decrement                        0x08000ae0   Section        0  systick.o(i.delay_decrement)
    i.gpio_bit_write                         0x08000af8   Section        0  gd32f4xx_gpio.o(i.gpio_bit_write)
    i.gpio_input_bit_get                     0x08000b02   Section        0  gd32f4xx_gpio.o(i.gpio_input_bit_get)
    i.gpio_mode_set                          0x08000b12   Section        0  gd32f4xx_gpio.o(i.gpio_mode_set)
    i.gpio_output_options_set                0x08000b60   Section        0  gd32f4xx_gpio.o(i.gpio_output_options_set)
    i.main                                   0x08000ba4   Section        0  main.o(i.main)
    i.oled_pow                               0x08000c4c   Section        0  oled.o(i.oled_pow)
    i.rcu_periph_clock_enable                0x08000c64   Section        0  gd32f4xx_rcu.o(i.rcu_periph_clock_enable)
    i.read_bytes                             0x08000c88   Section        0  main.o(i.read_bytes)
    i.system_clock_168m_8m_hxtal             0x08000cb4   Section        0  system_gd32f4xx.o(i.system_clock_168m_8m_hxtal)
    system_clock_168m_8m_hxtal               0x08000cb5   Thumb Code   240  system_gd32f4xx.o(i.system_clock_168m_8m_hxtal)
    i.system_clock_config                    0x08000db0   Section        0  system_gd32f4xx.o(i.system_clock_config)
    system_clock_config                      0x08000db1   Thumb Code     8  system_gd32f4xx.o(i.system_clock_config)
    i.systick_config                         0x08000db8   Section        0  systick.o(i.systick_config)
    x$fpl$fpinit                             0x08000e08   Section       10  fpinit.o(x$fpl$fpinit)
    $v0                                      0x08000e08   Number         0  fpinit.o(x$fpl$fpinit)
    .constdata                               0x08000e12   Section      256  main.o(.constdata)
    .constdata                               0x08000f12   Section     2072  oled.o(.constdata)
    .data                                    0x20000000   Section        4  system_gd32f4xx.o(.data)
    .data                                    0x20000004   Section       32  main.o(.data)
    .data                                    0x20000024   Section        4  systick.o(.data)
    delay                                    0x20000024   Data           4  systick.o(.data)
    .data                                    0x20000028   Section      320  oled.o(.data)
    .bss                                     0x20000168   Section        9  main.o(.bss)
    .bss                                     0x20000174   Section       96  libspace.o(.bss)
    HEAP                                     0x200001d8   Section     1024  startup_gd32f407.o(HEAP)
    Heap_Mem                                 0x200001d8   Data        1024  startup_gd32f407.o(HEAP)
    STACK                                    0x200005d8   Section     1024  startup_gd32f407.o(STACK)
    Stack_Mem                                0x200005d8   Data        1024  startup_gd32f407.o(STACK)
    __initial_sp                             0x200009d8   Data           0  startup_gd32f407.o(STACK)

    Global Symbols

    Symbol Name                              Value     Ov Type        Size  Object(Section)

    BuildAttributes$$THM_ISAv4$E$P$D$K$B$S$7EM$VFPi3$EXTD16$VFPS$VFMA$PE$A:L22UL41UL21$X:L11$S22US41US21$IEEE1$IW$USESV6$~STKCKD$USESV7$~SHL$OSPACE$ROPI$EBA8$UX$STANDARDLIB$REQ8$PRES8$EABIv2 0x00000000   Number         0  anon$$obj.o ABSOLUTE
    __ARM_use_no_argv                        0x00000000   Number         0  main.o ABSOLUTE
    __ARM_exceptions_init                     - Undefined Weak Reference
    __alloca_initialize                       - Undefined Weak Reference
    __arm_fini_                               - Undefined Weak Reference
    __arm_preinit_                            - Undefined Weak Reference
    __cpp_initialize__aeabi_                  - Undefined Weak Reference
    __cxa_finalize                            - Undefined Weak Reference
    __rt_locale                               - Undefined Weak Reference
    __sigvec_lookup                           - Undefined Weak Reference
    _atexit_init                              - Undefined Weak Reference
    _call_atexit_fns                          - Undefined Weak Reference
    _clock_init                               - Undefined Weak Reference
    _fp_trap_init                             - Undefined Weak Reference
    _fp_trap_shutdown                         - Undefined Weak Reference
    _get_lc_collate                           - Undefined Weak Reference
    _get_lc_ctype                             - Undefined Weak Reference
    _get_lc_monetary                          - Undefined Weak Reference
    _get_lc_numeric                           - Undefined Weak Reference
    _get_lc_time                              - Undefined Weak Reference
    _getenv_init                              - Undefined Weak Reference
    _handle_redirection                       - Undefined Weak Reference
    _init_alloc                               - Undefined Weak Reference
    _init_user_alloc                          - Undefined Weak Reference
    _initio                                   - Undefined Weak Reference
    _rand_init                                - Undefined Weak Reference
    _signal_finish                            - Undefined Weak Reference
    _signal_init                              - Undefined Weak Reference
    _terminate_alloc                          - Undefined Weak Reference
    _terminate_user_alloc                     - Undefined Weak Reference
    _terminateio                              - Undefined Weak Reference
    __Vectors_Size                           0x00000188   Number         0  startup_gd32f407.o ABSOLUTE
    __Vectors                                0x08000000   Data           4  startup_gd32f407.o(RESET)
    __Vectors_End                            0x08000188   Data           0  startup_gd32f407.o(RESET)
    __main                                   0x08000189   Thumb Code     8  __main.o(!!!main)
    __scatterload                            0x08000191   Thumb Code     0  __scatter.o(!!!scatter)
    __scatterload_rt2                        0x08000191   Thumb Code    44  __scatter.o(!!!scatter)
    __scatterload_rt2_thumb_only             0x08000191   Thumb Code     0  __scatter.o(!!!scatter)
    __scatterload_null                       0x0800019f   Thumb Code     0  __scatter.o(!!!scatter)
    __decompress                             0x080001c5   Thumb Code    90  __dczerorl2.o(!!dczerorl2)
    __decompress1                            0x080001c5   Thumb Code     0  __dczerorl2.o(!!dczerorl2)
    __scatterload_zeroinit                   0x08000221   Thumb Code    28  __scatter_zi.o(!!handler_zi)
    __rt_lib_init                            0x0800023d   Thumb Code     0  libinit.o(.ARM.Collect$$libinit$$00000000)
    __rt_lib_init_fp_1                       0x0800023f   Thumb Code     0  libinit2.o(.ARM.Collect$$libinit$$00000001)
    __rt_lib_init_alloca_1                   0x08000243   Thumb Code     0  libinit2.o(.ARM.Collect$$libinit$$0000002E)
    __rt_lib_init_argv_1                     0x08000243   Thumb Code     0  libinit2.o(.ARM.Collect$$libinit$$0000002C)
    __rt_lib_init_atexit_1                   0x08000243   Thumb Code     0  libinit2.o(.ARM.Collect$$libinit$$0000001B)
    __rt_lib_init_clock_1                    0x08000243   Thumb Code     0  libinit2.o(.ARM.Collect$$libinit$$00000021)
    __rt_lib_init_cpp_1                      0x08000243   Thumb Code     0  libinit2.o(.ARM.Collect$$libinit$$00000032)
    __rt_lib_init_exceptions_1               0x08000243   Thumb Code     0  libinit2.o(.ARM.Collect$$libinit$$00000030)
    __rt_lib_init_fp_trap_1                  0x08000243   Thumb Code     0  libinit2.o(.ARM.Collect$$libinit$$0000001F)
    __rt_lib_init_getenv_1                   0x08000243   Thumb Code     0  libinit2.o(.ARM.Collect$$libinit$$00000023)
    __rt_lib_init_heap_1                     0x08000243   Thumb Code     0  libinit2.o(.ARM.Collect$$libinit$$0000000A)
    __rt_lib_init_lc_collate_1               0x08000243   Thumb Code     0  libinit2.o(.ARM.Collect$$libinit$$00000011)
    __rt_lib_init_lc_ctype_1                 0x08000243   Thumb Code     0  libinit2.o(.ARM.Collect$$libinit$$00000013)
    __rt_lib_init_lc_monetary_1              0x08000243   Thumb Code     0  libinit2.o(.ARM.Collect$$libinit$$00000015)
    __rt_lib_init_lc_numeric_1               0x08000243   Thumb Code     0  libinit2.o(.ARM.Collect$$libinit$$00000017)
    __rt_lib_init_lc_time_1                  0x08000243   Thumb Code     0  libinit2.o(.ARM.Collect$$libinit$$00000019)
    __rt_lib_init_preinit_1                  0x08000243   Thumb Code     0  libinit2.o(.ARM.Collect$$libinit$$00000004)
    __rt_lib_init_rand_1                     0x08000243   Thumb Code     0  libinit2.o(.ARM.Collect$$libinit$$0000000E)
    __rt_lib_init_return                     0x08000243   Thumb Code     0  libinit2.o(.ARM.Collect$$libinit$$00000033)
    __rt_lib_init_signal_1                   0x08000243   Thumb Code     0  libinit2.o(.ARM.Collect$$libinit$$0000001D)
    __rt_lib_init_stdio_1                    0x08000243   Thumb Code     0  libinit2.o(.ARM.Collect$$libinit$$00000025)
    __rt_lib_init_user_alloc_1               0x08000243   Thumb Code     0  libinit2.o(.ARM.Collect$$libinit$$0000000C)
    __rt_lib_shutdown                        0x08000245   Thumb Code     0  libshutdown.o(.ARM.Collect$$libshutdown$$00000000)
    __rt_lib_shutdown_cpp_1                  0x08000247   Thumb Code     0  libshutdown2.o(.ARM.Collect$$libshutdown$$00000004)
    __rt_lib_shutdown_fini_1                 0x08000247   Thumb Code     0  libshutdown2.o(.ARM.Collect$$libshutdown$$00000002)
    __rt_lib_shutdown_fp_trap_1              0x08000247   Thumb Code     0  libshutdown2.o(.ARM.Collect$$libshutdown$$00000009)
    __rt_lib_shutdown_heap_1                 0x08000247   Thumb Code     0  libshutdown2.o(.ARM.Collect$$libshutdown$$00000011)
    __rt_lib_shutdown_return                 0x08000247   Thumb Code     0  libshutdown2.o(.ARM.Collect$$libshutdown$$00000012)
    __rt_lib_shutdown_signal_1               0x08000247   Thumb Code     0  libshutdown2.o(.ARM.Collect$$libshutdown$$0000000C)
    __rt_lib_shutdown_stdio_1                0x08000247   Thumb Code     0  libshutdown2.o(.ARM.Collect$$libshutdown$$00000006)
    __rt_lib_shutdown_user_alloc_1           0x08000247   Thumb Code     0  libshutdown2.o(.ARM.Collect$$libshutdown$$0000000E)
    __rt_entry                               0x08000249   Thumb Code     0  __rtentry.o(.ARM.Collect$$rtentry$$00000000)
    __rt_entry_presh_1                       0x08000249   Thumb Code     0  __rtentry2.o(.ARM.Collect$$rtentry$$00000002)
    __rt_entry_sh                            0x08000249   Thumb Code     0  __rtentry4.o(.ARM.Collect$$rtentry$$00000004)
    __rt_entry_li                            0x0800024f   Thumb Code     0  __rtentry2.o(.ARM.Collect$$rtentry$$0000000A)
    __rt_entry_postsh_1                      0x0800024f   Thumb Code     0  __rtentry2.o(.ARM.Collect$$rtentry$$00000009)
    __rt_entry_main                          0x08000253   Thumb Code     0  __rtentry2.o(.ARM.Collect$$rtentry$$0000000D)
    __rt_entry_postli_1                      0x08000253   Thumb Code     0  __rtentry2.o(.ARM.Collect$$rtentry$$0000000C)
    __rt_exit                                0x0800025b   Thumb Code     0  rtexit.o(.ARM.Collect$$rtexit$$00000000)
    __rt_exit_ls                             0x0800025d   Thumb Code     0  rtexit2.o(.ARM.Collect$$rtexit$$00000003)
    __rt_exit_prels_1                        0x0800025d   Thumb Code     0  rtexit2.o(.ARM.Collect$$rtexit$$00000002)
    __rt_exit_exit                           0x08000261   Thumb Code     0  rtexit2.o(.ARM.Collect$$rtexit$$00000004)
    Reset_Handler                            0x08000269   Thumb Code     8  startup_gd32f407.o(.text)
    ADC_IRQHandler                           0x08000283   Thumb Code     0  startup_gd32f407.o(.text)
    CAN0_EWMC_IRQHandler                     0x08000283   Thumb Code     0  startup_gd32f407.o(.text)
    CAN0_RX0_IRQHandler                      0x08000283   Thumb Code     0  startup_gd32f407.o(.text)
    CAN0_RX1_IRQHandler                      0x08000283   Thumb Code     0  startup_gd32f407.o(.text)
    CAN0_TX_IRQHandler                       0x08000283   Thumb Code     0  startup_gd32f407.o(.text)
    CAN1_EWMC_IRQHandler                     0x08000283   Thumb Code     0  startup_gd32f407.o(.text)
    CAN1_RX0_IRQHandler                      0x08000283   Thumb Code     0  startup_gd32f407.o(.text)
    CAN1_RX1_IRQHandler                      0x08000283   Thumb Code     0  startup_gd32f407.o(.text)
    CAN1_TX_IRQHandler                       0x08000283   Thumb Code     0  startup_gd32f407.o(.text)
    DCI_IRQHandler                           0x08000283   Thumb Code     0  startup_gd32f407.o(.text)
    DMA0_Channel0_IRQHandler                 0x08000283   Thumb Code     0  startup_gd32f407.o(.text)
    DMA0_Channel1_IRQHandler                 0x08000283   Thumb Code     0  startup_gd32f407.o(.text)
    DMA0_Channel2_IRQHandler                 0x08000283   Thumb Code     0  startup_gd32f407.o(.text)
    DMA0_Channel3_IRQHandler                 0x08000283   Thumb Code     0  startup_gd32f407.o(.text)
    DMA0_Channel4_IRQHandler                 0x08000283   Thumb Code     0  startup_gd32f407.o(.text)
    DMA0_Channel5_IRQHandler                 0x08000283   Thumb Code     0  startup_gd32f407.o(.text)
    DMA0_Channel6_IRQHandler                 0x08000283   Thumb Code     0  startup_gd32f407.o(.text)
    DMA0_Channel7_IRQHandler                 0x08000283   Thumb Code     0  startup_gd32f407.o(.text)
    DMA1_Channel0_IRQHandler                 0x08000283   Thumb Code     0  startup_gd32f407.o(.text)
    DMA1_Channel1_IRQHandler                 0x08000283   Thumb Code     0  startup_gd32f407.o(.text)
    DMA1_Channel2_IRQHandler                 0x08000283   Thumb Code     0  startup_gd32f407.o(.text)
    DMA1_Channel3_IRQHandler                 0x08000283   Thumb Code     0  startup_gd32f407.o(.text)
    DMA1_Channel4_IRQHandler                 0x08000283   Thumb Code     0  startup_gd32f407.o(.text)
    DMA1_Channel5_IRQHandler                 0x08000283   Thumb Code     0  startup_gd32f407.o(.text)
    DMA1_Channel6_IRQHandler                 0x08000283   Thumb Code     0  startup_gd32f407.o(.text)
    DMA1_Channel7_IRQHandler                 0x08000283   Thumb Code     0  startup_gd32f407.o(.text)
    ENET_IRQHandler                          0x08000283   Thumb Code     0  startup_gd32f407.o(.text)
    ENET_WKUP_IRQHandler                     0x08000283   Thumb Code     0  startup_gd32f407.o(.text)
    EXMC_IRQHandler                          0x08000283   Thumb Code     0  startup_gd32f407.o(.text)
    EXTI0_IRQHandler                         0x08000283   Thumb Code     0  startup_gd32f407.o(.text)
    EXTI10_15_IRQHandler                     0x08000283   Thumb Code     0  startup_gd32f407.o(.text)
    EXTI1_IRQHandler                         0x08000283   Thumb Code     0  startup_gd32f407.o(.text)
    EXTI2_IRQHandler                         0x08000283   Thumb Code     0  startup_gd32f407.o(.text)
    EXTI3_IRQHandler                         0x08000283   Thumb Code     0  startup_gd32f407.o(.text)
    EXTI4_IRQHandler                         0x08000283   Thumb Code     0  startup_gd32f407.o(.text)
    EXTI5_9_IRQHandler                       0x08000283   Thumb Code     0  startup_gd32f407.o(.text)
    FMC_IRQHandler                           0x08000283   Thumb Code     0  startup_gd32f407.o(.text)
    FPU_IRQHandler                           0x08000283   Thumb Code     0  startup_gd32f407.o(.text)
    I2C0_ER_IRQHandler                       0x08000283   Thumb Code     0  startup_gd32f407.o(.text)
    I2C0_EV_IRQHandler                       0x08000283   Thumb Code     0  startup_gd32f407.o(.text)
    I2C1_ER_IRQHandler                       0x08000283   Thumb Code     0  startup_gd32f407.o(.text)
    I2C1_EV_IRQHandler                       0x08000283   Thumb Code     0  startup_gd32f407.o(.text)
    I2C2_ER_IRQHandler                       0x08000283   Thumb Code     0  startup_gd32f407.o(.text)
    I2C2_EV_IRQHandler                       0x08000283   Thumb Code     0  startup_gd32f407.o(.text)
    LVD_IRQHandler                           0x08000283   Thumb Code     0  startup_gd32f407.o(.text)
    RCU_CTC_IRQHandler                       0x08000283   Thumb Code     0  startup_gd32f407.o(.text)
    RTC_Alarm_IRQHandler                     0x08000283   Thumb Code     0  startup_gd32f407.o(.text)
    RTC_WKUP_IRQHandler                      0x08000283   Thumb Code     0  startup_gd32f407.o(.text)
    SDIO_IRQHandler                          0x08000283   Thumb Code     0  startup_gd32f407.o(.text)
    SPI0_IRQHandler                          0x08000283   Thumb Code     0  startup_gd32f407.o(.text)
    SPI1_IRQHandler                          0x08000283   Thumb Code     0  startup_gd32f407.o(.text)
    SPI2_IRQHandler                          0x08000283   Thumb Code     0  startup_gd32f407.o(.text)
    TAMPER_STAMP_IRQHandler                  0x08000283   Thumb Code     0  startup_gd32f407.o(.text)
    TIMER0_BRK_TIMER8_IRQHandler             0x08000283   Thumb Code     0  startup_gd32f407.o(.text)
    TIMER0_Channel_IRQHandler                0x08000283   Thumb Code     0  startup_gd32f407.o(.text)
    TIMER0_TRG_CMT_TIMER10_IRQHandler        0x08000283   Thumb Code     0  startup_gd32f407.o(.text)
    TIMER0_UP_TIMER9_IRQHandler              0x08000283   Thumb Code     0  startup_gd32f407.o(.text)
    TIMER1_IRQHandler                        0x08000283   Thumb Code     0  startup_gd32f407.o(.text)
    TIMER2_IRQHandler                        0x08000283   Thumb Code     0  startup_gd32f407.o(.text)
    TIMER3_IRQHandler                        0x08000283   Thumb Code     0  startup_gd32f407.o(.text)
    TIMER4_IRQHandler                        0x08000283   Thumb Code     0  startup_gd32f407.o(.text)
    TIMER5_DAC_IRQHandler                    0x08000283   Thumb Code     0  startup_gd32f407.o(.text)
    TIMER6_IRQHandler                        0x08000283   Thumb Code     0  startup_gd32f407.o(.text)
    TIMER7_BRK_TIMER11_IRQHandler            0x08000283   Thumb Code     0  startup_gd32f407.o(.text)
    TIMER7_Channel_IRQHandler                0x08000283   Thumb Code     0  startup_gd32f407.o(.text)
    TIMER7_TRG_CMT_TIMER13_IRQHandler        0x08000283   Thumb Code     0  startup_gd32f407.o(.text)
    TIMER7_UP_TIMER12_IRQHandler             0x08000283   Thumb Code     0  startup_gd32f407.o(.text)
    TRNG_IRQHandler                          0x08000283   Thumb Code     0  startup_gd32f407.o(.text)
    UART3_IRQHandler                         0x08000283   Thumb Code     0  startup_gd32f407.o(.text)
    UART4_IRQHandler                         0x08000283   Thumb Code     0  startup_gd32f407.o(.text)
    USART0_IRQHandler                        0x08000283   Thumb Code     0  startup_gd32f407.o(.text)
    USART1_IRQHandler                        0x08000283   Thumb Code     0  startup_gd32f407.o(.text)
    USART2_IRQHandler                        0x08000283   Thumb Code     0  startup_gd32f407.o(.text)
    USART5_IRQHandler                        0x08000283   Thumb Code     0  startup_gd32f407.o(.text)
    USBFS_IRQHandler                         0x08000283   Thumb Code     0  startup_gd32f407.o(.text)
    USBFS_WKUP_IRQHandler                    0x08000283   Thumb Code     0  startup_gd32f407.o(.text)
    USBHS_EP1_In_IRQHandler                  0x08000283   Thumb Code     0  startup_gd32f407.o(.text)
    USBHS_EP1_Out_IRQHandler                 0x08000283   Thumb Code     0  startup_gd32f407.o(.text)
    USBHS_IRQHandler                         0x08000283   Thumb Code     0  startup_gd32f407.o(.text)
    USBHS_WKUP_IRQHandler                    0x08000283   Thumb Code     0  startup_gd32f407.o(.text)
    WWDGT_IRQHandler                         0x08000283   Thumb Code     0  startup_gd32f407.o(.text)
    __user_initial_stackheap                 0x08000285   Thumb Code    10  startup_gd32f407.o(.text)
    __use_two_region_memory                  0x080002a9   Thumb Code     2  heapauxi.o(.text)
    __rt_heap_escrow$2region                 0x080002ab   Thumb Code     2  heapauxi.o(.text)
    __rt_heap_expand$2region                 0x080002ad   Thumb Code     2  heapauxi.o(.text)
    __user_setup_stackheap                   0x080002af   Thumb Code    74  sys_stackheap_outer.o(.text)
    exit                                     0x080002f9   Thumb Code    18  exit.o(.text)
    __user_libspace                          0x0800030d   Thumb Code     8  libspace.o(.text)
    __user_perproc_libspace                  0x0800030d   Thumb Code     0  libspace.o(.text)
    __user_perthread_libspace                0x0800030d   Thumb Code     0  libspace.o(.text)
    _sys_exit                                0x08000315   Thumb Code     8  sys_exit.o(.text)
    __I$use$semihosting                      0x08000321   Thumb Code     0  use_no_semi.o(.text)
    __use_no_semihosting_swi                 0x08000321   Thumb Code     2  use_no_semi.o(.text)
    BusFault_Handler                         0x08000323   Thumb Code     4  gd32f4xx_it.o(i.BusFault_Handler)
    __semihosting_library_function           0x08000323   Thumb Code     0  indicate_semi.o(.text)
    Config18b20                              0x08000327   Thumb Code    70  main.o(i.Config18b20)
    DebugMon_Handler                         0x0800036d   Thumb Code     2  gd32f4xx_it.o(i.DebugMon_Handler)
    Delay_us                                 0x0800036f   Thumb Code    20  main.o(i.Delay_us)
    GemTemp                                  0x08000385   Thumb Code    46  main.o(i.GemTemp)
    GetTemp                                  0x080003bd   Thumb Code    32  main.o(i.GetTemp)
    HardFault_Handler                        0x080003e1   Thumb Code     4  gd32f4xx_it.o(i.HardFault_Handler)
    Init18b20                                0x080003e5   Thumb Code   128  main.o(i.Init18b20)
    MemManage_Handler                        0x0800046d   Thumb Code     4  gd32f4xx_it.o(i.MemManage_Handler)
    NMI_Handler                              0x08000471   Thumb Code     2  gd32f4xx_it.o(i.NMI_Handler)
    OLED_Clear                               0x0800049d   Thumb Code    64  oled.o(i.OLED_Clear)
    OLED_Init                                0x080004dd   Thumb Code   396  oled.o(i.OLED_Init)
    OLED_Set_Pos                             0x08000675   Thumb Code    46  oled.o(i.OLED_Set_Pos)
    OLED_ShowCHinese                         0x080006a5   Thumb Code    98  oled.o(i.OLED_ShowCHinese)
    OLED_ShowChar                            0x0800070d   Thumb Code   106  oled.o(i.OLED_ShowChar)
    OLED_ShowNum                             0x0800077d   Thumb Code   132  oled.o(i.OLED_ShowNum)
    OLED_ShowString                          0x08000801   Thumb Code    54  oled.o(i.OLED_ShowString)
    OLED_WR_Byte                             0x08000839   Thumb Code   134  oled.o(i.OLED_WR_Byte)
    PendSV_Handler                           0x080008cd   Thumb Code     2  gd32f4xx_it.o(i.PendSV_Handler)
    ReadByte                                 0x080008d1   Thumb Code    76  main.o(i.ReadByte)
    ReadID                                   0x08000921   Thumb Code    20  main.o(i.ReadID)
    SVC_Handler                              0x08000935   Thumb Code     2  gd32f4xx_it.o(i.SVC_Handler)
    SysTick_Handler                          0x08000937   Thumb Code     8  gd32f4xx_it.o(i.SysTick_Handler)
    SystemInit                               0x08000941   Thumb Code   168  system_gd32f4xx.o(i.SystemInit)
    Temp_CRC                                 0x080009f9   Thumb Code    30  main.o(i.Temp_CRC)
    TemperatuerResult                        0x08000a21   Thumb Code    72  main.o(i.TemperatuerResult)
    UsageFault_Handler                       0x08000a75   Thumb Code     4  gd32f4xx_it.o(i.UsageFault_Handler)
    WriteByte                                0x08000a79   Thumb Code    80  main.o(i.WriteByte)
    delay_1ms                                0x08000acd   Thumb Code    16  systick.o(i.delay_1ms)
    delay_decrement                          0x08000ae1   Thumb Code    18  systick.o(i.delay_decrement)
    gpio_bit_write                           0x08000af9   Thumb Code    10  gd32f4xx_gpio.o(i.gpio_bit_write)
    gpio_input_bit_get                       0x08000b03   Thumb Code    16  gd32f4xx_gpio.o(i.gpio_input_bit_get)
    gpio_mode_set                            0x08000b13   Thumb Code    78  gd32f4xx_gpio.o(i.gpio_mode_set)
    gpio_output_options_set                  0x08000b61   Thumb Code    66  gd32f4xx_gpio.o(i.gpio_output_options_set)
    main                                     0x08000ba5   Thumb Code   130  main.o(i.main)
    oled_pow                                 0x08000c4d   Thumb Code    22  oled.o(i.oled_pow)
    rcu_periph_clock_enable                  0x08000c65   Thumb Code    32  gd32f4xx_rcu.o(i.rcu_periph_clock_enable)
    read_bytes                               0x08000c89   Thumb Code    38  main.o(i.read_bytes)
    systick_config                           0x08000db9   Thumb Code    74  systick.o(i.systick_config)
    _fp_init                                 0x08000e09   Thumb Code    10  fpinit.o(x$fpl$fpinit)
    __fplib_config_fpu_vfp                   0x08000e11   Thumb Code     0  fpinit.o(x$fpl$fpinit)
    __fplib_config_pureend_doubles           0x08000e11   Thumb Code     0  fpinit.o(x$fpl$fpinit)
    CrcTable                                 0x08000e12   Data         256  main.o(.constdata)
    F6x8                                     0x08000f12   Data         552  oled.o(.constdata)
    F8X16                                    0x0800113a   Data        1520  oled.o(.constdata)
    Region$$Table$$Base                      0x0800172c   Number         0  anon$$obj.o(Region$$Table)
    Region$$Table$$Limit                     0x0800174c   Number         0  anon$$obj.o(Region$$Table)
    SystemCoreClock                          0x20000000   Data           4  system_gd32f4xx.o(.data)
    Count                                    0x20000004   Data           4  main.o(.data)
    flag                                     0x20000008   Data           1  main.o(.data)
    Temperature                              0x2000000c   Data           4  main.o(.data)
    id_buff                                  0x20000010   Data           8  main.o(.data)
    p                                        0x20000018   Data           4  main.o(.data)
    crc_data                                 0x2000001c   Data           1  main.o(.data)
    TimeCounter                              0x20000020   Data           4  main.o(.data)
    Hzk                                      0x20000028   Data         320  oled.o(.data)
    temp_buff                                0x20000168   Data           9  main.o(.bss)
    __libspace_start                         0x20000174   Data          96  libspace.o(.bss)
    __temporary_stack_top$libspace           0x200001d4   Data           0  libspace.o(.bss)



==============================================================================

Memory Map of the image

  Image Entry point : 0x08000189

  Load Region LR_IROM1 (Base: 0x08000000, Size: 0x000018b4, Max: 0x00080000, ABSOLUTE, COMPRESSED[0x000017e4])

    Execution Region ER_IROM1 (Exec base: 0x08000000, Load base: 0x08000000, Size: 0x0000174c, Max: 0x00080000, ABSOLUTE)

    Exec Addr    Load Addr    Size         Type   Attr      Idx    E Section Name        Object

    0x08000000   0x08000000   0x00000188   Data   RO          154    RESET               startup_gd32f407.o
    0x08000188   0x08000188   0x00000008   Code   RO         5948  * !!!main             c_w.l(__main.o)
    0x08000190   0x08000190   0x00000034   Code   RO         6109    !!!scatter          c_w.l(__scatter.o)
    0x080001c4   0x080001c4   0x0000005a   Code   RO         6107    !!dczerorl2         c_w.l(__dczerorl2.o)
    0x0800021e   0x0800021e   0x00000002   PAD
    0x08000220   0x08000220   0x0000001c   Code   RO         6111    !!handler_zi        c_w.l(__scatter_zi.o)
    0x0800023c   0x0800023c   0x00000002   Code   RO         5975    .ARM.Collect$$libinit$$00000000  c_w.l(libinit.o)
    0x0800023e   0x0800023e   0x00000004   Code   RO         5981    .ARM.Collect$$libinit$$00000001  c_w.l(libinit2.o)
    0x08000242   0x08000242   0x00000000   Code   RO         5984    .ARM.Collect$$libinit$$00000004  c_w.l(libinit2.o)
    0x08000242   0x08000242   0x00000000   Code   RO         5987    .ARM.Collect$$libinit$$0000000A  c_w.l(libinit2.o)
    0x08000242   0x08000242   0x00000000   Code   RO         5989    .ARM.Collect$$libinit$$0000000C  c_w.l(libinit2.o)
    0x08000242   0x08000242   0x00000000   Code   RO         5991    .ARM.Collect$$libinit$$0000000E  c_w.l(libinit2.o)
    0x08000242   0x08000242   0x00000000   Code   RO         5994    .ARM.Collect$$libinit$$00000011  c_w.l(libinit2.o)
    0x08000242   0x08000242   0x00000000   Code   RO         5996    .ARM.Collect$$libinit$$00000013  c_w.l(libinit2.o)
    0x08000242   0x08000242   0x00000000   Code   RO         5998    .ARM.Collect$$libinit$$00000015  c_w.l(libinit2.o)
    0x08000242   0x08000242   0x00000000   Code   RO         6000    .ARM.Collect$$libinit$$00000017  c_w.l(libinit2.o)
    0x08000242   0x08000242   0x00000000   Code   RO         6002    .ARM.Collect$$libinit$$00000019  c_w.l(libinit2.o)
    0x08000242   0x08000242   0x00000000   Code   RO         6004    .ARM.Collect$$libinit$$0000001B  c_w.l(libinit2.o)
    0x08000242   0x08000242   0x00000000   Code   RO         6006    .ARM.Collect$$libinit$$0000001D  c_w.l(libinit2.o)
    0x08000242   0x08000242   0x00000000   Code   RO         6008    .ARM.Collect$$libinit$$0000001F  c_w.l(libinit2.o)
    0x08000242   0x08000242   0x00000000   Code   RO         6010    .ARM.Collect$$libinit$$00000021  c_w.l(libinit2.o)
    0x08000242   0x08000242   0x00000000   Code   RO         6012    .ARM.Collect$$libinit$$00000023  c_w.l(libinit2.o)
    0x08000242   0x08000242   0x00000000   Code   RO         6014    .ARM.Collect$$libinit$$00000025  c_w.l(libinit2.o)
    0x08000242   0x08000242   0x00000000   Code   RO         6018    .ARM.Collect$$libinit$$0000002C  c_w.l(libinit2.o)
    0x08000242   0x08000242   0x00000000   Code   RO         6020    .ARM.Collect$$libinit$$0000002E  c_w.l(libinit2.o)
    0x08000242   0x08000242   0x00000000   Code   RO         6022    .ARM.Collect$$libinit$$00000030  c_w.l(libinit2.o)
    0x08000242   0x08000242   0x00000000   Code   RO         6024    .ARM.Collect$$libinit$$00000032  c_w.l(libinit2.o)
    0x08000242   0x08000242   0x00000002   Code   RO         6025    .ARM.Collect$$libinit$$00000033  c_w.l(libinit2.o)
    0x08000244   0x08000244   0x00000002   Code   RO         6045    .ARM.Collect$$libshutdown$$00000000  c_w.l(libshutdown.o)
    0x08000246   0x08000246   0x00000000   Code   RO         6058    .ARM.Collect$$libshutdown$$00000002  c_w.l(libshutdown2.o)
    0x08000246   0x08000246   0x00000000   Code   RO         6060    .ARM.Collect$$libshutdown$$00000004  c_w.l(libshutdown2.o)
    0x08000246   0x08000246   0x00000000   Code   RO         6062    .ARM.Collect$$libshutdown$$00000006  c_w.l(libshutdown2.o)
    0x08000246   0x08000246   0x00000000   Code   RO         6065    .ARM.Collect$$libshutdown$$00000009  c_w.l(libshutdown2.o)
    0x08000246   0x08000246   0x00000000   Code   RO         6068    .ARM.Collect$$libshutdown$$0000000C  c_w.l(libshutdown2.o)
    0x08000246   0x08000246   0x00000000   Code   RO         6070    .ARM.Collect$$libshutdown$$0000000E  c_w.l(libshutdown2.o)
    0x08000246   0x08000246   0x00000000   Code   RO         6073    .ARM.Collect$$libshutdown$$00000011  c_w.l(libshutdown2.o)
    0x08000246   0x08000246   0x00000002   Code   RO         6074    .ARM.Collect$$libshutdown$$00000012  c_w.l(libshutdown2.o)
    0x08000248   0x08000248   0x00000000   Code   RO         5950    .ARM.Collect$$rtentry$$00000000  c_w.l(__rtentry.o)
    0x08000248   0x08000248   0x00000000   Code   RO         5952    .ARM.Collect$$rtentry$$00000002  c_w.l(__rtentry2.o)
    0x08000248   0x08000248   0x00000006   Code   RO         5964    .ARM.Collect$$rtentry$$00000004  c_w.l(__rtentry4.o)
    0x0800024e   0x0800024e   0x00000000   Code   RO         5954    .ARM.Collect$$rtentry$$00000009  c_w.l(__rtentry2.o)
    0x0800024e   0x0800024e   0x00000004   Code   RO         5955    .ARM.Collect$$rtentry$$0000000A  c_w.l(__rtentry2.o)
    0x08000252   0x08000252   0x00000000   Code   RO         5957    .ARM.Collect$$rtentry$$0000000C  c_w.l(__rtentry2.o)
    0x08000252   0x08000252   0x00000008   Code   RO         5958    .ARM.Collect$$rtentry$$0000000D  c_w.l(__rtentry2.o)
    0x0800025a   0x0800025a   0x00000002   Code   RO         5979    .ARM.Collect$$rtexit$$00000000  c_w.l(rtexit.o)
    0x0800025c   0x0800025c   0x00000000   Code   RO         6027    .ARM.Collect$$rtexit$$00000002  c_w.l(rtexit2.o)
    0x0800025c   0x0800025c   0x00000004   Code   RO         6028    .ARM.Collect$$rtexit$$00000003  c_w.l(rtexit2.o)
    0x08000260   0x08000260   0x00000006   Code   RO         6029    .ARM.Collect$$rtexit$$00000004  c_w.l(rtexit2.o)
    0x08000266   0x08000266   0x00000002   PAD
    0x08000268   0x08000268   0x00000040   Code   RO          155    .text               startup_gd32f407.o
    0x080002a8   0x080002a8   0x00000006   Code   RO         5946    .text               c_w.l(heapauxi.o)
    0x080002ae   0x080002ae   0x0000004a   Code   RO         5966    .text               c_w.l(sys_stackheap_outer.o)
    0x080002f8   0x080002f8   0x00000012   Code   RO         5968    .text               c_w.l(exit.o)
    0x0800030a   0x0800030a   0x00000002   PAD
    0x0800030c   0x0800030c   0x00000008   Code   RO         5976    .text               c_w.l(libspace.o)
    0x08000314   0x08000314   0x0000000c   Code   RO         6037    .text               c_w.l(sys_exit.o)
    0x08000320   0x08000320   0x00000002   Code   RO         6048    .text               c_w.l(use_no_semi.o)
    0x08000322   0x08000322   0x00000000   Code   RO         6050    .text               c_w.l(indicate_semi.o)
    0x08000322   0x08000322   0x00000004   Code   RO         5779    i.BusFault_Handler  gd32f4xx_it.o
    0x08000326   0x08000326   0x00000046   Code   RO         5639    i.Config18b20       main.o
    0x0800036c   0x0800036c   0x00000002   Code   RO         5780    i.DebugMon_Handler  gd32f4xx_it.o
    0x0800036e   0x0800036e   0x00000014   Code   RO         5640    i.Delay_us          main.o
    0x08000382   0x08000382   0x00000002   PAD
    0x08000384   0x08000384   0x00000038   Code   RO         5641    i.GemTemp           main.o
    0x080003bc   0x080003bc   0x00000024   Code   RO         5642    i.GetTemp           main.o
    0x080003e0   0x080003e0   0x00000004   Code   RO         5781    i.HardFault_Handler  gd32f4xx_it.o
    0x080003e4   0x080003e4   0x00000088   Code   RO         5643    i.Init18b20         main.o
    0x0800046c   0x0800046c   0x00000004   Code   RO         5782    i.MemManage_Handler  gd32f4xx_it.o
    0x08000470   0x08000470   0x00000002   Code   RO         5783    i.NMI_Handler       gd32f4xx_it.o
    0x08000472   0x08000472   0x00000002   PAD
    0x08000474   0x08000474   0x00000028   Code   RO         5736    i.NVIC_SetPriority  systick.o
    0x0800049c   0x0800049c   0x00000040   Code   RO         5853    i.OLED_Clear        oled.o
    0x080004dc   0x080004dc   0x00000198   Code   RO         5857    i.OLED_Init         oled.o
    0x08000674   0x08000674   0x0000002e   Code   RO         5858    i.OLED_Set_Pos      oled.o
    0x080006a2   0x080006a2   0x00000002   PAD
    0x080006a4   0x080006a4   0x00000068   Code   RO         5859    i.OLED_ShowCHinese  oled.o
    0x0800070c   0x0800070c   0x00000070   Code   RO         5860    i.OLED_ShowChar     oled.o
    0x0800077c   0x0800077c   0x00000084   Code   RO         5861    i.OLED_ShowNum      oled.o
    0x08000800   0x08000800   0x00000036   Code   RO         5862    i.OLED_ShowString   oled.o
    0x08000836   0x08000836   0x00000002   PAD
    0x08000838   0x08000838   0x00000094   Code   RO         5863    i.OLED_WR_Byte      oled.o
    0x080008cc   0x080008cc   0x00000002   Code   RO         5784    i.PendSV_Handler    gd32f4xx_it.o
    0x080008ce   0x080008ce   0x00000002   PAD
    0x080008d0   0x080008d0   0x00000050   Code   RO         5644    i.ReadByte          main.o
    0x08000920   0x08000920   0x00000014   Code   RO         5645    i.ReadID            main.o
    0x08000934   0x08000934   0x00000002   Code   RO         5785    i.SVC_Handler       gd32f4xx_it.o
    0x08000936   0x08000936   0x00000008   Code   RO         5786    i.SysTick_Handler   gd32f4xx_it.o
    0x0800093e   0x0800093e   0x00000002   PAD
    0x08000940   0x08000940   0x000000b8   Code   RO            4    i.SystemInit        system_gd32f4xx.o
    0x080009f8   0x080009f8   0x00000028   Code   RO         5646    i.Temp_CRC          main.o
    0x08000a20   0x08000a20   0x00000054   Code   RO         5647    i.TemperatuerResult  main.o
    0x08000a74   0x08000a74   0x00000004   Code   RO         5787    i.UsageFault_Handler  gd32f4xx_it.o
    0x08000a78   0x08000a78   0x00000054   Code   RO         5648    i.WriteByte         main.o
    0x08000acc   0x08000acc   0x00000014   Code   RO         5737    i.delay_1ms         systick.o
    0x08000ae0   0x08000ae0   0x00000018   Code   RO         5738    i.delay_decrement   systick.o
    0x08000af8   0x08000af8   0x0000000a   Code   RO         2628    i.gpio_bit_write    gd32f4xx_gpio.o
    0x08000b02   0x08000b02   0x00000010   Code   RO         2630    i.gpio_input_bit_get  gd32f4xx_gpio.o
    0x08000b12   0x08000b12   0x0000004e   Code   RO         2632    i.gpio_mode_set     gd32f4xx_gpio.o
    0x08000b60   0x08000b60   0x00000042   Code   RO         2634    i.gpio_output_options_set  gd32f4xx_gpio.o
    0x08000ba2   0x08000ba2   0x00000002   PAD
    0x08000ba4   0x08000ba4   0x000000a8   Code   RO         5649    i.main              main.o
    0x08000c4c   0x08000c4c   0x00000016   Code   RO         5864    i.oled_pow          oled.o
    0x08000c62   0x08000c62   0x00000002   PAD
    0x08000c64   0x08000c64   0x00000024   Code   RO         3418    i.rcu_periph_clock_enable  gd32f4xx_rcu.o
    0x08000c88   0x08000c88   0x0000002c   Code   RO         5650    i.read_bytes        main.o
    0x08000cb4   0x08000cb4   0x000000fc   Code   RO            5    i.system_clock_168m_8m_hxtal  system_gd32f4xx.o
    0x08000db0   0x08000db0   0x00000008   Code   RO            6    i.system_clock_config  system_gd32f4xx.o
    0x08000db8   0x08000db8   0x00000050   Code   RO         5739    i.systick_config    systick.o
    0x08000e08   0x08000e08   0x0000000a   Code   RO         6035    x$fpl$fpinit        fz_wm.l(fpinit.o)
    0x08000e12   0x08000e12   0x00000100   Data   RO         5652    .constdata          main.o
    0x08000f12   0x08000f12   0x00000818   Data   RO         5865    .constdata          oled.o
    0x0800172a   0x0800172a   0x00000002   PAD
    0x0800172c   0x0800172c   0x00000020   Data   RO         6105    Region$$Table       anon$$obj.o


    Execution Region RW_IRAM1 (Exec base: 0x20000000, Load base: 0x0800174c, Size: 0x000009d8, Max: 0x00020000, ABSOLUTE, COMPRESSED[0x00000098])

    Exec Addr    Load Addr    Size         Type   Attr      Idx    E Section Name        Object

    0x20000000   COMPRESSED   0x00000004   Data   RW            7    .data               system_gd32f4xx.o
    0x20000004   COMPRESSED   0x00000020   Data   RW         5653    .data               main.o
    0x20000024   COMPRESSED   0x00000004   Data   RW         5740    .data               systick.o
    0x20000028   COMPRESSED   0x00000140   Data   RW         5866    .data               oled.o
    0x20000168        -       0x00000009   Zero   RW         5651    .bss                main.o
    0x20000171   COMPRESSED   0x00000003   PAD
    0x20000174        -       0x00000060   Zero   RW         5977    .bss                c_w.l(libspace.o)
    0x200001d4   COMPRESSED   0x00000004   PAD
    0x200001d8        -       0x00000400   Zero   RW          153    HEAP                startup_gd32f407.o
    0x200005d8        -       0x00000400   Zero   RW          152    STACK               startup_gd32f407.o


==============================================================================

Image component sizes


      Code (inc. data)   RO Data    RW Data    ZI Data      Debug   Object Name

       170          0          0          0          0       2944   gd32f4xx_gpio.o
        32          0          0          0          0       4454   gd32f4xx_it.o
        36          4          0          0          0        570   gd32f4xx_rcu.o
       838         96        256         32          9       8723   main.o
      1090         38       2072        320          0       7187   oled.o
        64         26        392          0       2048        908   startup_gd32f407.o
       444         28          0          4          0      44583   system_gd32f4xx.o
       164         24          0          4          0      29110   systick.o

    ----------------------------------------------------------------------
      2854        216       2754        360       2060      98479   Object Totals
         0          0         32          0          0          0   (incl. Generated)
        16          0          2          0          3          0   (incl. Padding)

    ----------------------------------------------------------------------

      Code (inc. data)   RO Data    RW Data    ZI Data      Debug   Library Member Name

        90          0          0          0          0          0   __dczerorl2.o
         8          0          0          0          0         68   __main.o
         0          0          0          0          0          0   __rtentry.o
        12          0          0          0          0          0   __rtentry2.o
         6          0          0          0          0          0   __rtentry4.o
        52          8          0          0          0          0   __scatter.o
        28          0          0          0          0          0   __scatter_zi.o
        18          0          0          0          0         80   exit.o
         6          0          0          0          0        152   heapauxi.o
         0          0          0          0          0          0   indicate_semi.o
         2          0          0          0          0          0   libinit.o
         6          0          0          0          0          0   libinit2.o
         2          0          0          0          0          0   libshutdown.o
         2          0          0          0          0          0   libshutdown2.o
         8          4          0          0         96         68   libspace.o
         2          0          0          0          0          0   rtexit.o
        10          0          0          0          0          0   rtexit2.o
        12          4          0          0          0         68   sys_exit.o
        74          0          0          0          0         80   sys_stackheap_outer.o
         2          0          0          0          0         68   use_no_semi.o
        10          0          0          0          0        116   fpinit.o

    ----------------------------------------------------------------------
       356         16          0          0        100        700   Library Totals
         6          0          0          0          4          0   (incl. Padding)

    ----------------------------------------------------------------------

      Code (inc. data)   RO Data    RW Data    ZI Data      Debug   Library Name

       340         16          0          0         96        584   c_w.l
        10          0          0          0          0        116   fz_wm.l

    ----------------------------------------------------------------------
       356         16          0          0        100        700   Library Totals

    ----------------------------------------------------------------------

==============================================================================


      Code (inc. data)   RO Data    RW Data    ZI Data      Debug   

      3210        232       2754        360       2160      95323   Grand Totals
      3210        232       2754        152       2160      95323   ELF Image Totals (compressed)
      3210        232       2754        152          0          0   ROM Totals

==============================================================================

    Total RO  Size (Code + RO Data)                 5964 (   5.82kB)
    Total RW  Size (RW Data + ZI Data)              2520 (   2.46kB)
    Total ROM Size (Code + RO Data + RW Data)       6116 (   5.97kB)

==============================================================================

