Component: ARM Compiler 5.06 update 7 (build 960) Tool: armlink [4d3601]

==============================================================================

Section Cross References

    main.o(i.Hardware_Init) refers to misc.o(i.NVIC_PriorityGroupConfig) for NVIC_PriorityGroupConfig
    main.o(i.Hardware_Init) refers to delay.o(i.delay_init) for delay_init
    main.o(i.Hardware_Init) refers to tba.o(i.Tba_Init) for Tba_Init
    main.o(i.Hardware_Init) refers to infrared.o(i.Infrared_Init) for Infrared_Init
    main.o(i.Hardware_Init) refers to cba.o(i.Cba_Init) for Cba_Init
    main.o(i.Hardware_Init) refers to ultrasonic.o(i.Ultrasonic_Init) for Ultrasonic_Init
    main.o(i.Hardware_Init) refers to hard_can.o(i.Hard_Can_Init) for Hard_Can_Init
    main.o(i.Hardware_Init) refers to bh1750.o(i.BH1750_Configure) for BH1750_Configure
    main.o(i.Hardware_Init) refers to bkrc_voice.o(i.BKRC_Voice_Init) for BKRC_Voice_Init
    main.o(i.Hardware_Init) refers to power_check.o(i.Electricity_Init) for Electricity_Init
    main.o(i.Hardware_Init) refers to uart_a72.o(i.UartA72_Init) for UartA72_Init
    main.o(i.Hardware_Init) refers to can_check.o(i.Can_check_Init) for Can_check_Init
    main.o(i.Hardware_Init) refers to roadway_check.o(i.roadway_check_TimInit) for roadway_check_TimInit
    main.o(i.Hardware_Init) refers to timer.o(i.Timer_Init) for Timer_Init
    main.o(i.Hardware_Init) refers to rc522.o(i.Readcard_daivce_Init) for Readcard_daivce_Init
    main.o(i.Hardware_Init) refers to ultrasonic.o(i.Ultrasonic_Ranging) for Ultrasonic_Ranging
    main.o(i.Hardware_Init) refers to infrared.o(i.Infrared_Send) for Infrared_Send
    main.o(i.Hardware_Init) refers to canp_hostcom.o(i.Send_ZigbeeData_To_Fifo) for Send_ZigbeeData_To_Fifo
    main.o(i.Hardware_Init) refers to canp_hostcom.o(i.Send_WifiData_To_Fifo) for Send_WifiData_To_Fifo
    main.o(i.Hardware_Init) refers to mixture.o(.data) for Mixture_Data
    main.o(i.main) refers to main.o(i.Hardware_Init) for Hardware_Init
    main.o(i.main) refers to timer.o(i.gt_get) for gt_get
    main.o(i.main) refers to canp_hostcom.o(i.Send_UpMotor) for Send_UpMotor
    main.o(i.main) refers to auto.o(i.xAuto_Run_Function) for xAuto_Run_Function
    main.o(i.main) refers to timer.o(i.gt_get_sub) for gt_get_sub
    main.o(i.main) refers to power_check.o(i.Power_Check) for Power_Check
    main.o(i.main) refers to rc522.o(i.Rc522_GetLinkFlag) for Rc522_GetLinkFlag
    main.o(i.main) refers to rc522.o(i.Readcard_daivce_Init) for Readcard_daivce_Init
    main.o(i.main) refers to rc522.o(i.Rc522_LinkTest) for Rc522_LinkTest
    main.o(i.main) refers to main.o(.data) for Power_check_times
    main.o(i.main) refers to mixture.o(.data) for Mixture_Data
    auto.o(i.xAuto_Run_Function) refers to memseta.o(.text) for __aeabi_memclr4
    auto.o(i.xAuto_Run_Function) refers to delay.o(i.delay_ms) for delay_ms
    auto.o(i.xAuto_Run_Function) refers to printfa.o(i.__0printf) for __2printf
    auto.o(i.xAuto_Run_Function) refers to two_code.o(i.YT1_parse_two_codes) for YT1_parse_two_codes
    auto.o(i.xAuto_Run_Function) refers to rfid.o(i.YT1_Handle_Card1_Data) for YT1_Handle_Card1_Data
    auto.o(i.xAuto_Run_Function) refers to auto.o(.data) for Run_State
    auto.o(i.xAuto_Run_Function) refers to android.o(.data) for Android_Data
    auto.o(i.xAuto_Run_Function) refers to communication.o(.data) for Rx_count
    auto.o(i.xAuto_Run_Function) refers to android.o(.bss) for Two_Code_Data_parsed_Store1
    auto.o(i.xAuto_Run_Function) refers to smart_traffic_light.o(.data) for Smart_Traffic_Data
    auto.o(i.xAuto_Run_Function) refers to motor_drive.o(.data) for Motor_Data
    auto.o(i.xAuto_Run_Function) refers to smart_street_light.o(.data) for Smart_Light_Data
    auto.o(i.xAuto_Run_Function) refers to three_dim_carport.o(.data) for CarPort_Data
    auto.o(i.xAuto_Run_Function) refers to rfid.o(.data) for RFID_Data
    auto.o(i.xAuto_Run_Function) refers to etc.o(.data) for ETC_Data
    auto.o(i.xAuto_Run_Function) refers to rc522.o(.bss) for READ_RFID1
    auto.o(i.xAuto_Run_Function) refers to smart_tft_display.o(.data) for Smart_TFT_Data
    auto.o(i.xAuto_Run_Function) refers to led_display.o(.data) for LED_Display_Data
    auto.o(i.xAuto_Run_Function) refers to strcmp.o(.text) for strcmp
    auto.o(i.xAuto_Run_Function) refers to xiaochuang.o(.data) for XiaoChuang_Data
    auto.o(i.xAuto_Run_Function) refers to voice_report.o(.data) for Voice_Report_Data
    auto.o(i.xAuto_Run_Function) refers to follow_car.o(.data) for FollowCar_Data
    auto.o(i.xAuto_Run_Function) refers to barrier_gate.o(.data) for Barrier_Data
    mixture.o(i.TIM2_IRQHandler) refers to stm32f4xx_tim.o(i.TIM_GetITStatus) for TIM_GetITStatus
    mixture.o(i.TIM2_IRQHandler) refers to stm32f4xx_gpio.o(i.GPIO_ToggleBits) for GPIO_ToggleBits
    mixture.o(i.TIM2_IRQHandler) refers to stm32f4xx_gpio.o(i.GPIO_SetBits) for GPIO_SetBits
[...]
    SDA_OUT                                  0x08004175   Thumb Code    34  bh1750.o(i.SDA_OUT)
    SYSCFG_EXTILineConfig                    0x0800419d   Thumb Code    60  stm32f4xx_syscfg.o(i.SYSCFG_EXTILineConfig)
    Send_Electric                            0x080041dd   Thumb Code    42  canp_hostcom.o(i.Send_Electric)
    Send_InfoData_To_Fifo                    0x08004209   Thumb Code    24  canp_hostcom.o(i.Send_InfoData_To_Fifo)
    Send_UpMotor                             0x08004225   Thumb Code    84  canp_hostcom.o(i.Send_UpMotor)
    Send_WifiData_To_Fifo                    0x08004279   Thumb Code    18  canp_hostcom.o(i.Send_WifiData_To_Fifo)
    Send_ZigbeeData_To_Fifo                  0x08004291   Thumb Code    18  canp_hostcom.o(i.Send_ZigbeeData_To_Fifo)
    Send_data                                0x080042a9   Thumb Code    46  rc522.o(i.Send_data)
    SetBitMask                               0x080042dd   Thumb Code    30  rc522.o(i.SetBitMask)
    Single_Write_BH1750                      0x080043e9   Thumb Code    26  bh1750.o(i.Single_Write_BH1750)
    Smoothing_Filtering                      0x08004405   Thumb Code    52  data_filtering.o(i.Smoothing_Filtering)
    SysTick_CLKSourceConfig                  0x0800443d   Thumb Code    40  misc.o(i.SysTick_CLKSourceConfig)
    SystemInit                               0x08004465   Thumb Code    88  system_stm32f4xx.o(i.SystemInit)
    TIM1_BRK_TIM9_IRQHandler                 0x080044cd   Thumb Code    32  roadway_check.o(i.TIM1_BRK_TIM9_IRQHandler)
    TIM1_UP_TIM10_IRQHandler                 0x080044f1   Thumb Code    34  timer.o(i.TIM1_UP_TIM10_IRQHandler)
    TIM2_IRQHandler                          0x0800451d   Thumb Code   170  mixture.o(i.TIM2_IRQHandler)
    TIM3_IRQHandler                          0x080045e9   Thumb Code    80  mixture.o(i.TIM3_IRQHandler)
    TIM6_DAC_IRQHandler                      0x08004645   Thumb Code    34  ultrasonic.o(i.TIM6_DAC_IRQHandler)
    TIM7_IRQHandler                          0x08004671   Thumb Code    28  can_check.o(i.TIM7_IRQHandler)
    TIM_ClearITPendingBit                    0x08004691   Thumb Code     6  stm32f4xx_tim.o(i.TIM_ClearITPendingBit)
    TIM_Cmd                                  0x08004697   Thumb Code    24  stm32f4xx_tim.o(i.TIM_Cmd)
    TIM_GetITStatus                          0x080046af   Thumb Code    34  stm32f4xx_tim.o(i.TIM_GetITStatus)
    TIM_ITConfig                             0x080046d1   Thumb Code    18  stm32f4xx_tim.o(i.TIM_ITConfig)
    TIM_InternalClockConfig                  0x080046e3   Thumb Code    12  stm32f4xx_tim.o(i.TIM_InternalClockConfig)
    TIM_TimeBaseInit                         0x080046f1   Thumb Code   104  stm32f4xx_tim.o(i.TIM_TimeBaseInit)
    Tba_Beep_Config                          0x08004775   Thumb Code    46  tba.o(i.Tba_Beep_Config)
    Tba_Init                                 0x080047a9   Thumb Code    16  tba.o(i.Tba_Init)
    Tba_Photoresistance_Config               0x080047b9   Thumb Code    38  tba.o(i.Tba_Photoresistance_Config)
    Tba_WheelLED_Config                      0x080047e5   Thumb Code    46  tba.o(i.Tba_WheelLED_Config)
    Timer_Init                               0x08004819   Thumb Code    90  timer.o(i.Timer_Init)
    Track_Check                              0x08004879   Thumb Code    48  roadway_check.o(i.Track_Check)
    Track_Correct                            0x080048b1   Thumb Code   594  roadway_check.o(i.Track_Correct)
    U8ToU16                                  0x08004b35   Thumb Code    16  my_lib.o(i.U8ToU16)
    U8ToU16_Big                              0x08004b45   Thumb Code    16  my_lib.o(i.U8ToU16_Big)
    UART4_IRQHandler                         0x08004b55   Thumb Code    10  uart_a72.o(i.UART4_IRQHandler)
    USART1_IRQHandler                        0x08004b65   Thumb Code    76  usart.o(i.USART1_IRQHandler)
    USART2_IRQHandler                        0x08004bc1   Thumb Code    28  uart_a72.o(i.USART2_IRQHandler)
    USART6_IRQHandler                        0x08004c91   Thumb Code   168  bkrc_voice.o(i.USART6_IRQHandler)
    USART6_Send_Byte                         0x08004d4d   Thumb Code    28  bkrc_voice.o(i.USART6_Send_Byte)
    USART6_Send_Length                       0x08004d6d   Thumb Code    28  bkrc_voice.o(i.USART6_Send_Length)
    USART_ClearITPendingBit                  0x08004d89   Thumb Code    30  stm32f4xx_usart.o(i.USART_ClearITPendingBit)
    USART_Cmd                                0x08004da7   Thumb Code    24  stm32f4xx_usart.o(i.USART_Cmd)
    USART_GetFlagStatus                      0x08004dbf   Thumb Code    26  stm32f4xx_usart.o(i.USART_GetFlagStatus)
    USART_GetITStatus                        0x08004dd9   Thumb Code    84  stm32f4xx_usart.o(i.USART_GetITStatus)
    USART_ITConfig                           0x08004e2d   Thumb Code    74  stm32f4xx_usart.o(i.USART_ITConfig)
    USART_Init                               0x08004e79   Thumb Code   204  stm32f4xx_usart.o(i.USART_Init)
    USART_ReceiveData                        0x08004f4d   Thumb Code    10  stm32f4xx_usart.o(i.USART_ReceiveData)
    USART_SendData                           0x08004f57   Thumb Code     8  stm32f4xx_usart.o(i.USART_SendData)
    UartA72_Init                             0x08004f61   Thumb Code    76  uart_a72.o(i.UartA72_Init)
    Uart_A72_PortInit                        0x08004fbd   Thumb Code   290  uart_a72.o(i.Uart_A72_PortInit)
    Uart_Irq                                 0x080050fd   Thumb Code   230  uart_drv.o(i.Uart_Irq)
    Ultrasonic_EXTI                          0x080051f5   Thumb Code    78  ultrasonic.o(i.Ultrasonic_EXTI)
    Ultrasonic_Init                          0x08005243   Thumb Code    20  ultrasonic.o(i.Ultrasonic_Init)
    Ultrasonic_Port                          0x08005259   Thumb Code    94  ultrasonic.o(i.Ultrasonic_Port)
    Ultrasonic_Ranging                       0x080052c1   Thumb Code    72  ultrasonic.o(i.Ultrasonic_Ranging)
    Ultrasonic_TIM                           0x08005319   Thumb Code    80  ultrasonic.o(i.Ultrasonic_TIM)
    WriteRawRC                               0x0800536d   Thumb Code    16  rc522.o(i.WriteRawRC)
    WriteRawRC_HDL                           0x0800537d   Thumb Code    68  rc522.o(i.WriteRawRC_HDL)
    XSend_Licence_To_fromcar                 0x080053c1   Thumb Code   134  follow_car.o(i.XSend_Licence_To_fromcar)
    XSend_Licence_To_fromcar1                0x08005459   Thumb Code   134  follow_car.o(i.XSend_Licence_To_fromcar1)
    XSend_Text_To_fromcar                    0x080054f1   Thumb Code   148  follow_car.o(i.XSend_Text_To_fromcar)
    XSend_dis_To_fromcar                     0x0800558d   Thumb Code    98  follow_car.o(i.XSend_dis_To_fromcar)
    XSend_temperature_To_fromcar             0x080055fd   Thumb Code   106  follow_car.o(i.XSend_temperature_To_fromcar)
    YT1_Handle_Card1_Data                    0x08005679   Thumb Code    74  rfid.o(i.YT1_Handle_Card1_Data)
    YT1_parse_two_codes                      0x080056dd   Thumb Code   230  two_code.o(i.YT1_parse_two_codes)
    __0printf                                0x080057d5   Thumb Code    22  printfa.o(i.__0printf)
    __1printf                                0x080057d5   Thumb Code     0  printfa.o(i.__0printf)
    __2printf                                0x080057d5   Thumb Code     0  printfa.o(i.__0printf)
    __c89printf                              0x080057d5   Thumb Code     0  printfa.o(i.__0printf)
    printf                                   0x080057d5   Thumb Code     0  printfa.o(i.__0printf)
    __0sprintf                               0x080057f5   Thumb Code    34  printfa.o(i.__0sprintf)
    __1sprintf                               0x080057f5   Thumb Code     0  printfa.o(i.__0sprintf)
    __2sprintf                               0x080057f5   Thumb Code     0  printfa.o(i.__0sprintf)
    __c89sprintf                             0x080057f5   Thumb Code     0  printfa.o(i.__0sprintf)
    sprintf                                  0x080057f5   Thumb Code     0  printfa.o(i.__0sprintf)
    __aeabi_errno_addr                       0x0800581d   Thumb Code     4  errno.o(i.__aeabi_errno_addr)
    __rt_errno_addr                          0x0800581d   Thumb Code     0  errno.o(i.__aeabi_errno_addr)
    __scatterload_copy                       0x08005825   Thumb Code    14  handlers.o(i.__scatterload_copy)
    __scatterload_null                       0x08005833   Thumb Code     2  handlers.o(i.__scatterload_null)
    __scatterload_zeroinit                   0x08005835   Thumb Code    14  handlers.o(i.__scatterload_zeroinit)
    delay_init                               0x080060d9   Thumb Code    52  delay.o(i.delay_init)
    delay_ms                                 0x08006115   Thumb Code    78  delay.o(i.delay_ms)
    delay_us                                 0x08006169   Thumb Code    72  delay.o(i.delay_us)
    fputc                                    0x080061b5   Thumb Code    32  uart_a72.o(i.fputc)
    gt_get                                   0x080061d9   Thumb Code     6  timer.o(i.gt_get)
    gt_get_sub                               0x080061e5   Thumb Code    26  timer.o(i.gt_get_sub)
    hasFourConsecutiveZeros                  0x080061ff   Thumb Code    36  roadway_check.o(i.hasFourConsecutiveZeros)
    hexToBin                                 0x08006223   Thumb Code    40  roadway_check.o(i.hexToBin)
    main                                     0x0800624d   Thumb Code   148  main.o(i.main)
    parseCard1                               0x080062f5   Thumb Code   134  rfid.o(i.parseCard1)
    roadway_check_TimInit                    0x080063a5   Thumb Code    90  roadway_check.o(i.roadway_check_TimInit)
    wheel_Nav_check                          0x08006405   Thumb Code    46  roadway_check.o(i.wheel_Nav_check)
    wheel_Track_check                        0x08006441   Thumb Code   148  roadway_check.o(i.wheel_Track_check)
    xAuto_Run_Function                       0x080064e5   Thumb Code  2098  auto.o(i.xAuto_Run_Function)
    xBarrier_Ack_State                       0x08006d6d   Thumb Code   100  barrier_gate.o(i.xBarrier_Ack_State)
    xBarrier_Licence_Tx                      0x08006ddd   Thumb Code   262  barrier_gate.o(i.xBarrier_Licence_Tx)
    xBarrier_Open_Close                      0x08006ef1   Thumb Code   270  barrier_gate.o(i.xBarrier_Open_Close)
    xBarrier_Up_Dowm                         0x0800700d   Thumb Code   242  barrier_gate.o(i.xBarrier_Up_Dowm)
    xBubble_Sort                             0x0800710d   Thumb Code    70  mixture.o(i.xBubble_Sort)
    xCAR_Back                                0x08007155   Thumb Code    62  motor_drive.o(i.xCAR_Back)
    xCAR_Go                                  0x08007199   Thumb Code    34  motor_drive.o(i.xCAR_Go)
    xCAR_KeyRun_Function                     0x080071c1   Thumb Code   146  mixture.o(i.xCAR_KeyRun_Function)
    xCAR_L45                                 0x08007275   Thumb Code    48  motor_drive.o(i.xCAR_L45)
    xCAR_L90                                 0x080072a9   Thumb Code    48  motor_drive.o(i.xCAR_L90)
    xCAR_R45                                 0x080072dd   Thumb Code    50  motor_drive.o(i.xCAR_R45)
    xCAR_R90                                 0x08007315   Thumb Code    50  motor_drive.o(i.xCAR_R90)
    xCAR_Track                               0x0800734d   Thumb Code    60  motor_drive.o(i.xCAR_Track)
    xCAR_Track_Correct_White                 0x080073a9   Thumb Code   396  motor_drive.o(i.xCAR_Track_Correct_White)
    xCAR_Track_Go                            0x08007551   Thumb Code    42  motor_drive.o(i.xCAR_Track_Go)
    xCAR_Track_Time                          0x08007581   Thumb Code   100  motor_drive.o(i.xCAR_Track_Time)
    xCAR_Track_White                         0x08007605   Thumb Code    40  motor_drive.o(i.xCAR_Track_White)
    xCarPort_Ack_Infrared_State              0x08007639   Thumb Code   212  three_dim_carport.o(i.xCarPort_Ack_Infrared_State)
    xCarPort_Ack_State                       0x08007719   Thumb Code   214  three_dim_carport.o(i.xCarPort_Ack_State)
    xCarPort_CarBack_Into                    0x080077fd   Thumb Code   158  three_dim_carport.o(i.xCarPort_CarBack_Into)
    xCarPort_Control_Arrive_Delay            0x080078a5   Thumb Code   118  three_dim_carport.o(i.xCarPort_Control_Arrive_Delay)
    xCarPort_Control_Arrive_Level            0x0800791d   Thumb Code   250  three_dim_carport.o(i.xCarPort_Control_Arrive_Level)
    xETC_Init_Angle_Adjust                   0x08007a39   Thumb Code   112  etc.o(i.xETC_Init_Angle_Adjust)
    xETC_Pass                                0x08007ab1   Thumb Code   164  etc.o(i.xETC_Pass)
    xETC_Pass_RFID                           0x08007b61   Thumb Code   228  etc.o(i.xETC_Pass_RFID)
    xGet_CheckSum                            0x08007c55   Thumb Code    28  mixture.o(i.xGet_CheckSum)
    xKey_Read                                0x08007c71   Thumb Code   128  mixture.o(i.xKey_Read)
    xLED_Display_Data                        0x08007cfd   Thumb Code   138  led_display.o(i.xLED_Display_Data)
    xLED_Display_Distance                    0x08007d91   Thumb Code   154  led_display.o(i.xLED_Display_Distance)
    xLED_Display_Time                        0x08007e35   Thumb Code   140  led_display.o(i.xLED_Display_Time)
    xMainCar_Send_Android                    0x08007ec9   Thumb Code    42  android.o(i.xMainCar_Send_Android)
    xMixture_Debug_Data                      0x08007ef9   Thumb Code    26  mixture.o(i.xMixture_Debug_Data)
    xMixture_Zigbe_RecceiveError_Handler     0x08007f15   Thumb Code    40  mixture.o(i.xMixture_Zigbe_RecceiveError_Handler)
    xRFID_Read                               0x08007f4d   Thumb Code   210  rfid.o(i.xRFID_Read)
    xRFID_Track_Read                         0x08008059   Thumb Code   612  rfid.o(i.xRFID_Track_Read)
    xRFID_Track_Read_L                       0x0800830d   Thumb Code   276  rfid.o(i.xRFID_Track_Read_L)
    xRFID_Track_Write                        0x0800846d   Thumb Code   106  rfid.o(i.xRFID_Track_Write)
    xRFID_Write                              0x080084ed   Thumb Code    22  rfid.o(i.xRFID_Write)
    xSend_Command_TO_FollowCar               0x08008509   Thumb Code    42  follow_car.o(i.xSend_Command_TO_FollowCar)
    xSend_Command_To_XiaoChuang              0x08008539   Thumb Code    12  xiaochuang.o(i.xSend_Command_To_XiaoChuang)
    xSend_To_XiaoChuang_Rouse                0x08008545   Thumb Code    12  xiaochuang.o(i.xSend_To_XiaoChuang_Rouse)
    xSmart_Light_Add_Level                   0x08008555   Thumb Code    90  smart_street_light.o(i.xSmart_Light_Add_Level)
    xSmart_Light_Appoint_Level               0x080085b5   Thumb Code   316  smart_street_light.o(i.xSmart_Light_Appoint_Level)
    xSmart_Light_Get_Init_Level              0x080086fd   Thumb Code    88  smart_street_light.o(i.xSmart_Light_Get_Init_Level)
    xSmart_TFT_Distance_Diaplay              0x08008759   Thumb Code   186  smart_tft_display.o(i.xSmart_TFT_Distance_Diaplay)
    xSmart_TFT_Hex_Diaplay                   0x0800881d   Thumb Code   148  smart_tft_display.o(i.xSmart_TFT_Hex_Diaplay)
    xSmart_TFT_Image_Display                 0x080088b9   Thumb Code   132  smart_tft_display.o(i.xSmart_TFT_Image_Display)
    xSmart_TFT_Image_Up_Dowm_Auto            0x08008945   Thumb Code   148  smart_tft_display.o(i.xSmart_TFT_Image_Up_Dowm_Auto)
    xSmart_TFT_Licence_Display               0x080089e1   Thumb Code   232  smart_tft_display.o(i.xSmart_TFT_Licence_Display)
    xSmart_TFT_Time_Diaplay                  0x08008ad1   Thumb Code   166  smart_tft_display.o(i.xSmart_TFT_Time_Diaplay)
    xSmart_TFT_Traffic_Flag_Diaplay          0x08008b81   Thumb Code   180  smart_tft_display.o(i.xSmart_TFT_Traffic_Flag_Diaplay)
    xSmart_Traffic_Ask_State                 0x08008c3d   Thumb Code   210  smart_traffic_light.o(i.xSmart_Traffic_Ask_State)
    xSmart_Traffic_Colour_Recognition        0x08008d25   Thumb Code   148  smart_traffic_light.o(i.xSmart_Traffic_Colour_Recognition)
    xStart_Command_To_FollowCar              0x08008dc1   Thumb Code   104  follow_car.o(i.xStart_Command_To_FollowCar)
    xTIM2_Init                               0x08008e35   Thumb Code   114  mixture.o(i.xTIM2_Init)
    xTIM3_Init                               0x08008ea9   Thumb Code   106  mixture.o(i.xTIM3_Init)
    xTba_Both_Led                            0x08008f19   Thumb Code    28  mixture.o(i.xTba_Both_Led)
    xThree_Dim_Display_Colour                0x08008f39   Thumb Code   138  three_dim_display.o(i.xThree_Dim_Display_Colour)
    xThree_Dim_Display_Custom_Add            0x08008fc9   Thumb Code   150  three_dim_display.o(i.xThree_Dim_Display_Custom_Add)
    xThree_Dim_Display_Custom_Add_2          0x08009065   Thumb Code   138  three_dim_display.o(i.xThree_Dim_Display_Custom_Add_2)
    xThree_Dim_Display_Custom_Empty          0x080090f1   Thumb Code    82  three_dim_display.o(i.xThree_Dim_Display_Custom_Empty)
    xThree_Dim_Display_Default               0x08009149   Thumb Code    56  three_dim_display.o(i.xThree_Dim_Display_Default)
    xThree_Dim_Display_Distance              0x08009185   Thumb Code    90  three_dim_display.o(i.xThree_Dim_Display_Distance)
    xThree_Dim_Display_Graph                 0x080091e5   Thumb Code   110  three_dim_display.o(i.xThree_Dim_Display_Graph)
    xThree_Dim_Display_RGB_Colour            0x08009259   Thumb Code    78  three_dim_display.o(i.xThree_Dim_Display_RGB_Colour)
    xThree_Dim_Display_Traffic_Caution       0x080092ad   Thumb Code   120  three_dim_display.o(i.xThree_Dim_Display_Traffic_Caution)
    xThree_Dim_Display_Traffic_Flag          0x08009329   Thumb Code   120  three_dim_display.o(i.xThree_Dim_Display_Traffic_Flag)
    xThree_Dim_Display_licence_coord         0x080093a5   Thumb Code   136  three_dim_display.o(i.xThree_Dim_Display_licence_coord)
    xVoice_Report_Appoint_Command            0x08009431   Thumb Code   152  voice_report.o(i.xVoice_Report_Appoint_Command)
    xVoice_Report_Complex_Control            0x080094d1   Thumb Code    96  voice_report.o(i.xVoice_Report_Complex_Control)
    xVoice_Report_InquireRTC_Current_Date    0x08009531   Thumb Code   108  voice_report.o(i.xVoice_Report_InquireRTC_Current_Date)
    xVoice_Report_InquireRTC_Current_Time    0x080095a9   Thumb Code   108  voice_report.o(i.xVoice_Report_InquireRTC_Current_Time)
    xVoice_Report_Inquire_Weather_Temperatur 0x08009621   Thumb Code   102  voice_report.o(i.xVoice_Report_Inquire_Weather_Temperatur)
    xVoice_Report_Random_Command             0x08009695   Thumb Code    84  voice_report.o(i.xVoice_Report_Random_Command)
    xVoice_Report_SetRTC_Start_Date          0x080096f1   Thumb Code   104  voice_report.o(i.xVoice_Report_SetRTC_Start_Date)
    xVoice_Report_SetRTC_Start_Time          0x08009761   Thumb Code   104  voice_report.o(i.xVoice_Report_SetRTC_Start_Time)
    xVoice_Report_Set_Complex_Command        0x080097d1   Thumb Code    74  voice_report.o(i.xVoice_Report_Set_Complex_Command)
    xVoice_Report_Set_Weather_Temperatur     0x0800981d   Thumb Code   162  voice_report.o(i.xVoice_Report_Set_Weather_Temperatur)
    xVoice_Report_Speak_Weather              0x080098c9   Thumb Code    50  voice_report.o(i.xVoice_Report_Speak_Weather)
    xVoice_Report_Speak_temperature          0x08009905   Thumb Code   160  voice_report.o(i.xVoice_Report_Speak_temperature)
    xXiaoChuang_Analyze_Rx_Command           0x080099ad   Thumb Code   232  xiaochuang.o(i.xXiaoChuang_Analyze_Rx_Command)
    xZiDongPingFen_Upload_VoiceCode          0x08009aa1   Thumb Code    90  xiaochuang.o(i.xZiDongPingFen_Upload_VoiceCode)
    bit_tab                                  0x08009afc   Data         128  my_lib.o(.constdata)
    bit_and_tab                              0x08009b7c   Data         128  my_lib.o(.constdata)
    bit4_lowhig                              0x08009bfc   Data          16  my_lib.o(.constdata)
    __ctype_table                            0x08009c0c   Data         129  ctype_o.o(.constdata)
    Region$$Table$$Base                      0x08009ca8   Number         0  anon$$obj.o(Region$$Table)
    Region$$Table$$Limit                     0x08009cc8   Number         0  anon$$obj.o(Region$$Table)
    RFID_Flag                                0x20000124   Data           1  main.o(.data)
    coordinate                               0x20000125   Data           1  main.o(.data)
    run_state                                0x20000126   Data           1  main.o(.data)
    Go_Speed                                 0x20000244   Data           1  auto.o(.data)
    wheel_Speed                              0x20000245   Data           1  auto.o(.data)
    RFID_Go_Speed                            0x20000246   Data           1  auto.o(.data)
    Go_Temp                                  0x20000248   Data           2  auto.o(.data)
    wheel_Time                               0x2000024a   Data           2  auto.o(.data)
    distance                                 0x2000024c   Data           2  auto.o(.data)
    gear_init                                0x2000024e   Data           1  auto.o(.data)
    MODE1                                    0x2000024f   Data           1  auto.o(.data)
    MODE2                                    0x20000250   Data           1  auto.o(.data)
    MODE3                                    0x20000251   Data           1  auto.o(.data)
    MODE4                                    0x20000252   Data           1  auto.o(.data)
    Run_State                                0x20000253   Data           1  auto.o(.data)
    timeout                                  0x20000254   Data           1  auto.o(.data)
    Get_Num_Cheku                            0x20000255   Data           1  auto.o(.data)
    Get_Num_LuDeng                           0x20000256   Data           1  auto.o(.data)
    Mixture_Data                             0x20000374   Data          36  mixture.o(.data)
    KeyData                                  0x20000398   Data          10  mixture.o(.data)
    Tab_Both_Led_Flag                        0x200003a2   Data           1  mixture.o(.data)
    test                                     0x200003a3   Data          10  mixture.o(.data)
    FollowCar_Data                           0x200004d0   Data          40  follow_car.o(.data)
    Follow_Send_Licence_Data_Store           0x200004f8   Data           6  follow_car.o(.data)
    fromcar_start1                           0x200004fe   Data           8  follow_car.o(.data)
    Send_temperature_To_fromcar              0x20000506   Data           8  follow_car.o(.data)
    Send_dis_To_fromcar                      0x2000050e   Data           8  follow_car.o(.data)
    Send_Licence_To_fromcar                  0x20000516   Data           8  follow_car.o(.data)
    Send_Licence_To_fromcar1                 0x2000051e   Data           8  follow_car.o(.data)
    Send_Text_To_fromcar                     0x20000526   Data           8  follow_car.o(.data)
    Android_Data                             0x2000064c   Data          20  android.o(.data)
    TFT_License_Data_Store                   0x20000660   Data           6  android.o(.data)
    TFT_Traffic_Data_Store                   0x20000666   Data           7  android.o(.data)
    TFT_GraphCount_Data_Store                0x2000066d   Data           7  android.o(.data)
    TFT_GraphColour_Data_Store               0x20000674   Data           7  android.o(.data)
    TFT_GraphAndColour_Data_Store            0x2000067b   Data           7  android.o(.data)
    TFT_Mask_Data_Store                      0x20000682   Data           7  android.o(.data)
    TFT_Words_Data_Store                     0x20000689   Data           7  android.o(.data)
    Identify_Traffic_Light                   0x20000690   Data           8  android.o(.data)
    Identify_Two_Code_Arr                    0x20000698   Data           8  android.o(.data)
    Identify_TFT_License_Arr                 0x200006a0   Data           8  android.o(.data)
    Identify_TFT_Traffic_Arr                 0x200006a8   Data           8  android.o(.data)
    Identify_TFT_GraphCount_Arr              0x200006b0   Data           8  android.o(.data)
    Identify_TFT_GraphColour_Arr             0x200006b8   Data           8  android.o(.data)
    Identify_TFT_Graph_CountAndColour_Arr    0x200006c0   Data           8  android.o(.data)
    Identify_TFT_Mask_Arr                    0x200006c8   Data           8  android.o(.data)
    Identify_TFT_Words_Arr                   0x200006d0   Data           8  android.o(.data)
    Identify_TFT_CheXin_Arr                  0x200006d8   Data           8  android.o(.data)
    App_Rx_Flag                              0x200007fc   Data           1  communication.o(.data)
    Rx_count                                 0x200007fd   Data           1  communication.o(.data)
    YT5_Carport                              0x200007fe   Data           1  communication.o(.data)
    Motor_Data                               0x20000920   Data          60  motor_drive.o(.data)
    Barrier_Data                             0x20000a78   Data          20  barrier_gate.o(.data)
    Barrier_Buf                              0x20000a8c   Data           8  barrier_gate.o(.data)
    ETC_Data                                 0x20000bb0   Data          20  etc.o(.data)
    ETC_Buf                                  0x20000bc4   Data           8  etc.o(.data)
    LED_Diaplay_Buf                          0x20000ce8   Data           8  led_display.o(.data)
    LED_Display_Data                         0x20000cf0   Data          16  led_display.o(.data)
    card2_sector_block                       0x20000e1c   Data           4  rfid.o(.data)
    card2_position                           0x20000e20   Data           3  rfid.o(.data)
    RFID_Angle_or_shizilukou_Flag            0x20000e23   Data           1  rfid.o(.data)
    Distance                                 0x20000e24   Data           2  rfid.o(.data)
    Check_Distance                           0x20000e26   Data           1  rfid.o(.data)
    RFID_Read_Flag                           0x20000e27   Data           1  rfid.o(.data)
    RFID_Num                                 0x20000e28   Data           1  rfid.o(.data)
    pos                                      0x20000e2c   Data           4  rfid.o(.data)
    RFID_Data                                0x20000e30   Data          20  rfid.o(.data)
    Smart_Light_Data                         0x20000f64   Data          12  smart_street_light.o(.data)
    Smart_Light_Buf                          0x20000f70   Data           4  smart_street_light.o(.data)
    Smart_Light_Temp                         0x20000f74   Data           8  smart_street_light.o(.data)
    Smart_TFT_Data                           0x20001098   Data          32  smart_tft_display.o(.data)
    Smart_TFT_Buf                            0x200010b8   Data           8  smart_tft_display.o(.data)
    Smart_Traffic_Data                       0x200011dc   Data          16  smart_traffic_light.o(.data)
    Smart_Traffic_Buf                        0x200011ec   Data           8  smart_traffic_light.o(.data)
    CarPort_Data                             0x20001310   Data          24  three_dim_carport.o(.data)
    Carport_Buf                              0x20001328   Data           8  three_dim_carport.o(.data)
    Three_Dim_Display_Data                   0x2000144c   Data          44  three_dim_display.o(.data)
    Three_Dim_Display_Buf                    0x20001478   Data           6  three_dim_display.o(.data)
    Voice_Report_Data                        0x2000159c   Data          56  voice_report.o(.data)
    Voice_Report_Buf                         0x200015d4   Data           8  voice_report.o(.data)
    XiaoChuang_Data                          0x200016f8   Data          16  xiaochuang.o(.data)
    XiaoChuang_be_Awakened_Arr               0x20001708   Data           5  xiaochuang.o(.data)
    XiaoChuang_Rx_Byte                       0x2000170d   Data           1  xiaochuang.o(.data)
    Ultrasonic_Value                         0x20001710   Data           4  ultrasonic.o(.data)
    Ultrasonic_Num                           0x20001714   Data           4  ultrasonic.o(.data)
    dis                                      0x20001718   Data           2  ultrasonic.o(.data)
    RX_OK                                    0x2000171a   Data           1  usart.o(.data)
    Length_num                               0x2000171b   Data           1  usart.o(.data)
    RX_Data                                  0x2000171c   Data           2  usart.o(.data)
    BUF                                      0x2000171e   Data           4  bh1750.o(.data)
    Electric_Buf                             0x20001724   Data           2  power_check.o(.data)
    Pa                                       0x20001728   Data           4  power_check.o(.data)
    Pb                                       0x2000172c   Data           4  power_check.o(.data)
    pwr_ck_l                                 0x20001730   Data           1  power_check.o(.data)
    pwr_ck_r                                 0x20001731   Data           1  power_check.o(.data)
    temp                                     0x20001732   Data           2  power_check.o(.data)
    temp2                                    0x20001734   Data           2  power_check.o(.data)
    temp_value                               0x20001736   Data           1  power_check.o(.data)
    Uart_A72_TxEmpty                         0x20001737   Data           1  uart_a72.o(.data)
    FifuBuf_A72_SRx                          0x20001738   Data           2  uart_a72.o(.data)
    uart_prot_buf                            0x20001740   Data          24  uart_drv.o(.data)
    CT                                       0x20001875   Data           2  rc522.o(.data)
    SN                                       0x20001877   Data           4  rc522.o(.data)
    Judge_READ_RFID1                         0x2000187b   Data           7  rc522.o(.data)
    Judge_READ_RFID2                         0x20001882   Data           7  rc522.o(.data)
    WRITE_RFID                               0x20001889   Data          16  rc522.o(.data)
    KEY_A                                    0x20001899   Data           6  rc522.o(.data)
    KEY_B                                    0x2000189f   Data           6  rc522.o(.data)
    ADDR_Str                                 0x200018a5   Data          14  rc522.o(.data)
    uart6_data                               0x200018b3   Data           1  bkrc_voice.o(.data)
    uart6_flag                               0x200018b4   Data           1  bkrc_voice.o(.data)
    UART6_RxData                             0x200018b5   Data           8  bkrc_voice.o(.data)
    voice_falg                               0x200018bd   Data           1  bkrc_voice.o(.data)
    YY_Init                                  0x200018be   Data           5  bkrc_voice.o(.data)
    Zigbee                                   0x200018c3   Data           8  bkrc_voice.o(.data)
    start_voice_dis                          0x200018cb   Data           5  bkrc_voice.o(.data)
    bkrc_voice_Flag                          0x200018d0   Data           1  bkrc_voice.o(.data)
    global_times                             0x200018d8   Data           4  timer.o(.data)
    delay_ms_const                           0x200018dc   Data           4  timer.o(.data)
    wheel_L_Flag                             0x20001a0c   Data           1  roadway_check.o(.data)
    wheel_R_Flag                             0x20001a0d   Data           1  roadway_check.o(.data)
    wheel_Nav_Flag                           0x20001a0e   Data           1  roadway_check.o(.data)
    Go_Flag                                  0x20001a0f   Data           1  roadway_check.o(.data)
    Back_Flag                                0x20001a10   Data           1  roadway_check.o(.data)
    Track_Flag                               0x20001a11   Data           1  roadway_check.o(.data)
    Stop_Flag                                0x20001a12   Data           1  roadway_check.o(.data)
    Line_Flag                                0x20001a13   Data           1  roadway_check.o(.data)
    count                                    0x20001a14   Data           2  roadway_check.o(.data)
    LSpeed                                   0x20001a18   Data           4  roadway_check.o(.data)
    RSpeed                                   0x20001a1c   Data           4  roadway_check.o(.data)
    Car_Spend                                0x20001a20   Data           4  roadway_check.o(.data)
    temp_MP                                  0x20001a24   Data           2  roadway_check.o(.data)
    temp_Nav                                 0x20001a26   Data           2  roadway_check.o(.data)
    Wheel_flag                               0x20001a28   Data           4  roadway_check.o(.data)
    Count_ms                                 0x20001a2c   Data           2  roadway_check.o(.data)
    Roadway_cmp                              0x20001a2e   Data           2  roadway_check.o(.data)
    Roadway_Navig                            0x20001a30   Data           2  roadway_check.o(.data)
    Mp_Value                                 0x20001a34   Data           4  roadway_check.o(.data)
    track_time_ms                            0x20001a38   Data           2  roadway_check.o(.data)
    track_time_Start                         0x20001a3a   Data           1  roadway_check.o(.data)
    Can_Filter_Flag                          0x20001a3b   Data           1  can_drv.o(.data)
    Ccp_RxFlag                               0x20001a3c   Data           1  can_drv.o(.data)
    CanP_RxFMI_Flag                          0x20001a40   Data           4  canp_hostcom.o(.data)
    ctbuf                                    0x20001a44   Data           8  canp_hostcom.o(.data)
    Track_buf                                0x20001a4c   Data           2  canp_hostcom.o(.data)
    CanHost_Mp                               0x20001a4e   Data           2  canp_hostcom.o(.data)
    CanHost_Navig                            0x20001a50   Data           2  canp_hostcom.o(.data)
    Fileter_Tab                              0x20001a52   Data          28  canp_hostcom.o(.data)
    Wifi_Rx_num                              0x20001b94   Data           1  can_user.o(.data)
    Wifi_Rx_flag                             0x20001b95   Data           1  can_user.o(.data)
    Zigbee_Rx_num                            0x20001b96   Data           1  can_user.o(.data)
    Zigbee_Rx_flag                           0x20001b97   Data           1  can_user.o(.data)
    Host_AGV_Return_Flag                     0x20001b98   Data           1  can_user.o(.data)
    AGV_data_Falg                            0x20001b99   Data           1  can_user.o(.data)
    canu_wifi_rxtime                         0x20001b9c   Data           4  can_user.o(.data)
    canu_zibe_rxtime                         0x20001ba0   Data           4  can_user.o(.data)
    GateStr                                  0x20001ba4   Data           6  can_user.o(.data)
    Rx_Flag                                  0x20001baa   Data           1  can_user.o(.data)
    __stdout                                 0x20001bac   Data           4  stdout.o(.data)
    Two_Code_Init_Data_Store                 0x20001bb4   Data         600  android.o(.bss)
    Two_Code_Data_parsed_Store1              0x20001e0c   Data          50  android.o(.bss)
    Two_Code_Data_parsed_Store2              0x20001e3e   Data          50  android.o(.bss)
    Two_Code_Data_parsed_Store3              0x20001e70   Data          50  android.o(.bss)
    Communication_Data                       0x20001ea2   Data          10  communication.o(.bss)
    FifoBuf_A72_Tx                           0x20001eac   Data          50  uart_a72.o(.bss)
    uart_struct                              0x20001ee0   Data         220  uart_drv.o(.bss)
    READ_RFID                                0x20001fbc   Data          16  rc522.o(.bss)
    Judge_READ_RFID                          0x20001fcc   Data          16  rc522.o(.bss)
    READ_RFID1                               0x20001fdc   Data          16  rc522.o(.bss)
    READ_RFID2                               0x20001fec   Data          16  rc522.o(.bss)
    READ_RFID3                               0x20001ffc   Data          16  rc522.o(.bss)
    filter_buf                               0x2000200c   Data          22  data_filtering.o(.bss)
    Fifo_Info                                0x20002074   Data          16  canp_hostcom.o(.bss)
    Fifo_WifiRx                              0x20002084   Data          16  canp_hostcom.o(.bss)
    Fifo_WifiTx                              0x20002094   Data          16  canp_hostcom.o(.bss)
    Fifo_ZigbRx                              0x200020a4   Data          16  canp_hostcom.o(.bss)
    Fifo_ZigbTx                              0x200020b4   Data          16  canp_hostcom.o(.bss)
    FifoBuf_Info                             0x200020c4   Data          50  canp_hostcom.o(.bss)
    FifoBuf_WifiRx                           0x200020f6   Data          50  canp_hostcom.o(.bss)
    FifoBuf_WifiTx                           0x20002128   Data          50  canp_hostcom.o(.bss)
    FifoBuf_ZigbRx                           0x2000215a   Data          50  canp_hostcom.o(.bss)
    FifoBuf_ZigbTx                           0x2000218c   Data          50  canp_hostcom.o(.bss)
    crm                                      0x200021c0   Data          20  canp_hostcom.o(.bss)
    crbuf                                    0x200021d4   Data          32  canp_hostcom.o(.bss)
    CanP_Cmd_SBuf                            0x200021f4   Data         140  canp_hostcom.o(.bss)
    TxMessage                                0x20002280   Data          20  hard_can.o(.bss)
    RxMessage                                0x20002294   Data          20  hard_can.o(.bss)
    Wifi_Rx_Buf                              0x200022a8   Data         200  can_user.o(.bss)
    Zigb_Rx_Buf                              0x20002370   Data         200  can_user.o(.bss)
    __initial_sp                             0x20002838   Data           0  startup_stm32f40_41xxx.o(STACK)



==============================================================================

Memory Map of the image

  Image Entry point : 0x08000189

  Load Region LR_IROM1 (Base: 0x08000000, Size: 0x0000b87c, Max: 0x00100000, ABSOLUTE, COMPRESSED[0x0000a05c])

    Execution Region ER_IROM1 (Exec base: 0x08000000, Load base: 0x08000000, Size: 0x00009cc8, Max: 0x00100000, ABSOLUTE)

    Exec Addr    Load Addr    Size         Type   Attr      Idx    E Section Name        Object

    0x08000000   0x08000000   0x00000188   Data   RO         7593    RESET               startup_stm32f40_41xxx.o
    0x08000188   0x08000188   0x00000000   Code   RO         8441  * .ARM.Collect$$$$00000000  mc_w.l(entry.o)
    0x08000188   0x08000188   0x00000004   Code   RO         8816    .ARM.Collect$$$$00000001  mc_w.l(entry2.o)
    0x0800018c   0x0800018c   0x00000004   Code   RO         8819    .ARM.Collect$$$$00000004  mc_w.l(entry5.o)
    0x08000190   0x08000190   0x00000000   Code   RO         8821    .ARM.Collect$$$$00000008  mc_w.l(entry7b.o)
    0x08000190   0x08000190   0x00000000   Code   RO         8823    .ARM.Collect$$$$0000000A  mc_w.l(entry8b.o)
    0x08000190   0x08000190   0x00000008   Code   RO         8824    .ARM.Collect$$$$0000000B  mc_w.l(entry9a.o)
    0x08000198   0x08000198   0x00000004   Code   RO         8831    .ARM.Collect$$$$0000000E  mc_w.l(entry12b.o)
    0x0800019c   0x0800019c   0x00000000   Code   RO         8826    .ARM.Collect$$$$0000000F  mc_w.l(entry10a.o)
    0x0800019c   0x0800019c   0x00000000   Code   RO         8828    .ARM.Collect$$$$00000011  mc_w.l(entry11a.o)
    0x0800019c   0x0800019c   0x00000004   Code   RO         8817    .ARM.Collect$$$$00002712  mc_w.l(entry2.o)
    0x080001a0   0x080001a0   0x00000024   Code   RO         7594    .text               startup_stm32f40_41xxx.o
    0x080001c4   0x080001c4   0x00000008   Code   RO         8444    .text               mc_w.l(ctype_o.o)
    0x080001cc   0x080001cc   0x00000012   Code   RO         8466    .text               mc_w.l(isspace_o.o)
    0x080001de   0x080001de   0x00000024   Code   RO         8472    .text               mc_w.l(memcpya.o)
    0x08000202   0x08000202   0x00000024   Code   RO         8474    .text               mc_w.l(memseta.o)
    0x08000226   0x08000226   0x00000014   Code   RO         8478    .text               mc_w.l(strchr.o)
    0x0800023a   0x0800023a   0x0000000e   Code   RO         8480    .text               mc_w.l(strlen.o)
    0x08000248   0x08000248   0x0000001c   Code   RO         8482    .text               mc_w.l(strcmp.o)
    0x08000264   0x08000264   0x00000012   Code   RO         8484    .text               mc_w.l(strcpy.o)
    0x08000276   0x08000276   0x00000002   PAD
    0x08000278   0x08000278   0x00000038   Code   RO         8755    .text               mc_w.l(__0sscanf.o)
    0x080002b0   0x080002b0   0x000000e0   Code   RO         8759    .text               mc_w.l(_scanf_str.o)
    0x08000390   0x08000390   0x0000001a   Code   RO         8761    .text               mc_w.l(atoi.o)
    0x080003aa   0x080003aa   0x0000014e   Code   RO         8763    .text               mf_w.l(dadd.o)
    0x080004f8   0x080004f8   0x000000e4   Code   RO         8765    .text               mf_w.l(dmul.o)
    0x080005dc   0x080005dc   0x000000de   Code   RO         8767    .text               mf_w.l(ddiv.o)
    0x080006ba   0x080006ba   0x00000022   Code   RO         8769    .text               mf_w.l(dflti.o)
    0x080006dc   0x080006dc   0x00000026   Code   RO         8773    .text               mf_w.l(f2d.o)
    0x08000702   0x08000702   0x00000038   Code   RO         8777    .text               mf_w.l(d2f.o)
    0x0800073a   0x0800073a   0x0000002c   Code   RO         8833    .text               mc_w.l(uidiv.o)
    0x08000766   0x08000766   0x00000062   Code   RO         8835    .text               mc_w.l(uldiv.o)
    0x080007c8   0x080007c8   0x0000001e   Code   RO         8837    .text               mc_w.l(llshl.o)
    0x080007e6   0x080007e6   0x00000020   Code   RO         8839    .text               mc_w.l(llushr.o)
    0x08000806   0x08000806   0x00000024   Code   RO         8841    .text               mc_w.l(llsshr.o)
    0x0800082a   0x0800082a   0x0000001c   Code   RO         8850    .text               mc_w.l(_chval.o)
    0x08000846   0x08000846   0x00000002   PAD
    0x08000848   0x08000848   0x00000028   Code   RO         8852    .text               mc_w.l(scanf_char.o)
    0x08000870   0x08000870   0x00000040   Code   RO         8854    .text               mc_w.l(_sgetc.o)
    0x080008b0   0x080008b0   0x00000070   Code   RO         8856    .text               mc_w.l(strtol.o)
    0x08000920   0x08000920   0x00000000   Code   RO         8858    .text               mc_w.l(iusefp.o)
    0x08000920   0x08000920   0x0000006e   Code   RO         8859    .text               mf_w.l(fepilogue.o)
    0x0800098e   0x0800098e   0x000000ba   Code   RO         8861    .text               mf_w.l(depilogue.o)
    0x08000a48   0x08000a48   0x00000030   Code   RO         8867    .text               mf_w.l(dfixul.o)
    0x08000a78   0x08000a78   0x00000030   Code   RO         8869    .text               mf_w.l(cdrcmple.o)
    0x08000aa8   0x08000aa8   0x00000024   Code   RO         8871    .text               mc_w.l(init.o)
    0x08000acc   0x08000acc   0x00000330   Code   RO         8875    .text               mc_w.l(_scanf.o)
    0x08000dfc   0x08000dfc   0x0000009e   Code   RO         8877    .text               mc_w.l(_strtoul.o)
    0x08000e9a   0x08000e9a   0x0000005e   Code   RO         8892    .text               mc_w.l(__dclz77c.o)
    0x08000ef8   0x08000ef8   0x00000006   Code   RO         2804    i.ADC_ClearFlag     stm32f4xx_adc.o
    0x08000efe   0x08000efe   0x00000016   Code   RO         2806    i.ADC_Cmd           stm32f4xx_adc.o
    0x08000f14   0x08000f14   0x00000030   Code   RO         2807    i.ADC_CommonInit    stm32f4xx_adc.o
    0x08000f44   0x08000f44   0x0000008c   Code   RO         1849    i.ADC_Configure     power_check.o
    0x08000fd0   0x08000fd0   0x00000008   Code   RO         2818    i.ADC_GetConversionValue  stm32f4xx_adc.o
    0x08000fd8   0x08000fd8   0x00000012   Code   RO         2819    i.ADC_GetFlagStatus  stm32f4xx_adc.o
    0x08000fea   0x08000fea   0x00000002   PAD
    0x08000fec   0x08000fec   0x00000054   Code   RO         2826    i.ADC_Init          stm32f4xx_adc.o
    0x08001040   0x08001040   0x000000b8   Code   RO         2831    i.ADC_RegularChannelConfig  stm32f4xx_adc.o
    0x080010f8   0x080010f8   0x0000000a   Code   RO         2833    i.ADC_SoftwareStartConv  stm32f4xx_adc.o
    0x08001102   0x08001102   0x00000002   PAD
    0x08001104   0x08001104   0x000000bc   Code   RO          529    i.Abnormal_data     communication.o
    0x080011c0   0x080011c0   0x00000018   Code   RO         1754    i.BH1750_Configure  bh1750.o
    0x080011d8   0x080011d8   0x00000050   Code   RO         1755    i.BH1750_PortInit   bh1750.o
    0x08001228   0x08001228   0x00000034   Code   RO         1756    i.BH1750_RecvACK    bh1750.o
    0x0800125c   0x0800125c   0x00000054   Code   RO         1757    i.BH1750_RecvByte   bh1750.o
    0x080012b0   0x080012b0   0x00000040   Code   RO         1758    i.BH1750_SendACK    bh1750.o
    0x080012f0   0x080012f0   0x00000058   Code   RO         1759    i.BH1750_SendByte   bh1750.o
    0x08001348   0x08001348   0x00000038   Code   RO         1760    i.BH1750_Start      bh1750.o
    0x08001380   0x08001380   0x00000030   Code   RO         1761    i.BH1750_Stop       bh1750.o
    0x080013b0   0x080013b0   0x00000008   Code   RO         2312    i.BKRC_Voice_Init   bkrc_voice.o
    0x080013b8   0x080013b8   0x00000038   Code   RO         3046    i.CAN_DeInit        stm32f4xx_can.o
    0x080013f0   0x080013f0   0x00000108   Code   RO         3048    i.CAN_FilterInit    stm32f4xx_can.o
    0x080014f8   0x080014f8   0x00000012   Code   RO         3054    i.CAN_ITConfig      stm32f4xx_can.o
    0x0800150a   0x0800150a   0x00000114   Code   RO         3055    i.CAN_Init          stm32f4xx_can.o
    0x0800161e   0x0800161e   0x0000001e   Code   RO         3056    i.CAN_MessagePending  stm32f4xx_can.o
    0x0800163c   0x0800163c   0x000000f0   Code   RO         3058    i.CAN_Receive       stm32f4xx_can.o
    0x0800172c   0x0800172c   0x00000126   Code   RO         3063    i.CAN_Transmit      stm32f4xx_can.o
    0x08001852   0x08001852   0x00000002   PAD
    0x08001854   0x08001854   0x000000a0   Code   RO         3064    i.CAN_TransmitStatus  stm32f4xx_can.o
    0x080018f4   0x080018f4   0x0000006e   Code   RO         2115    i.CalulateCRC       rc522.o
    0x08001962   0x08001962   0x00000002   PAD
    0x08001964   0x08001964   0x0000026c   Code   RO         7924    i.CanDrv_FiterUpdata  can_drv.o
    0x08001bd0   0x08001bd0   0x00000034   Code   RO         7925    i.CanDrv_Fiter_Create16bit  can_drv.o
    0x08001c04   0x08001c04   0x00000032   Code   RO         7926    i.CanDrv_Fiter_Create32bit  can_drv.o
    0x08001c36   0x08001c36   0x00000002   PAD
    0x08001c38   0x08001c38   0x00000010   Code   RO         7927    i.CanDrv_RxCheck    can_drv.o
    0x08001c48   0x08001c48   0x00000028   Code   RO         7929    i.CanDrv_RxGetMeesage  can_drv.o
    0x08001c70   0x08001c70   0x00000074   Code   RO         7930    i.CanDrv_TxData     can_drv.o
    0x08001ce4   0x08001ce4   0x00000018   Code   RO         7932    i.CanDrv_TxEmptyCheck  can_drv.o
    0x08001cfc   0x08001cfc   0x00000012   Code   RO         8015    i.CanP_CanRx_Check  canp_hostcom.o
    0x08001d0e   0x08001d0e   0x00000002   PAD
    0x08001d10   0x08001d10   0x000000b0   Code   RO         8016    i.CanP_CanRx_Irq    canp_hostcom.o
    0x08001dc0   0x08001dc0   0x00000014   Code   RO         8017    i.CanP_CanRx_TrackUp  canp_hostcom.o
    0x08001dd4   0x08001dd4   0x000000e4   Code   RO         8019    i.CanP_CanTx_Check_fIrq  canp_hostcom.o
    0x08001eb8   0x08001eb8   0x00000028   Code   RO         8021    i.CanP_Cmd_Check    canp_hostcom.o
    0x08001ee0   0x08001ee0   0x00000020   Code   RO         8022    i.CanP_Cmd_Init     canp_hostcom.o
    0x08001f00   0x08001f00   0x00000048   Code   RO         8023    i.CanP_Cmd_Send     canp_hostcom.o
    0x08001f48   0x08001f48   0x00000054   Code   RO         8024    i.CanP_Cmd_Write    canp_hostcom.o
    0x08001f9c   0x08001f9c   0x00000060   Code   RO         8025    i.CanP_FifoInit     canp_hostcom.o
    0x08001ffc   0x08001ffc   0x00000016   Code   RO         8026    i.CanP_FifoInitS    canp_hostcom.o
    0x08002012   0x08002012   0x00000002   PAD
    0x08002014   0x08002014   0x00000108   Code   RO         8027    i.CanP_Host_Main    canp_hostcom.o
    0x0800211c   0x0800211c   0x0000002c   Code   RO         8028    i.CanP_Init         canp_hostcom.o
    0x08002148   0x08002148   0x00000430   Code   RO          530    i.Can_WifiRx_Check  communication.o
    0x08002578   0x08002578   0x00000054   Code   RO         8324    i.Can_WifiRx_Save   can_user.o
    0x080025cc   0x080025cc   0x00000394   Code   RO          531    i.Can_ZigBeeRx_Check  communication.o
    0x08002960   0x08002960   0x00000054   Code   RO         8326    i.Can_ZigBeeRx_Save  can_user.o
    0x080029b4   0x080029b4   0x00000060   Code   RO         8400    i.Can_check_Init    can_check.o
    0x08002a14   0x08002a14   0x0000000c   Code   RO         8327    i.Canuser_main      can_user.o
    0x08002a20   0x08002a20   0x00000078   Code   RO         1678    i.Cba_Init          cba.o
    0x08002a98   0x08002a98   0x0000007c   Code   RO          532    i.Check_VariableLen_Packet  communication.o
    0x08002b14   0x08002b14   0x0000001e   Code   RO         2116    i.ClearBitMask      rc522.o
    0x08002b32   0x08002b32   0x0000005c   Code   RO         7757    i.Control           roadway_check.o
    0x08002b8e   0x08002b8e   0x00000002   PAD
    0x08002b90   0x08002b90   0x00000074   Code   RO         1616    i.EXTI4_IRQHandler  ultrasonic.o
    0x08002c04   0x08002c04   0x0000000c   Code   RO         4054    i.EXTI_ClearITPendingBit  stm32f4xx_exti.o
    0x08002c10   0x08002c10   0x00000018   Code   RO         4058    i.EXTI_GetITStatus  stm32f4xx_exti.o
    0x08002c28   0x08002c28   0x00000094   Code   RO         4059    i.EXTI_Init         stm32f4xx_exti.o
    0x08002cbc   0x08002cbc   0x0000000c   Code   RO         1850    i.Electricity_Init  power_check.o
    0x08002cc8   0x08002cc8   0x0000002a   Code   RO         8218    i.FifoDrv_BufRead   fifo_drv.o
    0x08002cf2   0x08002cf2   0x00000028   Code   RO         8219    i.FifoDrv_BufWrite  fifo_drv.o
    0x08002d1a   0x08002d1a   0x00000030   Code   RO         8220    i.FifoDrv_CheckReadEn  fifo_drv.o
    0x08002d4a   0x08002d4a   0x0000001c   Code   RO         8221    i.FifoDrv_CheckWriteEn  fifo_drv.o
    0x08002d66   0x08002d66   0x00000024   Code   RO         8223    i.FifoDrv_Init      fifo_drv.o
    0x08002d8a   0x08002d8a   0x00000030   Code   RO         8224    i.FifoDrv_ReadOne   fifo_drv.o
    0x08002dba   0x08002dba   0x00000024   Code   RO         8225    i.FifoDrv_StructCheck  fifo_drv.o
    0x08002dde   0x08002dde   0x0000002c   Code   RO         8226    i.FifoDrv_WriteOne  fifo_drv.o
    0x08002e0a   0x08002e0a   0x00000090   Code   RO         4547    i.GPIO_Init         stm32f4xx_gpio.o
    0x08002e9a   0x08002e9a   0x00000046   Code   RO         4548    i.GPIO_PinAFConfig  stm32f4xx_gpio.o
    0x08002ee0   0x08002ee0   0x00000012   Code   RO         4551    i.GPIO_ReadInputDataBit  stm32f4xx_gpio.o
    0x08002ef2   0x08002ef2   0x00000004   Code   RO         4554    i.GPIO_ResetBits    stm32f4xx_gpio.o
    0x08002ef6   0x08002ef6   0x00000004   Code   RO         4555    i.GPIO_SetBits      stm32f4xx_gpio.o
    0x08002efa   0x08002efa   0x00000008   Code   RO         4557    i.GPIO_ToggleBits   stm32f4xx_gpio.o
    0x08002f02   0x08002f02   0x00000002   PAD
    0x08002f04   0x08002f04   0x0000002c   Code   RO         1851    i.Get_ADC_Value     power_check.o
    0x08002f30   0x08002f30   0x00000060   Code   RO         1762    i.Get_Bh_Value      bh1750.o
    0x08002f90   0x08002f90   0x00000026   Code   RO         1852    i.Get_Electricity   power_check.o
    0x08002fb6   0x08002fb6   0x00000002   PAD
    0x08002fb8   0x08002fb8   0x00000034   Code   RO         8032    i.Get_Host_UpTrack  canp_hostcom.o
    0x08002fec   0x08002fec   0x00000068   Code   RO         7758    i.Go_and_Back_Check  roadway_check.o
    0x08003054   0x08003054   0x0000012c   Code   RO         8286    i.Hard_Can_Init     hard_can.o
    0x08003180   0x08003180   0x00000024   Code   RO         8287    i.Hard_Can_SpeedMode  hard_can.o
    0x080031a4   0x080031a4   0x00000008   Code   RO         8288    i.Hard_Can_While    hard_can.o
    0x080031ac   0x080031ac   0x00000024   Code   RO         1918    i.Hard_Uart_MurtSel  uart_a72.o
    0x080031d0   0x080031d0   0x00000088   Code   RO            3    i.Hardware_Init     main.o
    0x08003258   0x08003258   0x0000000c   Code   RO         8033    i.Host_Receive_UpTrack  canp_hostcom.o
    0x08003264   0x08003264   0x00000040   Code   RO         1590    i.Infrared_Init     infrared.o
    0x080032a4   0x080032a4   0x000000b4   Code   RO         1591    i.Infrared_Send     infrared.o
    0x08003358   0x08003358   0x00000034   Code   RO         2117    i.InitRc522         rc522.o
    0x0800338c   0x0800338c   0x0000005c   Code   RO         2118    i.M500PcdConfigISOType  rc522.o
    0x080033e8   0x080033e8   0x0000000e   Code   RO         1853    i.MLib_GetSub       power_check.o
    0x080033f6   0x080033f6   0x00000002   PAD
    0x080033f8   0x080033f8   0x0000003c   Code   RO         1763    i.Multiple_Read_BH1750  bh1750.o
    0x08003434   0x08003434   0x00000078   Code   RO         2756    i.NVIC_Init         misc.o
    0x080034ac   0x080034ac   0x00000014   Code   RO         2757    i.NVIC_PriorityGroupConfig  misc.o
    0x080034c0   0x080034c0   0x00000060   Code   RO          533    i.Normal_data       communication.o
    0x08003520   0x08003520   0x0000007c   Code   RO         1854    i.Parameter_Init    power_check.o
    0x0800359c   0x0800359c   0x0000000c   Code   RO         2119    i.PcdAntennaOff     rc522.o
    0x080035a8   0x080035a8   0x0000001a   Code   RO         2120    i.PcdAntennaOn      rc522.o
    0x080035c2   0x080035c2   0x00000070   Code   RO         2121    i.PcdAnticoll       rc522.o
    0x08003632   0x08003632   0x0000006e   Code   RO         2122    i.PcdAuthState      rc522.o
    0x080036a0   0x080036a0   0x00000132   Code   RO         2123    i.PcdComMF522       rc522.o
    0x080037d2   0x080037d2   0x00000054   Code   RO         2125    i.PcdRead           rc522.o
    0x08003826   0x08003826   0x00000054   Code   RO         2126    i.PcdRequest        rc522.o
    0x0800387a   0x0800387a   0x00000048   Code   RO         2127    i.PcdReset          rc522.o
    0x080038c2   0x080038c2   0x00000072   Code   RO         2128    i.PcdSelect         rc522.o
    0x08003934   0x08003934   0x00000092   Code   RO         2129    i.PcdWrite          rc522.o
    0x080039c6   0x080039c6   0x00000002   PAD
    0x080039c8   0x080039c8   0x0000016c   Code   RO         1855    i.Power_Check       power_check.o
    0x08003b34   0x08003b34   0x000000b4   Code   RO          534    i.PrintAndroidData_Array  communication.o
    0x08003be8   0x08003be8   0x00000154   Code   RO         2130    i.RC522             rc522.o
    0x08003d3c   0x08003d3c   0x00000094   Code   RO         2131    i.RC522_Uart_init   rc522.o
    0x08003dd0   0x08003dd0   0x00000020   Code   RO         5433    i.RCC_AHB1PeriphClockCmd  stm32f4xx_rcc.o
    0x08003df0   0x08003df0   0x00000020   Code   RO         5442    i.RCC_APB1PeriphClockCmd  stm32f4xx_rcc.o
    0x08003e10   0x08003e10   0x00000020   Code   RO         5444    i.RCC_APB1PeriphResetCmd  stm32f4xx_rcc.o
    0x08003e30   0x08003e30   0x00000020   Code   RO         5445    i.RCC_APB2PeriphClockCmd  stm32f4xx_rcc.o
    0x08003e50   0x08003e50   0x00000020   Code   RO         5447    i.RCC_APB2PeriphResetCmd  stm32f4xx_rcc.o
    0x08003e70   0x08003e70   0x000000e8   Code   RO         5454    i.RCC_GetClocksFreq  stm32f4xx_rcc.o
    0x08003f58   0x08003f58   0x00000054   Code   RO          792    i.RFID_Track        rfid.o
    0x08003fac   0x08003fac   0x00000024   Code   RO         7759    i.RFID_Track_Time   roadway_check.o
    0x08003fd0   0x08003fd0   0x0000000c   Code   RO         2132    i.Rc522_GetLinkFlag  rc522.o
    0x08003fdc   0x08003fdc   0x0000000a   Code   RO         2133    i.Rc522_LinkTest    rc522.o
    0x08003fe6   0x08003fe6   0x0000003e   Code   RO         2134    i.Rc522_OutSRst     rc522.o
    0x08004024   0x08004024   0x0000002a   Code   RO         2135    i.ReadRawRC         rc522.o
    0x0800404e   0x0800404e   0x00000018   Code   RO         2136    i.Readcard_daivce_Init  rc522.o
    0x08004066   0x08004066   0x00000002   PAD
    0x08004068   0x08004068   0x00000048   Code   RO         2137    i.Rece_data         rc522.o
    0x080040b0   0x080040b0   0x00000014   Code   RO         7760    i.Roadway_Check     roadway_check.o
    0x080040c4   0x080040c4   0x00000048   Code   RO         7761    i.Roadway_Flag_clean  roadway_check.o
    0x0800410c   0x0800410c   0x00000048   Code   RO         7763    i.Roadway_mp_Get    roadway_check.o
    0x08004154   0x08004154   0x00000020   Code   RO         1764    i.SDA_IN            bh1750.o
    0x08004174   0x08004174   0x00000028   Code   RO         1765    i.SDA_OUT           bh1750.o
    0x0800419c   0x0800419c   0x00000040   Code   RO         6728    i.SYSCFG_EXTILineConfig  stm32f4xx_syscfg.o
    0x080041dc   0x080041dc   0x0000002a   Code   RO         8036    i.Send_Electric     canp_hostcom.o
    0x08004206   0x08004206   0x00000002   PAD
    0x08004208   0x08004208   0x0000001c   Code   RO         8037    i.Send_InfoData_To_Fifo  canp_hostcom.o
    0x08004224   0x08004224   0x00000054   Code   RO         8039    i.Send_UpMotor      canp_hostcom.o
    0x08004278   0x08004278   0x00000018   Code   RO         8040    i.Send_WifiData_To_Fifo  canp_hostcom.o
    0x08004290   0x08004290   0x00000018   Code   RO         8041    i.Send_ZigbeeData_To_Fifo  canp_hostcom.o
    0x080042a8   0x080042a8   0x00000034   Code   RO         2139    i.Send_data         rc522.o
    0x080042dc   0x080042dc   0x0000001e   Code   RO         2140    i.SetBitMask        rc522.o
    0x080042fa   0x080042fa   0x00000002   PAD
    0x080042fc   0x080042fc   0x000000ec   Code   RO         7600    i.SetSysClock       system_stm32f4xx.o
    0x080043e8   0x080043e8   0x0000001a   Code   RO         1766    i.Single_Write_BH1750  bh1750.o
    0x08004402   0x08004402   0x00000002   PAD
    0x08004404   0x08004404   0x00000038   Code   RO         7895    i.Smoothing_Filtering  data_filtering.o
    0x0800443c   0x0800443c   0x00000028   Code   RO         2760    i.SysTick_CLKSourceConfig  misc.o
    0x08004464   0x08004464   0x00000068   Code   RO         7602    i.SystemInit        system_stm32f4xx.o
    0x080044cc   0x080044cc   0x00000024   Code   RO         7767    i.TIM1_BRK_TIM9_IRQHandler  roadway_check.o
    0x080044f0   0x080044f0   0x0000002c   Code   RO         2712    i.TIM1_UP_TIM10_IRQHandler  timer.o
    0x0800451c   0x0800451c   0x000000cc   Code   RO          347    i.TIM2_IRQHandler   mixture.o
    0x080045e8   0x080045e8   0x0000005c   Code   RO          348    i.TIM3_IRQHandler   mixture.o
    0x08004644   0x08004644   0x0000002c   Code   RO         1617    i.TIM6_DAC_IRQHandler  ultrasonic.o
    0x08004670   0x08004670   0x00000020   Code   RO         8401    i.TIM7_IRQHandler   can_check.o
    0x08004690   0x08004690   0x00000006   Code   RO         6792    i.TIM_ClearITPendingBit  stm32f4xx_tim.o
    0x08004696   0x08004696   0x00000018   Code   RO         6797    i.TIM_Cmd           stm32f4xx_tim.o
    0x080046ae   0x080046ae   0x00000022   Code   RO         6818    i.TIM_GetITStatus   stm32f4xx_tim.o
    0x080046d0   0x080046d0   0x00000012   Code   RO         6822    i.TIM_ITConfig      stm32f4xx_tim.o
    0x080046e2   0x080046e2   0x0000000c   Code   RO         6824    i.TIM_InternalClockConfig  stm32f4xx_tim.o
    0x080046ee   0x080046ee   0x00000002   PAD
    0x080046f0   0x080046f0   0x00000084   Code   RO         6869    i.TIM_TimeBaseInit  stm32f4xx_tim.o
    0x08004774   0x08004774   0x00000034   Code   RO         1301    i.Tba_Beep_Config   tba.o
    0x080047a8   0x080047a8   0x00000010   Code   RO         1302    i.Tba_Init          tba.o
    0x080047b8   0x080047b8   0x0000002c   Code   RO         1303    i.Tba_Photoresistance_Config  tba.o
    0x080047e4   0x080047e4   0x00000034   Code   RO         1304    i.Tba_WheelLED_Config  tba.o
    0x08004818   0x08004818   0x00000060   Code   RO         2713    i.Timer_Init        timer.o
    0x08004878   0x08004878   0x00000038   Code   RO         7768    i.Track_Check       roadway_check.o
    0x080048b0   0x080048b0   0x00000284   Code   RO         7769    i.Track_Correct     roadway_check.o
    0x08004b34   0x08004b34   0x00000010   Code   RO         7647    i.U8ToU16           my_lib.o
    0x08004b44   0x08004b44   0x00000010   Code   RO         7648    i.U8ToU16_Big       my_lib.o
    0x08004b54   0x08004b54   0x00000010   Code   RO         1919    i.UART4_IRQHandler  uart_a72.o
    0x08004b64   0x08004b64   0x0000005c   Code   RO         1700    i.USART1_IRQHandler  usart.o
    0x08004bc0   0x08004bc0   0x00000020   Code   RO         1920    i.USART2_IRQHandler  uart_a72.o
    0x08004be0   0x08004be0   0x000000b0   Code   RO         2313    i.USART6_Hardware_Init  bkrc_voice.o
    0x08004c90   0x08004c90   0x000000bc   Code   RO         2314    i.USART6_IRQHandler  bkrc_voice.o
    0x08004d4c   0x08004d4c   0x00000020   Code   RO         2315    i.USART6_Send_Byte  bkrc_voice.o
    0x08004d6c   0x08004d6c   0x0000001c   Code   RO         2316    i.USART6_Send_Length  bkrc_voice.o
    0x08004d88   0x08004d88   0x0000001e   Code   RO         7344    i.USART_ClearITPendingBit  stm32f4xx_usart.o
    0x08004da6   0x08004da6   0x00000018   Code   RO         7347    i.USART_Cmd         stm32f4xx_usart.o
    0x08004dbe   0x08004dbe   0x0000001a   Code   RO         7350    i.USART_GetFlagStatus  stm32f4xx_usart.o
    0x08004dd8   0x08004dd8   0x00000054   Code   RO         7351    i.USART_GetITStatus  stm32f4xx_usart.o
    0x08004e2c   0x08004e2c   0x0000004a   Code   RO         7353    i.USART_ITConfig    stm32f4xx_usart.o
    0x08004e76   0x08004e76   0x00000002   PAD
    0x08004e78   0x08004e78   0x000000d4   Code   RO         7354    i.USART_Init        stm32f4xx_usart.o
    0x08004f4c   0x08004f4c   0x0000000a   Code   RO         7361    i.USART_ReceiveData  stm32f4xx_usart.o
    0x08004f56   0x08004f56   0x00000008   Code   RO         7364    i.USART_SendData    stm32f4xx_usart.o
    0x08004f5e   0x08004f5e   0x00000002   PAD
    0x08004f60   0x08004f60   0x0000005c   Code   RO         1921    i.UartA72_Init      uart_a72.o
    0x08004fbc   0x08004fbc   0x00000140   Code   RO         1927    i.Uart_A72_PortInit  uart_a72.o
    0x080050fc   0x080050fc   0x000000f8   Code   RO         2022    i.Uart_Irq          uart_drv.o
    0x080051f4   0x080051f4   0x0000004e   Code   RO         1618    i.Ultrasonic_EXTI   ultrasonic.o
    0x08005242   0x08005242   0x00000014   Code   RO         1619    i.Ultrasonic_Init   ultrasonic.o
    0x08005256   0x08005256   0x00000002   PAD
    0x08005258   0x08005258   0x00000068   Code   RO         1620    i.Ultrasonic_Port   ultrasonic.o
    0x080052c0   0x080052c0   0x00000058   Code   RO         1621    i.Ultrasonic_Ranging  ultrasonic.o
    0x08005318   0x08005318   0x00000054   Code   RO         1622    i.Ultrasonic_TIM    ultrasonic.o
    0x0800536c   0x0800536c   0x00000010   Code   RO         2142    i.WriteRawRC        rc522.o
    0x0800537c   0x0800537c   0x00000044   Code   RO         2143    i.WriteRawRC_HDL    rc522.o
    0x080053c0   0x080053c0   0x00000098   Code   RO          439    i.XSend_Licence_To_fromcar  follow_car.o
    0x08005458   0x08005458   0x00000098   Code   RO          440    i.XSend_Licence_To_fromcar1  follow_car.o
    0x080054f0   0x080054f0   0x0000009c   Code   RO          441    i.XSend_Text_To_fromcar  follow_car.o
    0x0800558c   0x0800558c   0x00000070   Code   RO          442    i.XSend_dis_To_fromcar  follow_car.o
    0x080055fc   0x080055fc   0x0000007c   Code   RO          443    i.XSend_temperature_To_fromcar  follow_car.o
    0x08005678   0x08005678   0x00000064   Code   RO          793    i.YT1_Handle_Card1_Data  rfid.o
    0x080056dc   0x080056dc   0x000000f8   Code   RO         1556    i.YT1_parse_two_codes  two_code.o
    0x080057d4   0x080057d4   0x00000020   Code   RO         8727    i.__0printf         mc_w.l(printfa.o)
    0x080057f4   0x080057f4   0x00000028   Code   RO         8729    i.__0sprintf        mc_w.l(printfa.o)
    0x0800581c   0x0800581c   0x00000008   Code   RO         8843    i.__aeabi_errno_addr  mc_w.l(errno.o)
    0x08005824   0x08005824   0x0000000e   Code   RO         8886    i.__scatterload_copy  mc_w.l(handlers.o)
    0x08005832   0x08005832   0x00000002   Code   RO         8887    i.__scatterload_null  mc_w.l(handlers.o)
    0x08005834   0x08005834   0x0000000e   Code   RO         8888    i.__scatterload_zeroinit  mc_w.l(handlers.o)
    0x08005842   0x08005842   0x00000002   PAD
    0x08005844   0x08005844   0x00000184   Code   RO         8734    i._fp_digits        mc_w.l(printfa.o)
    0x080059c8   0x080059c8   0x000006b4   Code   RO         8735    i._printf_core      mc_w.l(printfa.o)
    0x0800607c   0x0800607c   0x00000024   Code   RO         8736    i._printf_post_padding  mc_w.l(printfa.o)
    0x080060a0   0x080060a0   0x0000002e   Code   RO         8737    i._printf_pre_padding  mc_w.l(printfa.o)
    0x080060ce   0x080060ce   0x0000000a   Code   RO         8739    i._sputc            mc_w.l(printfa.o)
    0x080060d8   0x080060d8   0x0000003c   Code   RO         2678    i.delay_init        delay.o
    0x08006114   0x08006114   0x00000054   Code   RO         2679    i.delay_ms          delay.o
    0x08006168   0x08006168   0x0000004c   Code   RO         2680    i.delay_us          delay.o
    0x080061b4   0x080061b4   0x00000024   Code   RO         1928    i.fputc             uart_a72.o
    0x080061d8   0x080061d8   0x0000000c   Code   RO         2714    i.gt_get            timer.o
    0x080061e4   0x080061e4   0x0000001a   Code   RO         2715    i.gt_get_sub        timer.o
    0x080061fe   0x080061fe   0x00000024   Code   RO         7770    i.hasFourConsecutiveZeros  roadway_check.o
    0x08006222   0x08006222   0x00000028   Code   RO         7771    i.hexToBin          roadway_check.o
    0x0800624a   0x0800624a   0x00000002   PAD
    0x0800624c   0x0800624c   0x000000a8   Code   RO            4    i.main              main.o
    0x080062f4   0x080062f4   0x000000b0   Code   RO          806    i.parseCard1        rfid.o
    0x080063a4   0x080063a4   0x00000060   Code   RO         7772    i.roadway_check_TimInit  roadway_check.o
    0x08006404   0x08006404   0x0000003c   Code   RO         7773    i.wheel_Nav_check   roadway_check.o
    0x08006440   0x08006440   0x000000a4   Code   RO         7774    i.wheel_Track_check  roadway_check.o
    0x080064e4   0x080064e4   0x00000888   Code   RO          307    i.xAuto_Run_Function  auto.o
    0x08006d6c   0x08006d6c   0x00000070   Code   RO          672    i.xBarrier_Ack_State  barrier_gate.o
    0x08006ddc   0x08006ddc   0x00000114   Code   RO          673    i.xBarrier_Licence_Tx  barrier_gate.o
    0x08006ef0   0x08006ef0   0x0000011c   Code   RO          674    i.xBarrier_Open_Close  barrier_gate.o
    0x0800700c   0x0800700c   0x00000100   Code   RO          675    i.xBarrier_Up_Dowm  barrier_gate.o
    0x0800710c   0x0800710c   0x00000046   Code   RO          349    i.xBubble_Sort      mixture.o
    0x08007152   0x08007152   0x00000002   PAD
    0x08007154   0x08007154   0x00000044   Code   RO          586    i.xCAR_Back         motor_drive.o
    0x08007198   0x08007198   0x00000028   Code   RO          587    i.xCAR_Go           motor_drive.o
    0x080071c0   0x080071c0   0x000000b4   Code   RO          350    i.xCAR_KeyRun_Function  mixture.o
    0x08007274   0x08007274   0x00000034   Code   RO          588    i.xCAR_L45          motor_drive.o
    0x080072a8   0x080072a8   0x00000034   Code   RO          589    i.xCAR_L90          motor_drive.o
    0x080072dc   0x080072dc   0x00000038   Code   RO          590    i.xCAR_R45          motor_drive.o
    0x08007314   0x08007314   0x00000038   Code   RO          591    i.xCAR_R90          motor_drive.o
    0x0800734c   0x0800734c   0x0000005c   Code   RO          592    i.xCAR_Track        motor_drive.o
    0x080073a8   0x080073a8   0x000001a8   Code   RO          593    i.xCAR_Track_Correct_White  motor_drive.o
    0x08007550   0x08007550   0x00000030   Code   RO          594    i.xCAR_Track_Go     motor_drive.o
    0x08007580   0x08007580   0x00000084   Code   RO          595    i.xCAR_Track_Time   motor_drive.o
    0x08007604   0x08007604   0x00000034   Code   RO          596    i.xCAR_Track_White  motor_drive.o
    0x08007638   0x08007638   0x000000e0   Code   RO         1162    i.xCarPort_Ack_Infrared_State  three_dim_carport.o
    0x08007718   0x08007718   0x000000e4   Code   RO         1163    i.xCarPort_Ack_State  three_dim_carport.o
    0x080077fc   0x080077fc   0x000000a8   Code   RO         1164    i.xCarPort_CarBack_Into  three_dim_carport.o
    0x080078a4   0x080078a4   0x00000076   Code   RO         1165    i.xCarPort_Control_Arrive_Delay  three_dim_carport.o
    0x0800791a   0x0800791a   0x00000002   PAD
    0x0800791c   0x0800791c   0x0000011c   Code   RO         1166    i.xCarPort_Control_Arrive_Level  three_dim_carport.o
    0x08007a38   0x08007a38   0x00000078   Code   RO          716    i.xETC_Init_Angle_Adjust  etc.o
    0x08007ab0   0x08007ab0   0x000000b0   Code   RO          717    i.xETC_Pass         etc.o
    0x08007b60   0x08007b60   0x000000f4   Code   RO          718    i.xETC_Pass_RFID    etc.o
    0x08007c54   0x08007c54   0x0000001c   Code   RO          351    i.xGet_CheckSum     mixture.o
    0x08007c70   0x08007c70   0x0000008c   Code   RO          352    i.xKey_Read         mixture.o
    0x08007cfc   0x08007cfc   0x00000094   Code   RO          754    i.xLED_Display_Data  led_display.o
    0x08007d90   0x08007d90   0x000000a4   Code   RO          755    i.xLED_Display_Distance  led_display.o
    0x08007e34   0x08007e34   0x00000094   Code   RO          756    i.xLED_Display_Time  led_display.o
    0x08007ec8   0x08007ec8   0x00000030   Code   RO          502    i.xMainCar_Send_Android  android.o
    0x08007ef8   0x08007ef8   0x0000001a   Code   RO          353    i.xMixture_Debug_Data  mixture.o
    0x08007f12   0x08007f12   0x00000002   PAD
    0x08007f14   0x08007f14   0x00000038   Code   RO          354    i.xMixture_Zigbe_RecceiveError_Handler  mixture.o
    0x08007f4c   0x08007f4c   0x0000010c   Code   RO          816    i.xRFID_Read        rfid.o
    0x08008058   0x08008058   0x000002b4   Code   RO          817    i.xRFID_Track_Read  rfid.o
    0x0800830c   0x0800830c   0x00000160   Code   RO          818    i.xRFID_Track_Read_L  rfid.o
    0x0800846c   0x0800846c   0x00000080   Code   RO          819    i.xRFID_Track_Write  rfid.o
    0x080084ec   0x080084ec   0x0000001c   Code   RO          820    i.xRFID_Write       rfid.o
    0x08008508   0x08008508   0x00000030   Code   RO          444    i.xSend_Command_TO_FollowCar  follow_car.o
    0x08008538   0x08008538   0x0000000c   Code   RO         1512    i.xSend_Command_To_XiaoChuang  xiaochuang.o
    0x08008544   0x08008544   0x00000010   Code   RO         1513    i.xSend_To_XiaoChuang_Rouse  xiaochuang.o
    0x08008554   0x08008554   0x00000060   Code   RO          998    i.xSmart_Light_Add_Level  smart_street_light.o
    0x080085b4   0x080085b4   0x00000148   Code   RO          999    i.xSmart_Light_Appoint_Level  smart_street_light.o
    0x080086fc   0x080086fc   0x0000005c   Code   RO         1000    i.xSmart_Light_Get_Init_Level  smart_street_light.o
    0x08008758   0x08008758   0x000000c4   Code   RO         1036    i.xSmart_TFT_Distance_Diaplay  smart_tft_display.o
    0x0800881c   0x0800881c   0x0000009c   Code   RO         1037    i.xSmart_TFT_Hex_Diaplay  smart_tft_display.o
    0x080088b8   0x080088b8   0x0000008c   Code   RO         1038    i.xSmart_TFT_Image_Display  smart_tft_display.o
    0x08008944   0x08008944   0x0000009c   Code   RO         1039    i.xSmart_TFT_Image_Up_Dowm_Auto  smart_tft_display.o
    0x080089e0   0x080089e0   0x000000f0   Code   RO         1040    i.xSmart_TFT_Licence_Display  smart_tft_display.o
    0x08008ad0   0x08008ad0   0x000000b0   Code   RO         1041    i.xSmart_TFT_Time_Diaplay  smart_tft_display.o
    0x08008b80   0x08008b80   0x000000bc   Code   RO         1042    i.xSmart_TFT_Traffic_Flag_Diaplay  smart_tft_display.o
    0x08008c3c   0x08008c3c   0x000000e8   Code   RO         1098    i.xSmart_Traffic_Ask_State  smart_traffic_light.o
    0x08008d24   0x08008d24   0x0000009c   Code   RO         1099    i.xSmart_Traffic_Colour_Recognition  smart_traffic_light.o
    0x08008dc0   0x08008dc0   0x00000074   Code   RO          445    i.xStart_Command_To_FollowCar  follow_car.o
    0x08008e34   0x08008e34   0x00000072   Code   RO          355    i.xTIM2_Init        mixture.o
    0x08008ea6   0x08008ea6   0x00000002   PAD
    0x08008ea8   0x08008ea8   0x00000070   Code   RO          356    i.xTIM3_Init        mixture.o
    0x08008f18   0x08008f18   0x00000020   Code   RO          357    i.xTba_Both_Led     mixture.o
    0x08008f38   0x08008f38   0x00000090   Code   RO         1212    i.xThree_Dim_Display_Colour  three_dim_display.o
    0x08008fc8   0x08008fc8   0x0000009c   Code   RO         1213    i.xThree_Dim_Display_Custom_Add  three_dim_display.o
    0x08009064   0x08009064   0x0000008a   Code   RO         1214    i.xThree_Dim_Display_Custom_Add_2  three_dim_display.o
    0x080090ee   0x080090ee   0x00000002   PAD
    0x080090f0   0x080090f0   0x00000058   Code   RO         1215    i.xThree_Dim_Display_Custom_Empty  three_dim_display.o
    0x08009148   0x08009148   0x0000003c   Code   RO         1216    i.xThree_Dim_Display_Default  three_dim_display.o
    0x08009184   0x08009184   0x00000060   Code   RO         1217    i.xThree_Dim_Display_Distance  three_dim_display.o
    0x080091e4   0x080091e4   0x00000074   Code   RO         1218    i.xThree_Dim_Display_Graph  three_dim_display.o
    0x08009258   0x08009258   0x00000054   Code   RO         1219    i.xThree_Dim_Display_RGB_Colour  three_dim_display.o
    0x080092ac   0x080092ac   0x0000007c   Code   RO         1220    i.xThree_Dim_Display_Traffic_Caution  three_dim_display.o
    0x08009328   0x08009328   0x0000007c   Code   RO         1221    i.xThree_Dim_Display_Traffic_Flag  three_dim_display.o
    0x080093a4   0x080093a4   0x0000008c   Code   RO         1222    i.xThree_Dim_Display_licence_coord  three_dim_display.o
    0x08009430   0x08009430   0x000000a0   Code   RO         1356    i.xVoice_Report_Appoint_Command  voice_report.o
    0x080094d0   0x080094d0   0x00000060   Code   RO         1357    i.xVoice_Report_Complex_Control  voice_report.o
    0x08009530   0x08009530   0x00000078   Code   RO         1358    i.xVoice_Report_InquireRTC_Current_Date  voice_report.o
    0x080095a8   0x080095a8   0x00000078   Code   RO         1359    i.xVoice_Report_InquireRTC_Current_Time  voice_report.o
    0x08009620   0x08009620   0x00000074   Code   RO         1360    i.xVoice_Report_Inquire_Weather_Temperatur  voice_report.o
    0x08009694   0x08009694   0x0000005c   Code   RO         1361    i.xVoice_Report_Random_Command  voice_report.o
    0x080096f0   0x080096f0   0x00000070   Code   RO         1362    i.xVoice_Report_SetRTC_Start_Date  voice_report.o
    0x08009760   0x08009760   0x00000070   Code   RO         1363    i.xVoice_Report_SetRTC_Start_Time  voice_report.o
    0x080097d0   0x080097d0   0x0000004a   Code   RO         1364    i.xVoice_Report_Set_Complex_Command  voice_report.o
    0x0800981a   0x0800981a   0x00000002   PAD
    0x0800981c   0x0800981c   0x000000ac   Code   RO         1365    i.xVoice_Report_Set_Weather_Temperatur  voice_report.o
    0x080098c8   0x080098c8   0x0000003c   Code   RO         1366    i.xVoice_Report_Speak_Weather  voice_report.o
    0x08009904   0x08009904   0x000000a8   Code   RO         1367    i.xVoice_Report_Speak_temperature  voice_report.o
    0x080099ac   0x080099ac   0x000000f4   Code   RO         1514    i.xXiaoChuang_Analyze_Rx_Command  xiaochuang.o
    0x08009aa0   0x08009aa0   0x0000005a   Code   RO         1515    i.xZiDongPingFen_Upload_VoiceCode  xiaochuang.o
    0x08009afa   0x08009afa   0x00000002   PAD
    0x08009afc   0x08009afc   0x00000110   Data   RO         7650    .constdata          my_lib.o
    0x08009c0c   0x08009c0c   0x00000081   Data   RO         8445    .constdata          mc_w.l(ctype_o.o)
    0x08009c8d   0x08009c8d   0x00000003   PAD
    0x08009c90   0x08009c90   0x00000004   Data   RO         8446    .constdata          mc_w.l(ctype_o.o)
    0x08009c94   0x08009c94   0x00000011   Data   RO          823    .conststring        rfid.o
    0x08009ca5   0x08009ca5   0x00000003   PAD
    0x08009ca8   0x08009ca8   0x00000020   Data   RO         8884    Region$$Table       anon$$obj.o


    Execution Region RW_IRAM2 (Exec base: 0x10000000, Load base: 0x0800a05c, Size: 0x00000000, Max: 0x00010000, ABSOLUTE)

    **** No section assigned to this execution region ****


    Execution Region RW_IRAM1 (Exec base: 0x20000000, Load base: 0x08009cc8, Size: 0x00002838, Max: 0x00020000, ABSOLUTE, COMPRESSED[0x00000394])

    Exec Addr    Load Addr    Size         Type   Attr      Idx    E Section Name        Object

    0x20000000   COMPRESSED   0x00000127   Data   RW            5    .data               main.o
    0x20000127   COMPRESSED   0x00000001   PAD
    0x20000128   COMPRESSED   0x0000012f   Data   RW          308    .data               auto.o
    0x20000257   COMPRESSED   0x00000001   PAD
    0x20000258   COMPRESSED   0x0000015a   Data   RW          358    .data               mixture.o
    0x200003b2   COMPRESSED   0x00000002   PAD
    0x200003b4   COMPRESSED   0x0000017a   Data   RW          446    .data               follow_car.o
    0x2000052e   COMPRESSED   0x00000002   PAD
    0x20000530   COMPRESSED   0x000001b0   Data   RW          504    .data               android.o
    0x200006e0   COMPRESSED   0x00000122   Data   RW          536    .data               communication.o
    0x20000802   COMPRESSED   0x00000002   PAD
    0x20000804   COMPRESSED   0x00000158   Data   RW          597    .data               motor_drive.o
    0x2000095c   COMPRESSED   0x00000138   Data   RW          676    .data               barrier_gate.o
    0x20000a94   COMPRESSED   0x00000138   Data   RW          719    .data               etc.o
    0x20000bcc   COMPRESSED   0x00000134   Data   RW          757    .data               led_display.o
    0x20000d00   COMPRESSED   0x00000148   Data   RW          824    .data               rfid.o
    0x20000e48   COMPRESSED   0x00000134   Data   RW         1001    .data               smart_street_light.o
    0x20000f7c   COMPRESSED   0x00000144   Data   RW         1043    .data               smart_tft_display.o
    0x200010c0   COMPRESSED   0x00000134   Data   RW         1100    .data               smart_traffic_light.o
    0x200011f4   COMPRESSED   0x0000013c   Data   RW         1167    .data               three_dim_carport.o
    0x20001330   COMPRESSED   0x0000014e   Data   RW         1223    .data               three_dim_display.o
    0x2000147e   COMPRESSED   0x00000002   PAD
    0x20001480   COMPRESSED   0x0000015c   Data   RW         1368    .data               voice_report.o
    0x200015dc   COMPRESSED   0x00000132   Data   RW         1516    .data               xiaochuang.o
    0x2000170e   COMPRESSED   0x00000002   PAD
    0x20001710   COMPRESSED   0x0000000a   Data   RW         1623    .data               ultrasonic.o
    0x2000171a   COMPRESSED   0x00000004   Data   RW         1704    .data               usart.o
    0x2000171e   COMPRESSED   0x00000004   Data   RW         1767    .data               bh1750.o
    0x20001722   COMPRESSED   0x00000002   PAD
    0x20001724   COMPRESSED   0x00000013   Data   RW         1856    .data               power_check.o
    0x20001737   COMPRESSED   0x00000003   Data   RW         1930    .data               uart_a72.o
    0x2000173a   COMPRESSED   0x00000002   PAD
    0x2000173c   COMPRESSED   0x0000001c   Data   RW         2025    .data               uart_drv.o
    0x20001758   COMPRESSED   0x0000015b   Data   RW         2145    .data               rc522.o
    0x200018b3   COMPRESSED   0x0000001e   Data   RW         2320    .data               bkrc_voice.o
    0x200018d1   COMPRESSED   0x00000001   PAD
    0x200018d2   COMPRESSED   0x00000004   Data   RW         2681    .data               delay.o
    0x200018d6   COMPRESSED   0x00000002   PAD
    0x200018d8   COMPRESSED   0x00000008   Data   RW         2716    .data               timer.o
    0x200018e0   COMPRESSED   0x00000010   Data   RW         5486    .data               stm32f4xx_rcc.o
    0x200018f0   COMPRESSED   0x0000014b   Data   RW         7775    .data               roadway_check.o
    0x20001a3b   COMPRESSED   0x00000002   Data   RW         7937    .data               can_drv.o
    0x20001a3d   COMPRESSED   0x00000003   PAD
    0x20001a40   COMPRESSED   0x00000037   Data   RW         8046    .data               canp_hostcom.o
    0x20001a77   COMPRESSED   0x00000001   PAD
    0x20001a78   COMPRESSED   0x00000134   Data   RW         8331    .data               can_user.o
    0x20001bac   COMPRESSED   0x00000004   Data   RW         8832    .data               mc_w.l(stdout.o)
    0x20001bb0   COMPRESSED   0x00000004   Data   RW         8846    .data               mc_w.l(errno.o)
    0x20001bb4        -       0x000002ee   Zero   RW          503    .bss                android.o
    0x20001ea2        -       0x0000000a   Zero   RW          535    .bss                communication.o
    0x20001eac        -       0x00000032   Zero   RW         1929    .bss                uart_a72.o
    0x20001ede   COMPRESSED   0x00000002   PAD
    0x20001ee0        -       0x000000dc   Zero   RW         2024    .bss                uart_drv.o
    0x20001fbc        -       0x00000050   Zero   RW         2144    .bss                rc522.o
    0x2000200c        -       0x00000040   Zero   RW         7896    .bss                data_filtering.o
    0x2000204c        -       0x00000028   Zero   RW         7936    .bss                can_drv.o
    0x20002074        -       0x0000020c   Zero   RW         8045    .bss                canp_hostcom.o
    0x20002280        -       0x00000028   Zero   RW         8289    .bss                hard_can.o
    0x200022a8        -       0x00000190   Zero   RW         8330    .bss                can_user.o
    0x20002438        -       0x00000400   Zero   RW         7591    STACK               startup_stm32f40_41xxx.o


==============================================================================

Image component sizes


      Code (inc. data)   RO Data    RW Data    ZI Data      Debug   Object Name

        48          6          0        432        750       4485   android.o
      2184        224          0        303          0       3207   auto.o
       928         54          0        312          0       5319   barrier_gate.o
       750         96          0          4          0       7857   bh1750.o
       432         32          0         30          0       4005   bkrc_voice.o
       128         10          0          0          0       1167   can_check.o
       918         30          0          2         40       6647   can_drv.o
       180         36          0        308        400       4393   can_user.o
      1362        206          0         55        524      14757   canp_hostcom.o
       120          8          0          0          0        563   cba.o
      2576        246          0        290         10       7545   communication.o
        56          4          0          0         64       1841   data_filtering.o
       220         18          0          4          0       1811   delay.o
       540         36          0        312          0       4093   etc.o
       322          0          0          0          0       5344   fifo_drv.o
       860         94          0        378          0       7846   follow_car.o
       344         22          0          0         40       2980   hard_can.o
       244         18          0          0          0       1644   infrared.o
       460         28          0        308          0       4483   led_display.o
       304         24          0        295          0     319761   main.o
       180         24          0          0          0       1977   misc.o
      1054        118          0        346          0       9363   mixture.o
      1072        142          0        344          0       8872   motor_drive.o
        32          0        272          0          0       2438   my_lib.o
       736         68          0         19          0       5127   power_check.o
      2226        108          0        347         80      19917   rc522.o
      1828        344         17        328          0       9183   rfid.o
      1528        164          0        331          0      10315   roadway_check.o
       516         22          0        308          0       4812   smart_street_light.o
      1252         68          0        324          0       8434   smart_tft_display.o
       388         30          0        308          0       3938   smart_traffic_light.o
        36          8        392          0       1024        820   startup_stm32f40_41xxx.o
       380         24          0          0          0       5878   stm32f4xx_adc.o
      1338         34          0          0          0       6163   stm32f4xx_can.o
       184         16          0          0          0       1992   stm32f4xx_exti.o
       248          0          0          0          0       3905   stm32f4xx_gpio.o
       392         48          0         16          0       5641   stm32f4xx_rcc.o
        64          4          0          0          0        628   stm32f4xx_syscfg.o
       226         28          0          0          0       4032   stm32f4xx_tim.o
       468          8          0          0          0       5907   stm32f4xx_usart.o
         0          0          0          0          0        376   swopt_drv.o
       340         32          0          0          0       1465   system_stm32f4xx.o
       164         18          0          0          0       2108   tba.o
      1022         70          0        316          0       7038   three_dim_carport.o
      1270         84          0        334          0      11471   three_dim_display.o
       178         22          0          8          0       2704   timer.o
       248         18          0          0          0       1102   two_code.o
       532         66          0          3         50       4412   uart_a72.o
       248         18          0         28        220       2223   uart_drv.o
       534         66          0         10          0       4255   ultrasonic.o
        92         16          0          4          0       1147   usart.o
      1402        114          0        348          0      11970   voice_report.o
       362         42          0        306          0       4581   xiaochuang.o

    ----------------------------------------------------------------------
     33572       3016        716       7084       3204     583942   Object Totals
         0          0         32          0          0          0   (incl. Generated)
        56          0          3         23          2          0   (incl. Padding)

    ----------------------------------------------------------------------

      Code (inc. data)   RO Data    RW Data    ZI Data      Debug   Library Member Name

        56          8          0          0          0         84   __0sscanf.o
        94          0          0          0          0          0   __dclz77c.o
        28          0          0          0          0         68   _chval.o
       816          6          0          0          0        112   _scanf.o
       224          0          0          0          0         96   _scanf_str.o
        64          0          0          0          0         84   _sgetc.o
       158          0          0          0          0         92   _strtoul.o
        26          0          0          0          0         80   atoi.o
         8          4        133          0          0         68   ctype_o.o
         0          0          0          0          0          0   entry.o
         0          0          0          0          0          0   entry10a.o
         0          0          0          0          0          0   entry11a.o
         4          0          0          0          0          0   entry12b.o
         8          4          0          0          0          0   entry2.o
         4          0          0          0          0          0   entry5.o
         0          0          0          0          0          0   entry7b.o
         0          0          0          0          0          0   entry8b.o
         8          4          0          0          0          0   entry9a.o
         8          4          0          4          0         68   errno.o
        30          0          0          0          0          0   handlers.o
        36          8          0          0          0         68   init.o
        18          0          0          0          0         76   isspace_o.o
         0          0          0          0          0          0   iusefp.o
        30          0          0          0          0         68   llshl.o
        36          0          0          0          0         68   llsshr.o
        32          0          0          0          0         68   llushr.o
        36          0          0          0          0         68   memcpya.o
        36          0          0          0          0        108   memseta.o
      2268         96          0          0          0        616   printfa.o
        40          8          0          0          0         84   scanf_char.o
         0          0          0          4          0          0   stdout.o
        20          0          0          0          0         68   strchr.o
        28          0          0          0          0         76   strcmp.o
        18          0          0          0          0         68   strcpy.o
        14          0          0          0          0         68   strlen.o
       112          0          0          0          0         88   strtol.o
        44          0          0          0          0         80   uidiv.o
        98          0          0          0          0         92   uldiv.o
        48          0          0          0          0         68   cdrcmple.o
        56          0          0          0          0         88   d2f.o
       334          0          0          0          0        148   dadd.o
       222          0          0          0          0        100   ddiv.o
       186          0          0          0          0        176   depilogue.o
        48          0          0          0          0         68   dfixul.o
        34          0          0          0          0         76   dflti.o
       228          0          0          0          0         96   dmul.o
        38          0          0          0          0         68   f2d.o
       110          0          0          0          0        168   fepilogue.o

    ----------------------------------------------------------------------
      5712        142        136          8          0       3572   Library Totals
         6          0          3          0          0          0   (incl. Padding)

    ----------------------------------------------------------------------

      Code (inc. data)   RO Data    RW Data    ZI Data      Debug   Library Name

      4402        142        133          8          0       2516   mc_w.l
      1304          0          0          0          0       1056   mf_w.l

    ----------------------------------------------------------------------
      5712        142        136          8          0       3572   Library Totals

    ----------------------------------------------------------------------

==============================================================================


      Code (inc. data)   RO Data    RW Data    ZI Data      Debug   

     39284       3158        852       7092       3204     557174   Grand Totals
     39284       3158        852        916       3204     557174   ELF Image Totals (compressed)
     39284       3158        852        916          0          0   ROM Totals

==============================================================================

    Total RO  Size (Code + RO Data)                40136 (  39.20kB)
    Total RW  Size (RW Data + ZI Data)             10296 (  10.05kB)
    Total ROM Size (Code + RO Data + RW Data)      41052 (  40.09kB)

==============================================================================

